Component: ARM Compiler 5.06 update 4 (build 422) Tool: armlink [4d35d2]

==============================================================================

Section Cross References

    main.o(i.AutoTimerCallback) refers to _printf_percent.o(.ARM.Collect$$_printf_percent$$00000000) for _printf_percent
    main.o(i.AutoTimerCallback) refers to _printf_d.o(.ARM.Collect$$_printf_percent$$00000009) for _printf_d
    main.o(i.AutoTimerCallback) refers to _printf_s.o(.ARM.Collect$$_printf_percent$$00000014) for _printf_s
    main.o(i.AutoTimerCallback) refers to _printf_dec.o(.text) for _printf_int_dec
    main.o(i.AutoTimerCallback) refers to _printf_str.o(.text) for _printf_str
    main.o(i.AutoTimerCallback) refers to noretval__2printf.o(.text) for __2printf
    main.o(i.AutoTimerCallback) refers to stm32f10x_adc.o(i.ADC_SoftwareStartConvCmd) for ADC_SoftwareStartConvCmd
    main.o(i.AutoTimerCallback) refers to delay.o(i.delay_xms) for delay_xms
    main.o(i.AutoTimerCallback) refers to tasks.o(i.eTaskGetState) for eTaskGetState
    main.o(i.AutoTimerCallback) refers to tasks.o(i.vTaskResume) for vTaskResume
    main.o(i.AutoTimerCallback) refers to main.o(.data) for timnum
    main.o(i.Board_Init) refers to stm32f10x_rcc.o(i.RCC_APB2PeriphClockCmd) for RCC_APB2PeriphClockCmd
    main.o(i.Board_Init) refers to stm32f10x_gpio.o(i.GPIO_Init) for GPIO_Init
    main.o(i.LED_task) refers to inv_mpu.o(i.mpu_init) for mpu_init
    main.o(i.LED_task) refers to mpu9250.o(i.DMPSetup) for DMPSetup
    main.o(i.LED_task) refers to inv_mpu_dmp_motion_driver.o(i.dmp_load_motion_driver_firmware) for dmp_load_motion_driver_firmware
    main.o(i.LED_task) refers to ml_math_func.o(i.inv_orientation_matrix_to_scalar) for inv_orientation_matrix_to_scalar
    main.o(i.LED_task) refers to inv_mpu_dmp_motion_driver.o(i.dmp_set_orientation) for dmp_set_orientation
    main.o(i.LED_task) refers to inv_mpu_dmp_motion_driver.o(i.dmp_register_tap_cb) for dmp_register_tap_cb
    main.o(i.LED_task) refers to inv_mpu_dmp_motion_driver.o(i.dmp_register_android_orient_cb) for dmp_register_android_orient_cb
    main.o(i.LED_task) refers to inv_mpu_dmp_motion_driver.o(i.dmp_enable_feature) for dmp_enable_feature
    main.o(i.LED_task) refers to inv_mpu_dmp_motion_driver.o(i.dmp_set_fifo_rate) for dmp_set_fifo_rate
    main.o(i.LED_task) refers to main.o(i.run_self_test) for run_self_test
    main.o(i.LED_task) refers to inv_mpu.o(i.mpu_set_dmp_state) for mpu_set_dmp_state
    main.o(i.LED_task) refers to tasks.o(i.vTaskResume) for vTaskResume
    main.o(i.LED_task) refers to tasks.o(i.vTaskDelay) for vTaskDelay
    main.o(i.LED_task) refers to main.o(.bss) for gSensor
    main.o(i.LED_task) refers to main.o(.data) for int_param
    main.o(i.LED_task) refers to main.o(i.tap_cb) for tap_cb
    main.o(i.LED_task) refers to main.o(i.android_orient_cb) for android_orient_cb
    main.o(i.android_orient_cb) refers to noretval__2printf.o(.text) for __2printf
    main.o(i.event_task) refers to event_groups.o(i.xEventGroupWaitBits) for xEventGroupWaitBits
    main.o(i.event_task) refers to can.o(i.Uavcan_Broadcast) for Uavcan_Broadcast
    main.o(i.event_task) refers to tasks.o(i.vTaskDelay) for vTaskDelay
    main.o(i.event_task) refers to main.o(.data) for EventGroupHandle
    main.o(i.imu_task) refers to _printf_percent.o(.ARM.Collect$$_printf_percent$$00000000) for _printf_percent
    main.o(i.imu_task) refers to _printf_d.o(.ARM.Collect$$_printf_percent$$00000009) for _printf_d
    main.o(i.imu_task) refers to _printf_dec.o(.text) for _printf_int_dec
    main.o(i.imu_task) refers to tasks.o(i.xTaskGetTickCount) for xTaskGetTickCount
    main.o(i.imu_task) refers to port.o(i.vPortEnterCritical) for vPortEnterCritical
    main.o(i.imu_task) refers to inv_mpu_dmp_motion_driver.o(i.dmp_read_fifo) for dmp_read_fifo
    main.o(i.imu_task) refers to noretval__2printf.o(.text) for __2printf
    main.o(i.imu_task) refers to tasks.o(i.vTaskSuspend) for vTaskSuspend
    main.o(i.imu_task) refers to event_groups.o(i.xEventGroupSetBits) for xEventGroupSetBits
    main.o(i.imu_task) refers to port.o(i.vPortExitCritical) for vPortExitCritical
    main.o(i.imu_task) refers to tasks.o(i.vTaskDelayUntil) for vTaskDelayUntil
    main.o(i.imu_task) refers to main.o(.bss) for gSensor
    main.o(i.imu_task) refers to main.o(.data) for errcode
    main.o(i.interrupt_task) refers to tasks.o(i.vTaskDelay) for vTaskDelay
    main.o(i.interrupt_task) refers to main.o(.data) for total_num
    main.o(i.main) refers to _printf_percent.o(.ARM.Collect$$_printf_percent$$00000000) for _printf_percent
    main.o(i.main) refers to _printf_d.o(.ARM.Collect$$_printf_percent$$00000009) for _printf_d
    main.o(i.main) refers to _printf_dec.o(.text) for _printf_int_dec
    main.o(i.main) refers to misc.o(i.NVIC_PriorityGroupConfig) for NVIC_PriorityGroupConfig
    main.o(i.main) refers to segger_sysview_config_freertos.o(i.SEGGER_SYSVIEW_Conf) for SEGGER_SYSVIEW_Conf
[...]
    TIM_Cmd                                  0x080055b5   Thumb Code    24  stm32f10x_tim.o(i.TIM_Cmd)
    TIM_GetCapture2                          0x080055cd   Thumb Code     6  stm32f10x_tim.o(i.TIM_GetCapture2)
    TIM_GetCapture3                          0x080055d3   Thumb Code     6  stm32f10x_tim.o(i.TIM_GetCapture3)
    TIM_GetFlagStatus                        0x080055d9   Thumb Code    18  stm32f10x_tim.o(i.TIM_GetFlagStatus)
    TIM_ICInit                               0x080055ed   Thumb Code   150  stm32f10x_tim.o(i.TIM_ICInit)
    TIM_ITConfig                             0x08005699   Thumb Code    18  stm32f10x_tim.o(i.TIM_ITConfig)
    TIM_PWMIConfig                           0x080056ab   Thumb Code   124  stm32f10x_tim.o(i.TIM_PWMIConfig)
    TIM_SelectInputTrigger                   0x08005727   Thumb Code    18  stm32f10x_tim.o(i.TIM_SelectInputTrigger)
    TIM_SelectMasterSlaveMode                0x08005739   Thumb Code    18  stm32f10x_tim.o(i.TIM_SelectMasterSlaveMode)
    TIM_SelectSlaveMode                      0x0800574b   Thumb Code    18  stm32f10x_tim.o(i.TIM_SelectSlaveMode)
    TIM_SetCounter                           0x0800575d   Thumb Code     4  stm32f10x_tim.o(i.TIM_SetCounter)
    TIM_SetIC1Prescaler                      0x08005761   Thumb Code    18  stm32f10x_tim.o(i.TIM_SetIC1Prescaler)
    TIM_SetIC2Prescaler                      0x08005773   Thumb Code    26  stm32f10x_tim.o(i.TIM_SetIC2Prescaler)
    TIM_SetIC3Prescaler                      0x0800578d   Thumb Code    18  stm32f10x_tim.o(i.TIM_SetIC3Prescaler)
    TIM_SetIC4Prescaler                      0x0800579f   Thumb Code    26  stm32f10x_tim.o(i.TIM_SetIC4Prescaler)
    TIM_TimeBaseInit                         0x080057b9   Thumb Code   122  stm32f10x_tim.o(i.TIM_TimeBaseInit)
    USART1_IRQHandler                        0x0800585d   Thumb Code   122  usart.o(i.USART1_IRQHandler)
    USART_Cmd                                0x080058e5   Thumb Code    24  stm32f10x_usart.o(i.USART_Cmd)
    USART_GetITStatus                        0x080058fd   Thumb Code    84  stm32f10x_usart.o(i.USART_GetITStatus)
    USART_ITConfig                           0x08005951   Thumb Code    74  stm32f10x_usart.o(i.USART_ITConfig)
    USART_Init                               0x0800599d   Thumb Code   210  stm32f10x_usart.o(i.USART_Init)
    USART_ReceiveData                        0x08005a75   Thumb Code    10  stm32f10x_usart.o(i.USART_ReceiveData)
    USB_LP_CAN1_RX0_IRQHandler               0x08005a81   Thumb Code    98  can.o(i.USB_LP_CAN1_RX0_IRQHandler)
    UavcanFun                                0x08005af9   Thumb Code   618  can.o(i.UavcanFun)
    Uavcan_Broadcast                         0x08005dd5   Thumb Code   464  can.o(i.Uavcan_Broadcast)
    Ultrasonic_Init                          0x08005fc5   Thumb Code    28  ultrasonic.o(i.Ultrasonic_Init)
    UsageFault_Handler                       0x08005fe1   Thumb Code     4  stm32f10x_it.o(i.UsageFault_Handler)
    Write1302                                0x08005fe5   Thumb Code    66  ds1302.o(i.Write1302)
    __ARM_fpclassify                         0x08006325   Thumb Code    40  fpclassify.o(i.__ARM_fpclassify)
    _is_digit                                0x0800643d   Thumb Code    14  __printf_wp.o(i._is_digit)
    _sys_exit                                0x0800644b   Thumb Code     4  usart.o(i._sys_exit)
    _ttywrch                                 0x0800644f   Thumb Code     4  usart.o(i._ttywrch)
    canardBroadcast                          0x08006b55   Thumb Code   208  canard.o(i.canardBroadcast)
    canardGetLocalNodeID                     0x08006c25   Thumb Code     6  canard.o(i.canardGetLocalNodeID)
    canardHandleRxFrame                      0x08006c2d   Thumb Code  1018  canard.o(i.canardHandleRxFrame)
    canardInit                               0x08007069   Thumb Code    84  canard.o(i.canardInit)
    canardPeekTxQueue                        0x080070e9   Thumb Code    16  canard.o(i.canardPeekTxQueue)
    canardPopTxQueue                         0x080070f9   Thumb Code    22  canard.o(i.canardPopTxQueue)
    canardReleaseRxTransferPayload           0x0800710f   Thumb Code    42  canard.o(i.canardReleaseRxTransferPayload)
    canardRequestOrRespond                   0x08007139   Thumb Code   162  canard.o(i.canardRequestOrRespond)
    canardSetLocalNodeID                     0x080071dd   Thumb Code    48  canard.o(i.canardSetLocalNodeID)
    delay_init                               0x080074e9   Thumb Code    74  delay.o(i.delay_init)
    delay_ms                                 0x08007545   Thumb Code    60  delay.o(i.delay_ms)
    delay_us                                 0x08007585   Thumb Code    68  delay.o(i.delay_us)
    delay_xms                                0x080075cd   Thumb Code    24  delay.o(i.delay_xms)
    dmp_enable_6x_lp_quat                    0x080075e5   Thumb Code    60  inv_mpu_dmp_motion_driver.o(i.dmp_enable_6x_lp_quat)
    dmp_enable_feature                       0x08007621   Thumb Code   530  inv_mpu_dmp_motion_driver.o(i.dmp_enable_feature)
    dmp_enable_gyro_cal                      0x0800783d   Thumb Code    62  inv_mpu_dmp_motion_driver.o(i.dmp_enable_gyro_cal)
    dmp_enable_lp_quat                       0x08007895   Thumb Code    60  inv_mpu_dmp_motion_driver.o(i.dmp_enable_lp_quat)
    dmp_load_motion_driver_firmware          0x080078d1   Thumb Code    20  inv_mpu_dmp_motion_driver.o(i.dmp_load_motion_driver_firmware)
    dmp_read_fifo                            0x080078e9   Thumb Code   456  inv_mpu_dmp_motion_driver.o(i.dmp_read_fifo)
    dmp_register_android_orient_cb           0x08007ab5   Thumb Code    10  inv_mpu_dmp_motion_driver.o(i.dmp_register_android_orient_cb)
    dmp_register_tap_cb                      0x08007ac5   Thumb Code    10  inv_mpu_dmp_motion_driver.o(i.dmp_register_tap_cb)
    dmp_set_fifo_rate                        0x08007ad5   Thumb Code    96  inv_mpu_dmp_motion_driver.o(i.dmp_set_fifo_rate)
    dmp_set_orientation                      0x08007b45   Thumb Code   290  inv_mpu_dmp_motion_driver.o(i.dmp_set_orientation)
    dmp_set_shake_reject_thresh              0x08007c7d   Thumb Code    56  inv_mpu_dmp_motion_driver.o(i.dmp_set_shake_reject_thresh)
    dmp_set_shake_reject_time                0x08007cb5   Thumb Code    38  inv_mpu_dmp_motion_driver.o(i.dmp_set_shake_reject_time)
    dmp_set_shake_reject_timeout             0x08007cdb   Thumb Code    38  inv_mpu_dmp_motion_driver.o(i.dmp_set_shake_reject_timeout)
    dmp_set_tap_axes                         0x08007d01   Thumb Code    70  inv_mpu_dmp_motion_driver.o(i.dmp_set_tap_axes)
    dmp_set_tap_count                        0x08007d47   Thumb Code    38  inv_mpu_dmp_motion_driver.o(i.dmp_set_tap_count)
    dmp_set_tap_thresh                       0x08007d6d   Thumb Code   396  inv_mpu_dmp_motion_driver.o(i.dmp_set_tap_thresh)
    dmp_set_tap_time                         0x08007f0d   Thumb Code    38  inv_mpu_dmp_motion_driver.o(i.dmp_set_tap_time)
    dmp_set_tap_time_multi                   0x08007f33   Thumb Code    38  inv_mpu_dmp_motion_driver.o(i.dmp_set_tap_time_multi)
    eTaskGetState                            0x08007f59   Thumb Code   102  tasks.o(i.eTaskGetState)
    event_task                               0x08008191   Thumb Code    44  main.o(i.event_task)
    fputc                                    0x08008219   Thumb Code    24  usart.o(i.fputc)
    get_tick_count                           0x0800876d   Thumb Code    12  delay.o(i.get_tick_count)
    imu_task                                 0x08008ad9   Thumb Code   164  main.o(i.imu_task)
    inp                                      0x08008c49   Thumb Code    24  ds18.o(i.inp)
    interrupt_task                           0x08008c65   Thumb Code    22  main.o(i.interrupt_task)
    inv_apply_calibration                    0x08008c81   Thumb Code   106  data_builder.o(i.inv_apply_calibration)
    inv_convert_to_body_with_scale           0x08008ceb   Thumb Code   114  ml_math_func.o(i.inv_convert_to_body_with_scale)
    inv_orientation_matrix_to_scalar         0x08008d5d   Thumb Code    40  ml_math_func.o(i.inv_orientation_matrix_to_scalar)
    inv_q30_mult                             0x08008d85   Thumb Code    18  ml_math_func.o(i.inv_q30_mult)
    inv_set_accel_bias                       0x08008de5   Thumb Code    66  data_builder.o(i.inv_set_accel_bias)
    inv_set_gyro_bias                        0x08008e35   Thumb Code   102  data_builder.o(i.inv_set_gyro_bias)
    inv_set_message                          0x08008ea9   Thumb Code    24  message_layer.o(i.inv_set_message)
    main                                     0x08008f25   Thumb Code   364  main.o(i.main)
    mpu_configure_fifo                       0x0800913d   Thumb Code   106  inv_mpu.o(i.mpu_configure_fifo)
    mpu_get_accel_fsr                        0x080091ad   Thumb Code    72  inv_mpu.o(i.mpu_get_accel_fsr)
    mpu_get_accel_sens                       0x080091f9   Thumb Code    78  inv_mpu.o(i.mpu_get_accel_sens)
    mpu_get_fifo_config                      0x0800924d   Thumb Code    12  inv_mpu.o(i.mpu_get_fifo_config)
    mpu_get_gyro_fsr                         0x0800925d   Thumb Code    64  inv_mpu.o(i.mpu_get_gyro_fsr)
    mpu_get_gyro_sens                        0x080092a1   Thumb Code    58  inv_mpu.o(i.mpu_get_gyro_sens)
    mpu_get_lpf                              0x080092f1   Thumb Code    74  inv_mpu.o(i.mpu_get_lpf)
    mpu_get_sample_rate                      0x08009341   Thumb Code    26  inv_mpu.o(i.mpu_get_sample_rate)
    mpu_init                                 0x08009361   Thumb Code   372  inv_mpu.o(i.mpu_init)
    mpu_load_firmware                        0x08009515   Thumb Code   180  inv_mpu.o(i.mpu_load_firmware)
    mpu_lp_accel_mode                        0x080095cd   Thumb Code   280  inv_mpu.o(i.mpu_lp_accel_mode)
    mpu_read_fifo_stream                     0x080096e9   Thumb Code   198  inv_mpu.o(i.mpu_read_fifo_stream)
    mpu_read_mem                             0x0800980d   Thumb Code   122  inv_mpu.o(i.mpu_read_mem)
    mpu_reset_fifo                           0x0800988d   Thumb Code   450  inv_mpu.o(i.mpu_reset_fifo)
    mpu_run_6500_self_test                   0x08009a55   Thumb Code   374  inv_mpu.o(i.mpu_run_6500_self_test)
    mpu_set_accel_fsr                        0x08009ccd   Thumb Code   126  inv_mpu.o(i.mpu_set_accel_fsr)
    mpu_set_bypass                           0x08009d51   Thumb Code   328  inv_mpu.o(i.mpu_set_bypass)
    mpu_set_compass_sample_rate              0x08009e9d   Thumb Code    92  inv_mpu.o(i.mpu_set_compass_sample_rate)
    mpu_set_dmp_state                        0x08009efd   Thumb Code   138  inv_mpu.o(i.mpu_set_dmp_state)
    mpu_set_gyro_fsr                         0x08009f8d   Thumb Code   132  inv_mpu.o(i.mpu_set_gyro_fsr)
    mpu_set_int_latched                      0x0800a015   Thumb Code   102  inv_mpu.o(i.mpu_set_int_latched)
    mpu_set_lpf                              0x0800a081   Thumb Code   126  inv_mpu.o(i.mpu_set_lpf)
    mpu_set_sample_rate                      0x0800a105   Thumb Code   174  inv_mpu.o(i.mpu_set_sample_rate)
    mpu_set_sensors                          0x0800a1b9   Thumb Code   354  inv_mpu.o(i.mpu_set_sensors)
    mpu_write_mem                            0x0800a321   Thumb Code   122  inv_mpu.o(i.mpu_write_mem)
    outp                                     0x0800a475   Thumb Code    24  ds18.o(i.outp)
    pvPortMalloc                             0x0800b27d   Thumb Code   262  heap_4.o(i.pvPortMalloc)
    pvTaskIncrementMutexHeldCount            0x0800b3d1   Thumb Code    26  tasks.o(i.pvTaskIncrementMutexHeldCount)
    pxPortInitialiseStack                    0x0800b3f1   Thumb Code    30  port.o(i.pxPortInitialiseStack)
    query_task                               0x0800b415   Thumb Code   118  main.o(i.query_task)
    start_task                               0x0800bae5   Thumb Code   276  main.o(i.start_task)
    temp_task                                0x0800bde5   Thumb Code   116  main.o(i.temp_task)
    tickDelay                                0x0800beb1   Thumb Code    12  ds18.o(i.tickDelay)
    uart_init                                0x0800bef9   Thumb Code   154  usart.o(i.uart_init)
    uavcan_task                              0x0800bf9d   Thumb Code    52  main.o(i.uavcan_task)
    uxListRemove                             0x0800bfe1   Thumb Code    40  list.o(i.uxListRemove)
    uxTaskGetNumberOfTasks                   0x0800c009   Thumb Code     6  tasks.o(i.uxTaskGetNumberOfTasks)
    uxTaskGetSystemState                     0x0800c015   Thumb Code   152  tasks.o(i.uxTaskGetSystemState)
    uxTaskResetEventItemValue                0x0800c0c5   Thumb Code    24  tasks.o(i.uxTaskResetEventItemValue)
    vListInitialise                          0x0800c0e1   Thumb Code    26  list.o(i.vListInitialise)
    vListInitialiseItem                      0x0800c0fb   Thumb Code     6  list.o(i.vListInitialiseItem)
    vListInsert                              0x0800c101   Thumb Code    52  list.o(i.vListInsert)
    vListInsertEnd                           0x0800c135   Thumb Code    24  list.o(i.vListInsertEnd)
    vPortEnterCritical                       0x0800c14d   Thumb Code    68  port.o(i.vPortEnterCritical)
    vPortExitCritical                        0x0800c1d5   Thumb Code    48  port.o(i.vPortExitCritical)
    vPortFree                                0x0800c245   Thumb Code   120  heap_4.o(i.vPortFree)
    vPortSetupTimerInterrupt                 0x0800c2fd   Thumb Code    26  port.o(i.vPortSetupTimerInterrupt)
    vPortValidateInterruptPriority           0x0800c31d   Thumb Code    86  port.o(i.vPortValidateInterruptPriority)
    vQueueAddToRegistry                      0x0800c3bd   Thumb Code    64  queue.o(i.vQueueAddToRegistry)
    vQueueWaitForMessageRestricted           0x0800c401   Thumb Code    74  queue.o(i.vQueueWaitForMessageRestricted)
    vTaskDelay                               0x0800c44d   Thumb Code    80  tasks.o(i.vTaskDelay)
    vTaskDelayUntil                          0x0800c4c9   Thumb Code   176  tasks.o(i.vTaskDelayUntil)
    vTaskDelete                              0x0800c5a9   Thumb Code   214  tasks.o(i.vTaskDelete)
    vTaskGetInfo                             0x0800c6cd   Thumb Code   114  tasks.o(i.vTaskGetInfo)
    vTaskMissedYield                         0x0800c745   Thumb Code     8  tasks.o(i.vTaskMissedYield)
    vTaskPlaceOnEventList                    0x0800c751   Thumb Code    42  tasks.o(i.vTaskPlaceOnEventList)
    vTaskPlaceOnEventListRestricted          0x0800c7a5   Thumb Code    56  tasks.o(i.vTaskPlaceOnEventListRestricted)
    vTaskPlaceOnUnorderedEventList           0x0800c805   Thumb Code    80  tasks.o(i.vTaskPlaceOnUnorderedEventList)
    vTaskPriorityInherit                     0x0800c881   Thumb Code   178  tasks.o(i.vTaskPriorityInherit)
    vTaskResume                              0x0800c941   Thumb Code   142  tasks.o(i.vTaskResume)
    vTaskSetTimeOutState                     0x0800ca05   Thumb Code    32  tasks.o(i.vTaskSetTimeOutState)
    vTaskStartScheduler                      0x0800ca51   Thumb Code   108  tasks.o(i.vTaskStartScheduler)
    vTaskSuspend                             0x0800cafd   Thumb Code   202  tasks.o(i.vTaskSuspend)
    vTaskSuspendAll                          0x0800cc0d   Thumb Code    12  tasks.o(i.vTaskSuspendAll)
    vTaskSwitchContext                       0x0800cc1d   Thumb Code   138  tasks.o(i.vTaskSwitchContext)
    xEventGroupCreate                        0x0800cce9   Thumb Code    26  event_groups.o(i.xEventGroupCreate)
    xEventGroupSetBits                       0x0800cd05   Thumb Code   186  event_groups.o(i.xEventGroupSetBits)
    xEventGroupWaitBits                      0x0800cded   Thumb Code   294  event_groups.o(i.xEventGroupWaitBits)
    xPortStartScheduler                      0x0800cf45   Thumb Code   140  port.o(i.xPortStartScheduler)
    xPortSysTickHandler                      0x0800cfe5   Thumb Code    46  port.o(i.xPortSysTickHandler)
    xQueueGenericCreate                      0x0800d019   Thumb Code    78  queue.o(i.xQueueGenericCreate)
    xQueueGenericReceive                     0x0800d08d   Thumb Code   536  queue.o(i.xQueueGenericReceive)
    xQueueGenericReset                       0x0800d2cd   Thumb Code   136  queue.o(i.xQueueGenericReset)
    xQueueGenericSend                        0x0800d37d   Thumb Code   458  queue.o(i.xQueueGenericSend)
    xQueueGenericSendFromISR                 0x0800d571   Thumb Code   270  queue.o(i.xQueueGenericSendFromISR)
    xQueueGiveFromISR                        0x0800d6a5   Thumb Code   252  queue.o(i.xQueueGiveFromISR)
    xTaskCheckForTimeOut                     0x0800d7c5   Thumb Code   116  tasks.o(i.xTaskCheckForTimeOut)
    xTaskCreate                              0x0800d865   Thumb Code    96  tasks.o(i.xTaskCreate)
    xTaskGetSchedulerState                   0x0800d8c5   Thumb Code    24  tasks.o(i.xTaskGetSchedulerState)
    xTaskGetTickCount                        0x0800d8e5   Thumb Code     6  tasks.o(i.xTaskGetTickCount)
    xTaskGetTickCountFromISR                 0x0800d8f1   Thumb Code    16  tasks.o(i.xTaskGetTickCountFromISR)
    xTaskIncrementTick                       0x0800d905   Thumb Code   278  tasks.o(i.xTaskIncrementTick)
    xTaskPriorityDisinherit                  0x0800da6d   Thumb Code   182  tasks.o(i.xTaskPriorityDisinherit)
    xTaskRemoveFromEventList                 0x0800db55   Thumb Code   124  tasks.o(i.xTaskRemoveFromEventList)
    xTaskRemoveFromUnorderedEventList        0x0800dc0d   Thumb Code   140  tasks.o(i.xTaskRemoveFromUnorderedEventList)
    xTaskResumeAll                           0x0800dcd1   Thumb Code   220  tasks.o(i.xTaskResumeAll)
    xTimerCreate                             0x0800ddf5   Thumb Code    48  timers.o(i.xTimerCreate)
    xTimerCreateTimerTask                    0x0800de25   Thumb Code    56  timers.o(i.xTimerCreateTimerTask)
    xTimerGenericCommand                     0x0800de99   Thumb Code   118  timers.o(i.xTimerGenericCommand)
    _get_lc_numeric                          0x0800df3d   Thumb Code    44  lc_numeric_c.o(locale$$code)
    __fpl_dcmp_Inf                           0x0800df69   Thumb Code    24  dcmpi.o(x$fpl$dcmpinf)
    __aeabi_d2iz                             0x0800df81   Thumb Code     0  dfix.o(x$fpl$dfix)
    _dfix                                    0x0800df81   Thumb Code    94  dfix.o(x$fpl$dfix)
    __aeabi_i2d                              0x0800dfdf   Thumb Code     0  dflt_clz.o(x$fpl$dflt)
    _dflt                                    0x0800dfdf   Thumb Code    46  dflt_clz.o(x$fpl$dflt)
    __aeabi_cdcmple                          0x0800e00d   Thumb Code     0  dleqf.o(x$fpl$dleqf)
    _dcmple                                  0x0800e00d   Thumb Code   120  dleqf.o(x$fpl$dleqf)
    __fpl_dcmple_InfNaN                      0x0800e06f   Thumb Code     0  dleqf.o(x$fpl$dleqf)
    __aeabi_dmul                             0x0800e085   Thumb Code     0  dmul.o(x$fpl$dmul)
    _dmul                                    0x0800e085   Thumb Code   332  dmul.o(x$fpl$dmul)
    __fpl_dnaninf                            0x0800e1d9   Thumb Code   156  dnaninf.o(x$fpl$dnaninf)
    __fpl_dretinf                            0x0800e275   Thumb Code    12  dretinf.o(x$fpl$dretinf)
    __aeabi_cdrcmple                         0x0800e281   Thumb Code     0  drleqf.o(x$fpl$drleqf)
    _drcmple                                 0x0800e281   Thumb Code   108  drleqf.o(x$fpl$drleqf)
    __aeabi_f2d                              0x0800e2ed   Thumb Code     0  f2d.o(x$fpl$f2d)
    _f2d                                     0x0800e2ed   Thumb Code    86  f2d.o(x$fpl$f2d)
    __aeabi_fadd                             0x0800e345   Thumb Code     0  faddsub_clz.o(x$fpl$fadd)
    _fadd                                    0x0800e345   Thumb Code   196  faddsub_clz.o(x$fpl$fadd)
    __fpl_fcmp_Inf                           0x0800e409   Thumb Code    24  fcmpi.o(x$fpl$fcmpinf)
    __aeabi_fdiv                             0x0800e421   Thumb Code     0  fdiv.o(x$fpl$fdiv)
    _fdiv                                    0x0800e421   Thumb Code   384  fdiv.o(x$fpl$fdiv)
    __aeabi_f2iz                             0x0800e5a5   Thumb Code     0  ffix.o(x$fpl$ffix)
    _ffix                                    0x0800e5a5   Thumb Code    54  ffix.o(x$fpl$ffix)
    __aeabi_f2uiz                            0x0800e5dd   Thumb Code     0  ffixu.o(x$fpl$ffixu)
    _ffixu                                   0x0800e5dd   Thumb Code    62  ffixu.o(x$fpl$ffixu)
    __aeabi_i2f                              0x0800e61d   Thumb Code     0  fflt_clz.o(x$fpl$fflt)
    _fflt                                    0x0800e61d   Thumb Code    48  fflt_clz.o(x$fpl$fflt)
    __aeabi_ui2f                             0x0800e64d   Thumb Code     0  fflt_clz.o(x$fpl$ffltu)
    _ffltu                                   0x0800e64d   Thumb Code    38  fflt_clz.o(x$fpl$ffltu)
    __aeabi_cfcmple                          0x0800e675   Thumb Code     0  fleqf.o(x$fpl$fleqf)
    _fcmple                                  0x0800e675   Thumb Code   104  fleqf.o(x$fpl$fleqf)
    __fpl_fcmple_InfNaN                      0x0800e6c7   Thumb Code     0  fleqf.o(x$fpl$fleqf)
    __aeabi_fmul                             0x0800e6dd   Thumb Code     0  fmul.o(x$fpl$fmul)
    _fmul                                    0x0800e6dd   Thumb Code   258  fmul.o(x$fpl$fmul)
    __fpl_fnaninf                            0x0800e7df   Thumb Code   140  fnaninf.o(x$fpl$fnaninf)
    __fpl_fretinf                            0x0800e86b   Thumb Code    10  fretinf.o(x$fpl$fretinf)
    __aeabi_cfrcmple                         0x0800e875   Thumb Code     0  frleqf.o(x$fpl$frleqf)
    _frcmple                                 0x0800e875   Thumb Code    98  frleqf.o(x$fpl$frleqf)
    __aeabi_fsub                             0x0800e8d9   Thumb Code     0  faddsub_clz.o(x$fpl$fsub)
    _fsub                                    0x0800e8d9   Thumb Code   234  faddsub_clz.o(x$fpl$fsub)
    _printf_fp_dec                           0x0800e9c3   Thumb Code     4  printf1.o(x$fpl$printf1)
    ThisVersion                              0x0800e9c6   Data          38  can.o(.constdata)
    __I$use$fp                               0x0800e9c6   Number         0  usenofp.o(x$fpl$usenofp)
    reg                                      0x0800e9ec   Data          42  inv_mpu.o(.constdata)
    hw                                       0x0800ea16   Data          14  inv_mpu.o(.constdata)
    test                                     0x0800ea24   Data          48  inv_mpu.o(.constdata)
    SYSVIEW_X_OS_TraceAPI                    0x0800f84c   Data           8  segger_sysview_freertos.o(.constdata)
    Region$$Table$$Base                      0x0800f9d4   Number         0  anon$$obj.o(Region$$Table)
    Region$$Table$$Limit                     0x0800f9f4   Number         0  anon$$obj.o(Region$$Table)
    int_param                                0x20000000   Data           4  main.o(.data)
    QueryTask_Handler                        0x20000010   Data           4  main.o(.data)
    UavcanTask_Handler                       0x20000014   Data           4  main.o(.data)
    StartTask_Handler                        0x20000018   Data           4  main.o(.data)
    LEDTask_Handler                          0x2000001c   Data           4  main.o(.data)
    TEMPTask_Handler                         0x20000020   Data           4  main.o(.data)
    IMUTask_Handler                          0x20000024   Data           4  main.o(.data)
    INTERRUPTTask_Handler                    0x20000028   Data           4  main.o(.data)
    EVENTTASK_Handler                        0x2000002c   Data           4  main.o(.data)
    EventGroupHandle                         0x20000030   Data           4  main.o(.data)
    TIMERCONTROLTASK_Handler                 0x20000034   Data           4  main.o(.data)
    AutoReloadTimer_Handle                   0x20000038   Data           4  main.o(.data)
    BinarySemaphore                          0x2000003c   Data           4  main.o(.data)
    chk                                      0x20000040   Data           1  main.o(.data)
    g_ul_ms_ticks                            0x20000044   Data           4  main.o(.data)
    SystemCoreClock                          0x20000058   Data           4  system_stm32f10x.o(.data)
    AHBPrescTable                            0x2000005c   Data          16  system_stm32f10x.o(.data)
    AutoReturnDataFlag                       0x2000006c   Data           1  can.o(.data)
    UAVCAN_NODE_ID_SELF_ID                   0x2000006d   Data           1  can.o(.data)
    CAN_RX_LEN                               0x2000006e   Data           2  can.o(.data)
    RX_FLAG                                  0x20000070   Data           1  can.o(.data)
    flash_hex_baseaddr                       0x20000074   Data           4  can.o(.data)
    transfer_id                              0x20000078   Data           1  can.o(.data)
    __stdout                                 0x200000bc   Data           4  usart.o(.data)
    USART_RX_STA                             0x200000c0   Data           2  usart.o(.data)
    pxCurrentTCB                             0x200000d8   Data           4  tasks.o(.data)
    gSensor                                  0x20000184   Data         300  main.o(.bss)
    cantxframe                               0x200002b0   Data          20  can.o(.bss)
    CAN_rx_buf                               0x200002c4   Data         150  can.o(.bss)
    CAN_tx_buf                               0x2000035a   Data         150  can.o(.bss)
    IAP_BUFFER                               0x200003f0   Data          40  can.o(.bss)
    canard                                   0x20000418   Data          36  can.o(.bss)
    canard_memory_pool                       0x2000043c   Data        1024  can.o(.bss)
    RxMessage                                0x20000860   Data          20  can.o(.bss)
    USART_RX_BUF                             0x20000b98   Data         200  usart.o(.bss)
    xQueueRegistry                           0x20000c60   Data          64  queue.o(.bss)
    _SEGGER_RTT                              0x2000b04c   Data         168  segger_rtt.o(.bss)
    __libspace_start                         0x2000ba10   Data          96  libspace.o(.bss)
    __temporary_stack_top$libspace           0x2000ba70   Data           0  libspace.o(.bss)



==============================================================================

Memory Map of the image

  Image Entry point : 0x080002d1

  Load Region LR_1 (Base: 0x08000000, Size: 0x0000fb70, Max: 0xffffffff, ABSOLUTE, COMPRESSED[0x0000fa48])

    Execution Region ER_RO (Base: 0x08000000, Size: 0x0000fa10, Max: 0xffffffff, ABSOLUTE)

    Base Addr    Size         Type   Attr      Idx    E Section Name        Object

    0x08000000   0x00000130   Data   RO         2865    RESET               startup_stm32f10x_hd.o
    0x08000130   0x00000008   Code   RO         6643  * !!!main             c_w.l(__main.o)
    0x08000138   0x00000034   Code   RO         7046    !!!scatter          c_w.l(__scatter.o)
    0x0800016c   0x0000005a   Code   RO         7044    !!dczerorl2         c_w.l(__dczerorl2.o)
    0x080001c6   0x00000002   PAD
    0x080001c8   0x0000001c   Code   RO         7048    !!handler_zi        c_w.l(__scatter_zi.o)
    0x080001e4   0x00000000   Code   RO         6622    .ARM.Collect$$_printf_percent$$00000000  c_w.l(_printf_percent.o)
    0x080001e4   0x00000006   Code   RO         6621    .ARM.Collect$$_printf_percent$$00000003  c_w.l(_printf_f.o)
    0x080001ea   0x00000006   Code   RO         6619    .ARM.Collect$$_printf_percent$$00000009  c_w.l(_printf_d.o)
    0x080001f0   0x00000006   Code   RO         6618    .ARM.Collect$$_printf_percent$$0000000C  c_w.l(_printf_x.o)
    0x080001f6   0x00000006   Code   RO         6617    .ARM.Collect$$_printf_percent$$00000014  c_w.l(_printf_s.o)
    0x080001fc   0x00000004   Code   RO         6760    .ARM.Collect$$_printf_percent$$00000017  c_w.l(_printf_percent_end.o)
    0x08000200   0x00000002   Code   RO         6919    .ARM.Collect$$libinit$$00000000  c_w.l(libinit.o)
    0x08000202   0x00000000   Code   RO         6921    .ARM.Collect$$libinit$$00000002  c_w.l(libinit2.o)
    0x08000202   0x00000000   Code   RO         6923    .ARM.Collect$$libinit$$00000004  c_w.l(libinit2.o)
    0x08000202   0x00000000   Code   RO         6926    .ARM.Collect$$libinit$$0000000A  c_w.l(libinit2.o)
    0x08000202   0x00000000   Code   RO         6928    .ARM.Collect$$libinit$$0000000C  c_w.l(libinit2.o)
    0x08000202   0x00000000   Code   RO         6930    .ARM.Collect$$libinit$$0000000E  c_w.l(libinit2.o)
    0x08000202   0x00000006   Code   RO         6931    .ARM.Collect$$libinit$$0000000F  c_w.l(libinit2.o)
    0x08000208   0x00000000   Code   RO         6933    .ARM.Collect$$libinit$$00000011  c_w.l(libinit2.o)
    0x08000208   0x00000000   Code   RO         6935    .ARM.Collect$$libinit$$00000013  c_w.l(libinit2.o)
    0x08000208   0x00000000   Code   RO         6937    .ARM.Collect$$libinit$$00000015  c_w.l(libinit2.o)
    0x08000208   0x0000000a   Code   RO         6938    .ARM.Collect$$libinit$$00000016  c_w.l(libinit2.o)
    0x08000212   0x00000000   Code   RO         6939    .ARM.Collect$$libinit$$00000017  c_w.l(libinit2.o)
    0x08000212   0x00000000   Code   RO         6941    .ARM.Collect$$libinit$$00000019  c_w.l(libinit2.o)
    0x08000212   0x00000000   Code   RO         6943    .ARM.Collect$$libinit$$0000001B  c_w.l(libinit2.o)
    0x08000212   0x00000000   Code   RO         6945    .ARM.Collect$$libinit$$0000001D  c_w.l(libinit2.o)
    0x08000212   0x00000000   Code   RO         6947    .ARM.Collect$$libinit$$0000001F  c_w.l(libinit2.o)
    0x08000212   0x00000000   Code   RO         6949    .ARM.Collect$$libinit$$00000021  c_w.l(libinit2.o)
    0x08000212   0x00000000   Code   RO         6951    .ARM.Collect$$libinit$$00000023  c_w.l(libinit2.o)
    0x08000212   0x00000000   Code   RO         6953    .ARM.Collect$$libinit$$00000025  c_w.l(libinit2.o)
    0x08000212   0x00000000   Code   RO         6957    .ARM.Collect$$libinit$$0000002C  c_w.l(libinit2.o)
    0x08000212   0x00000000   Code   RO         6959    .ARM.Collect$$libinit$$0000002E  c_w.l(libinit2.o)
    0x08000212   0x00000000   Code   RO         6961    .ARM.Collect$$libinit$$00000030  c_w.l(libinit2.o)
    0x08000212   0x00000000   Code   RO         6963    .ARM.Collect$$libinit$$00000032  c_w.l(libinit2.o)
    0x08000212   0x00000002   Code   RO         6964    .ARM.Collect$$libinit$$00000033  c_w.l(libinit2.o)
    0x08000214   0x00000002   Code   RO         7024    .ARM.Collect$$libshutdown$$00000000  c_w.l(libshutdown.o)
    0x08000216   0x00000000   Code   RO         7027    .ARM.Collect$$libshutdown$$00000002  c_w.l(libshutdown2.o)
    0x08000216   0x00000000   Code   RO         7029    .ARM.Collect$$libshutdown$$00000004  c_w.l(libshutdown2.o)
    0x08000216   0x00000000   Code   RO         7032    .ARM.Collect$$libshutdown$$00000007  c_w.l(libshutdown2.o)
    0x08000216   0x00000000   Code   RO         7035    .ARM.Collect$$libshutdown$$0000000A  c_w.l(libshutdown2.o)
    0x08000216   0x00000000   Code   RO         7037    .ARM.Collect$$libshutdown$$0000000C  c_w.l(libshutdown2.o)
    0x08000216   0x00000000   Code   RO         7040    .ARM.Collect$$libshutdown$$0000000F  c_w.l(libshutdown2.o)
    0x08000216   0x00000002   Code   RO         7041    .ARM.Collect$$libshutdown$$00000010  c_w.l(libshutdown2.o)
    0x08000218   0x00000000   Code   RO         6743    .ARM.Collect$$rtentry$$00000000  c_w.l(__rtentry.o)
    0x08000218   0x00000000   Code   RO         6819    .ARM.Collect$$rtentry$$00000002  c_w.l(__rtentry2.o)
    0x08000218   0x00000006   Code   RO         6831    .ARM.Collect$$rtentry$$00000004  c_w.l(__rtentry4.o)
    0x0800021e   0x00000000   Code   RO         6821    .ARM.Collect$$rtentry$$00000009  c_w.l(__rtentry2.o)
    0x0800021e   0x00000004   Code   RO         6822    .ARM.Collect$$rtentry$$0000000A  c_w.l(__rtentry2.o)
    0x08000222   0x00000000   Code   RO         6824    .ARM.Collect$$rtentry$$0000000C  c_w.l(__rtentry2.o)
    0x08000222   0x00000008   Code   RO         6825    .ARM.Collect$$rtentry$$0000000D  c_w.l(__rtentry2.o)
    0x0800022a   0x00000002   Code   RO         6969    .ARM.Collect$$rtexit$$00000000  c_w.l(rtexit.o)
    0x0800022c   0x00000000   Code   RO         6986    .ARM.Collect$$rtexit$$00000002  c_w.l(rtexit2.o)
    0x0800022c   0x00000004   Code   RO         6987    .ARM.Collect$$rtexit$$00000003  c_w.l(rtexit2.o)
    0x08000230   0x00000006   Code   RO         6988    .ARM.Collect$$rtexit$$00000004  c_w.l(rtexit2.o)
    0x08000236   0x00000002   PAD
    0x08000238   0x00000096   Code   RO         5741    .emb_text           port.o
    0x080002ce   0x00000002   PAD
    0x080002d0   0x00000040   Code   RO         2866  * .text               startup_stm32f10x_hd.o
    0x08000310   0x00000002   Code   RO         6549    .text               c_w.l(use_no_semi_2.o)
    0x08000312   0x00000026   Code   RO         6553    .text               c_w.l(llushr.o)
    0x08000338   0x00000048   Code   RO         6557    .text               c_w.l(llsdiv.o)
    0x08000380   0x00000018   Code   RO         6563    .text               c_w.l(noretval__2printf.o)
    0x08000398   0x0000004e   Code   RO         6569    .text               c_w.l(_printf_pad.o)
    0x080003e6   0x00000052   Code   RO         6571    .text               c_w.l(_printf_str.o)
    0x08000438   0x00000078   Code   RO         6573    .text               c_w.l(_printf_dec.o)
    0x080004b0   0x00000058   Code   RO         6578    .text               c_w.l(_printf_hex_int.o)
    0x08000508   0x00000160   Code   RO         6611    .text               c_w.l(__printf_ss_wp.o)
    0x08000668   0x00000080   Code   RO         6623    .text               c_w.l(assert.o)
    0x080006e8   0x00000058   Code   RO         6625    .text               c_w.l(memcmp.o)
    0x08000740   0x00000048   Code   RO         6627    .text               c_w.l(strcpy.o)
    0x08000788   0x0000008a   Code   RO         6631    .text               c_w.l(rt_memcpy_v6.o)
    0x08000812   0x00000064   Code   RO         6633    .text               c_w.l(rt_memcpy_w.o)
    0x08000876   0x00000010   Code   RO         6637    .text               c_w.l(aeabi_memset.o)
    0x08000886   0x0000004e   Code   RO         6639    .text               c_w.l(rt_memclr_w.o)
    0x080008d4   0x00000006   Code   RO         6641    .text               c_w.l(heapauxi.o)
    0x080008da   0x00000002   Code   RO         6741    .text               c_w.l(use_no_semi.o)
    0x080008dc   0x000000ee   Code   RO         6744    .text               c_w.l(lludivv7m.o)
    0x080009ca   0x000000b2   Code   RO         6748    .text               c_w.l(_printf_intcommon.o)
    0x08000a7c   0x0000041a   Code   RO         6750    .text               c_w.l(_printf_fp_dec.o)
    0x08000e96   0x00000002   PAD
    0x08000e98   0x00000030   Code   RO         6752    .text               c_w.l(_printf_char_common.o)
    0x08000ec8   0x0000002c   Code   RO         6756    .text               c_w.l(_printf_char.o)
    0x08000ef4   0x00000024   Code   RO         6758    .text               c_w.l(_printf_char_file.o)
    0x08000f18   0x00000016   Code   RO         6761    .text               c_w.l(abort.o)
    0x08000f2e   0x00000014   Code   RO         6763    .text               c_w.l(assert_puts.o)
    0x08000f42   0x00000044   Code   RO         6765    .text               c_w.l(rt_memclr.o)
    0x08000f86   0x00000002   PAD
    0x08000f88   0x00000008   Code   RO         6840    .text               c_w.l(rt_locale_intlibspace.o)
    0x08000f90   0x0000008a   Code   RO         6847    .text               c_w.l(lludiv10.o)
    0x0800101a   0x00000002   PAD
    0x0800101c   0x00000080   Code   RO         6849    .text               c_w.l(_printf_fp_infnan.o)
    0x0800109c   0x000000dc   Code   RO         6853    .text               c_w.l(bigflt0.o)
    0x08001178   0x00000008   Code   RO         6878    .text               c_w.l(ferror.o)
    0x08001180   0x0000000e   Code   RO         6885    .text               c_w.l(defsig_abrt_outer.o)
    0x0800118e   0x00000002   PAD
    0x08001190   0x00000008   Code   RO         6897    .text               c_w.l(libspace.o)
    0x08001198   0x0000004a   Code   RO         6900    .text               c_w.l(sys_stackheap_outer.o)
    0x080011e2   0x00000012   Code   RO         6906    .text               c_w.l(exit.o)
    0x080011f4   0x0000000a   Code   RO         6908    .text               c_w.l(defsig_exit.o)
    0x080011fe   0x00000002   PAD
    0x08001200   0x00000030   Code   RO         6910    .text               c_w.l(defsig_abrt_inner.o)
    0x08001230   0x00000080   Code   RO         6912    .text               c_w.l(strcmpv7m.o)
    0x080012b0   0x00000032   Code   RO         6973    .text               c_w.l(defsig_general.o)
    0x080012e2   0x0000003e   Code   RO         6856    CL$$btod_d2e        c_w.l(btod.o)
    0x08001320   0x00000046   Code   RO         6858    CL$$btod_d2e_denorm_low  c_w.l(btod.o)
    0x08001366   0x00000060   Code   RO         6857    CL$$btod_d2e_norm_op1  c_w.l(btod.o)
    0x080013c6   0x00000338   Code   RO         6866    CL$$btod_div_common  c_w.l(btod.o)
    0x080016fe   0x000000c6   Code   RO         6863    CL$$btod_e2e        c_w.l(btod.o)
    0x080017c4   0x00000028   Code   RO         6860    CL$$btod_ediv       c_w.l(btod.o)
    0x080017ec   0x00000028   Code   RO         6859    CL$$btod_emul       c_w.l(btod.o)
    0x08001814   0x00000244   Code   RO         6865    CL$$btod_mult_common  c_w.l(btod.o)
    0x08001a58   0x00000016   Code   RO         3978    i.ADC_Cmd           stm32f10x_adc.o
    0x08001a6e   0x00000016   Code   RO         3979    i.ADC_DMACmd        stm32f10x_adc.o
    0x08001a84   0x0000005c   Code   RO         3980    i.ADC_DeInit        stm32f10x_adc.o
    0x08001ae0   0x00000010   Code   RO         3985    i.ADC_ExternalTrigInjectedConvConfig  stm32f10x_adc.o
    0x08001af0   0x00000014   Code   RO         3986    i.ADC_GetCalibrationStatus  stm32f10x_adc.o
    0x08001b04   0x0000001c   Code   RO         3991    i.ADC_GetInjectedConversionValue  stm32f10x_adc.o
    0x08001b20   0x00000014   Code   RO         3992    i.ADC_GetResetCalibrationStatus  stm32f10x_adc.o
    0x08001b34   0x00000050   Code   RO         3996    i.ADC_Init          stm32f10x_adc.o
    0x08001b84   0x00000082   Code   RO         3997    i.ADC_InjectedChannelConfig  stm32f10x_adc.o
    0x08001c06   0x00000018   Code   RO         3999    i.ADC_InjectedSequencerLengthConfig  stm32f10x_adc.o
    0x08001c1e   0x000000b8   Code   RO         4000    i.ADC_RegularChannelConfig  stm32f10x_adc.o
    0x08001cd6   0x0000000a   Code   RO         4001    i.ADC_ResetCalibration  stm32f10x_adc.o
    0x08001ce0   0x00000016   Code   RO         4003    i.ADC_SoftwareStartConvCmd  stm32f10x_adc.o
    0x08001cf6   0x00000016   Code   RO         4004    i.ADC_SoftwareStartInjectedConvCmd  stm32f10x_adc.o
    0x08001d0c   0x0000000a   Code   RO         4005    i.ADC_StartCalibration  stm32f10x_adc.o
    0x08001d16   0x00000002   PAD
    0x08001d18   0x000000e4   Code   RO            1    i.AutoTimerCallback  main.o
    0x08001dfc   0x00000080   Code   RO            2    i.Board_Init        main.o
    0x08001e7c   0x00000004   Code   RO          312    i.BusFault_Handler  stm32f10x_it.o
    0x08001e80   0x000001b8   Code   RO          451    i.CAN_Configuration  can.o
    0x08002038   0x00000038   Code   RO         4270    i.CAN_DeInit        stm32f10x_can.o
    0x08002070   0x00000108   Code   RO         4272    i.CAN_FilterInit    stm32f10x_can.o
    0x08002178   0x00000012   Code   RO         4278    i.CAN_ITConfig      stm32f10x_can.o
    0x0800218a   0x00000114   Code   RO         4279    i.CAN_Init          stm32f10x_can.o
    0x0800229e   0x00000002   PAD
    0x080022a0   0x000000bc   Code   RO          452    i.CAN_NodeID_Update  can.o
    0x0800235c   0x000000f0   Code   RO         4282    i.CAN_Receive       stm32f10x_can.o
    0x0800244c   0x00000020   Code   RO         4285    i.CAN_StructInit    stm32f10x_can.o
    0x0800246c   0x00000126   Code   RO         4287    i.CAN_Transmit      stm32f10x_can.o
    0x08002592   0x00000002   PAD
    0x08002594   0x00000038   Code   RO          417    i.DMA1_Channel1_IRQHandler  adc.o
    0x080025cc   0x0000001c   Code   RO         4194    i.DMA_ClearFlag     stm32f10x_dma.o
    0x080025e8   0x0000001c   Code   RO         4195    i.DMA_ClearITPendingBit  stm32f10x_dma.o
    0x08002604   0x00000018   Code   RO         4196    i.DMA_Cmd           stm32f10x_dma.o
    0x0800261c   0x0000014c   Code   RO         4197    i.DMA_DeInit        stm32f10x_dma.o
    0x08002768   0x0000002c   Code   RO         4200    i.DMA_GetITStatus   stm32f10x_dma.o
    0x08002794   0x00000012   Code   RO         4201    i.DMA_ITConfig      stm32f10x_dma.o
    0x080027a6   0x0000003c   Code   RO         4202    i.DMA_Init          stm32f10x_dma.o
    0x080027e2   0x00000004   Code   RO         4203    i.DMA_SetCurrDataCounter  stm32f10x_dma.o
    0x080027e6   0x00000002   PAD
    0x080027e8   0x000000c8   Code   RO         1635    i.DMPSetup          mpu9250.o
    0x080028b0   0x000000b6   Code   RO          889    i.DS1302_DateSetup  ds1302.o
    0x08002966   0x00000002   PAD
    0x08002968   0x00000054   Code   RO          890    i.DS1302_PHY_Init   ds1302.o
    0x080029bc   0x00000060   Code   RO          808    i.DS18B20_Check     ds18.o
    0x08002a1c   0x0000008c   Code   RO          809    i.DS18B20_Get_Temp  ds18.o
    0x08002aa8   0x00000040   Code   RO          810    i.DS18B20_Init      ds18.o
    0x08002ae8   0x00000034   Code   RO          811    i.DS18B20_Rst       ds18.o
    0x08002b1c   0x00000018   Code   RO          812    i.DS18B20_Start     ds18.o
    0x08002b34   0x00000002   Code   RO          313    i.DebugMon_Handler  stm32f10x_it.o
    0x08002b36   0x00000002   PAD
    0x08002b38   0x00000018   Code   RO          891    i.End1302           ds1302.o
    0x08002b50   0x00000116   Code   RO         2912    i.GPIO_Init         stm32f10x_gpio.o
    0x08002c66   0x00000002   PAD
    0x08002c68   0x00000090   Code   RO         2914    i.GPIO_PinRemapConfig  stm32f10x_gpio.o
    0x08002cf8   0x00000012   Code   RO         2916    i.GPIO_ReadInputDataBit  stm32f10x_gpio.o
    0x08002d0a   0x00000004   Code   RO         2919    i.GPIO_ResetBits    stm32f10x_gpio.o
    0x08002d0e   0x00000004   Code   RO         2920    i.GPIO_SetBits      stm32f10x_gpio.o
    0x08002d12   0x00000002   PAD
    0x08002d14   0x0000003c   Code   RO          418    i.Get_ADC_Value     adc.o
    0x08002d50   0x0000000c   Code   RO         1057    i.Get_I2C_Retry     i2c.o
    0x08002d5c   0x00000004   Code   RO          314    i.HardFault_Handler  stm32f10x_it.o
    0x08002d60   0x00000018   Code   RO         4596    i.I2C_AcknowledgeConfig  stm32f10x_i2c.o
    0x08002d78   0x0000000c   Code   RO         4599    i.I2C_ClearFlag     stm32f10x_i2c.o
    0x08002d84   0x00000018   Code   RO         4601    i.I2C_Cmd           stm32f10x_i2c.o
    0x08002d9c   0x00000038   Code   RO         4604    i.I2C_DeInit        stm32f10x_i2c.o
    0x08002dd4   0x00000018   Code   RO         4608    i.I2C_GenerateSTART  stm32f10x_i2c.o
    0x08002dec   0x00000018   Code   RO         4609    i.I2C_GenerateSTOP  stm32f10x_i2c.o
    0x08002e04   0x0000003a   Code   RO         4610    i.I2C_GetFlagStatus  stm32f10x_i2c.o
    0x08002e3e   0x00000002   PAD
    0x08002e40   0x000000ec   Code   RO         4615    i.I2C_Init          stm32f10x_i2c.o
    0x08002f2c   0x00000016   Code   RO         4619    i.I2C_ReadRegister  stm32f10x_i2c.o
    0x08002f42   0x00000008   Code   RO         4620    i.I2C_ReceiveData   stm32f10x_i2c.o
    0x08002f4a   0x00000012   Code   RO         4622    i.I2C_Send7bitAddress  stm32f10x_i2c.o
    0x08002f5c   0x00000004   Code   RO         4623    i.I2C_SendData      stm32f10x_i2c.o
    0x08002f60   0x00000016   Code   RO         4624    i.I2C_SoftwareResetCmd  stm32f10x_i2c.o
    0x08002f76   0x00000002   PAD
    0x08002f78   0x00000068   Code   RO         1058    i.I2Cx_TIMEOUT_UserCallback  i2c.o
    0x08002fe0   0x0000007c   Code   RO         1059    i.I2cMaster_Init    i2c.o
    0x0800305c   0x0000001c   Code   RO          892    i.IO_IN             ds1302.o
    0x08003078   0x0000001c   Code   RO          893    i.IO_OUT            ds1302.o
    0x08003094   0x000000dc   Code   RO          419    i.Infra_Init        adc.o
    0x08003170   0x00000008   Code   RO          894    i.Init_DS1302       ds1302.o
    0x08003178   0x00000040   Code   RO         1045    i.LED_Init          led.o
    0x080031b8   0x000000d0   Code   RO            3    i.LED_task          main.o
    0x08003288   0x00000088   Code   RO          420    i.MBDMA_Init        adc.o
    0x08003310   0x00000004   Code   RO          315    i.MemManage_Handler  stm32f10x_it.o
    0x08003314   0x00000002   Code   RO          316    i.NMI_Handler       stm32f10x_it.o
    0x08003316   0x00000002   PAD
    0x08003318   0x00000070   Code   RO         2870    i.NVIC_Init         misc.o
    0x08003388   0x00000014   Code   RO         2871    i.NVIC_PriorityGroupConfig  misc.o
    0x0800339c   0x00000050   Code   RO          813    i.OWReadBit         ds18.o
    0x080033ec   0x0000001e   Code   RO          814    i.OWReadByte        ds18.o
    0x0800340a   0x00000002   PAD
    0x0800340c   0x00000050   Code   RO          815    i.OWWriteBit        ds18.o
    0x0800345c   0x00000028   Code   RO          816    i.OWWriteByte       ds18.o
    0x08003484   0x00000018   Code   RO         3044    i.RCC_ADCCLKConfig  stm32f10x_rcc.o
    0x0800349c   0x00000020   Code   RO         3045    i.RCC_AHBPeriphClockCmd  stm32f10x_rcc.o
    0x080034bc   0x00000020   Code   RO         3046    i.RCC_APB1PeriphClockCmd  stm32f10x_rcc.o
    0x080034dc   0x00000020   Code   RO         3047    i.RCC_APB1PeriphResetCmd  stm32f10x_rcc.o
    0x080034fc   0x00000020   Code   RO         3048    i.RCC_APB2PeriphClockCmd  stm32f10x_rcc.o
    0x0800351c   0x00000020   Code   RO         3049    i.RCC_APB2PeriphResetCmd  stm32f10x_rcc.o
    0x0800353c   0x000000d4   Code   RO         3056    i.RCC_GetClocksFreq  stm32f10x_rcc.o
    0x08003610   0x0000006c   Code   RO          895    i.Read1302          ds1302.o
    0x0800367c   0x0000004c   Code   RO          896    i.Readburst         ds1302.o
    0x080036c8   0x00000028   Code   RO          898    i.Rst1302           ds1302.o
    0x080036f0   0x000000a8   Code   RO         5896    i.SEGGER_RTT_ConfigDownBuffer  segger_rtt.o
    0x08003798   0x000000a8   Code   RO         5897    i.SEGGER_RTT_ConfigUpBuffer  segger_rtt.o
    0x08003840   0x00000098   Code   RO         5907    i.SEGGER_RTT_ReadNoLock  segger_rtt.o
    0x080038d8   0x000000b0   Code   RO         5917    i.SEGGER_RTT_WriteSkipNoLock  segger_rtt.o
    0x08003988   0x00000028   Code   RO         5818    i.SEGGER_SYSVIEW_Conf  segger_sysview_config_freertos.o
    0x080039b0   0x00000026   Code   RO         6096    i.SEGGER_SYSVIEW_EncodeU32  segger_sysview.o
    0x080039d6   0x00000002   PAD
    0x080039d8   0x000000bc   Code   RO         6100    i.SEGGER_SYSVIEW_GetSysDesc  segger_sysview.o
    0x08003a94   0x00000064   Code   RO         6101    i.SEGGER_SYSVIEW_Init  segger_sysview.o
    0x08003af8   0x00000034   Code   RO         6104    i.SEGGER_SYSVIEW_OnIdle  segger_sysview.o
    0x08003b2c   0x00000064   Code   RO         6105    i.SEGGER_SYSVIEW_OnTaskCreate  segger_sysview.o
    0x08003b90   0x00000064   Code   RO         6106    i.SEGGER_SYSVIEW_OnTaskStartExec  segger_sysview.o
    0x08003bf4   0x00000064   Code   RO         6107    i.SEGGER_SYSVIEW_OnTaskStartReady  segger_sysview.o
    0x08003c58   0x0000003c   Code   RO         6127    i.SEGGER_SYSVIEW_RecordSystime  segger_sysview.o
    0x08003c94   0x0000005c   Code   RO         6128    i.SEGGER_SYSVIEW_RecordU32  segger_sysview.o
    0x08003cf0   0x0000007c   Code   RO         6130    i.SEGGER_SYSVIEW_RecordU32x2  segger_sysview.o
    0x08003d6c   0x00000098   Code   RO         6131    i.SEGGER_SYSVIEW_RecordU32x3  segger_sysview.o
    0x08003e04   0x00000038   Code   RO         6138    i.SEGGER_SYSVIEW_RecordVoid  segger_sysview.o
    0x08003e3c   0x000000ac   Code   RO         6140    i.SEGGER_SYSVIEW_SendModule  segger_sysview.o
    0x08003ee8   0x00000024   Code   RO         6141    i.SEGGER_SYSVIEW_SendModuleDescription  segger_sysview.o
    0x08003f0c   0x00000058   Code   RO         6142    i.SEGGER_SYSVIEW_SendNumModules  segger_sysview.o
    0x08003f64   0x00000034   Code   RO         6143    i.SEGGER_SYSVIEW_SendPacket  segger_sysview.o
    0x08003f98   0x00000048   Code   RO         6144    i.SEGGER_SYSVIEW_SendSysDesc  segger_sysview.o
    0x08003fe0   0x00000110   Code   RO         6145    i.SEGGER_SYSVIEW_SendTaskInfo  segger_sysview.o
    0x080040f0   0x00000020   Code   RO         6146    i.SEGGER_SYSVIEW_SendTaskList  segger_sysview.o
    0x08004110   0x0000000c   Code   RO         6147    i.SEGGER_SYSVIEW_SetRAMBase  segger_sysview.o
    0x0800411c   0x00000010   Code   RO         6148    i.SEGGER_SYSVIEW_ShrinkId  segger_sysview.o
    0x0800412c   0x00000104   Code   RO         6149    i.SEGGER_SYSVIEW_Start  segger_sysview.o
    0x08004230   0x00000044   Code   RO         6150    i.SEGGER_SYSVIEW_Stop  segger_sysview.o
    0x08004274   0x00000080   Code   RO         6151    i.SEGGER_SYSVIEW_Warn  segger_sysview.o
    0x080042f4   0x000003c4   Code   RO         1060    i.ST_Sensors_I2C_ReadRegister  i2c.o
    0x080046b8   0x0000014c   Code   RO         1061    i.ST_Sensors_I2C_WriteRegister  i2c.o
    0x08004804   0x000000ac   Code   RO         5836    i.SYSVIEW_AddTask   segger_sysview_freertos.o
    0x080048b0   0x00000110   Code   RO         5837    i.SYSVIEW_DeleteTask  segger_sysview_freertos.o
    0x080049c0   0x0000004c   Code   RO         5838    i.SYSVIEW_RecordU32x4  segger_sysview_freertos.o
    0x08004a0c   0x00000032   Code   RO         5840    i.SYSVIEW_SendTaskInfo  segger_sysview_freertos.o
    0x08004a3e   0x0000004c   Code   RO         1062    i.Sensors_I2C_ReadRegister  i2c.o
    0x08004a8a   0x0000004c   Code   RO         1063    i.Sensors_I2C_WriteRegister  i2c.o
    0x08004ad6   0x00000008   Code   RO          383    i.SetSysClock       system_stm32f10x.o
    0x08004ade   0x00000002   PAD
    0x08004ae0   0x000000e0   Code   RO          384    i.SetSysClockTo72   system_stm32f10x.o
    0x08004bc0   0x0000000c   Code   RO         1064    i.Set_I2C_Retry     i2c.o
    0x08004bcc   0x000000d8   Code   RO          961    i.Sonar01_init      ultrasonic.o
    0x08004ca4   0x000000d8   Code   RO          962    i.Sonar02_init      ultrasonic.o
    0x08004d7c   0x000000d8   Code   RO          963    i.Sonar03_init      ultrasonic.o
    0x08004e54   0x000000d4   Code   RO          964    i.Sonar04_init      ultrasonic.o
    0x08004f28   0x000000d4   Code   RO          965    i.Sonar05_init      ultrasonic.o
    0x08004ffc   0x000000d4   Code   RO          966    i.Sonar06_init      ultrasonic.o
    0x080050d0   0x00000028   Code   RO         2874    i.SysTick_CLKSourceConfig  misc.o
    0x080050f8   0x00000020   Code   RO         2730    i.SysTick_Handler   delay.o
    0x08005118   0x00000060   Code   RO          386    i.SystemInit        system_stm32f10x.o
    0x08005178   0x00000080   Code   RO         3424    i.TI1_Config        stm32f10x_tim.o
    0x080051f8   0x00000098   Code   RO         3425    i.TI2_Config        stm32f10x_tim.o
    0x08005290   0x00000090   Code   RO         3426    i.TI3_Config        stm32f10x_tim.o
    0x08005320   0x00000098   Code   RO         3427    i.TI4_Config        stm32f10x_tim.o
    0x080053b8   0x00000048   Code   RO          967    i.TIM1_CC_IRQHandler  ultrasonic.o
    0x08005400   0x000000a0   Code   RO          968    i.TIM2_IRQHandler   ultrasonic.o
    0x080054a0   0x00000040   Code   RO          969    i.TIM3_IRQHandler   ultrasonic.o
    0x080054e0   0x00000040   Code   RO          970    i.TIM4_IRQHandler   ultrasonic.o
    0x08005520   0x00000040   Code   RO          971    i.TIM5_IRQHandler   ultrasonic.o
    0x08005560   0x00000048   Code   RO          972    i.TIM8_CC_IRQHandler  ultrasonic.o
    0x080055a8   0x00000006   Code   RO         3434    i.TIM_ClearFlag     stm32f10x_tim.o
    0x080055ae   0x00000006   Code   RO         3435    i.TIM_ClearITPendingBit  stm32f10x_tim.o
    0x080055b4   0x00000018   Code   RO         3440    i.TIM_Cmd           stm32f10x_tim.o
    0x080055cc   0x00000006   Code   RO         3456    i.TIM_GetCapture2   stm32f10x_tim.o
    0x080055d2   0x00000006   Code   RO         3457    i.TIM_GetCapture3   stm32f10x_tim.o
    0x080055d8   0x00000012   Code   RO         3460    i.TIM_GetFlagStatus  stm32f10x_tim.o
    0x080055ea   0x00000002   PAD
    0x080055ec   0x000000ac   Code   RO         3463    i.TIM_ICInit        stm32f10x_tim.o
    0x08005698   0x00000012   Code   RO         3465    i.TIM_ITConfig      stm32f10x_tim.o
    0x080056aa   0x0000007c   Code   RO         3488    i.TIM_PWMIConfig    stm32f10x_tim.o
    0x08005726   0x00000012   Code   RO         3493    i.TIM_SelectInputTrigger  stm32f10x_tim.o
    0x08005738   0x00000012   Code   RO         3494    i.TIM_SelectMasterSlaveMode  stm32f10x_tim.o
    0x0800574a   0x00000012   Code   RO         3498    i.TIM_SelectSlaveMode  stm32f10x_tim.o
    0x0800575c   0x00000004   Code   RO         3505    i.TIM_SetCounter    stm32f10x_tim.o
    0x08005760   0x00000012   Code   RO         3506    i.TIM_SetIC1Prescaler  stm32f10x_tim.o
    0x08005772   0x0000001a   Code   RO         3507    i.TIM_SetIC2Prescaler  stm32f10x_tim.o
    0x0800578c   0x00000012   Code   RO         3508    i.TIM_SetIC3Prescaler  stm32f10x_tim.o
    0x0800579e   0x0000001a   Code   RO         3509    i.TIM_SetIC4Prescaler  stm32f10x_tim.o
    0x080057b8   0x000000a4   Code   RO         3511    i.TIM_TimeBaseInit  stm32f10x_tim.o
    0x0800585c   0x00000088   Code   RO         2803    i.USART1_IRQHandler  usart.o
    0x080058e4   0x00000018   Code   RO         3248    i.USART_Cmd         stm32f10x_usart.o
    0x080058fc   0x00000054   Code   RO         3252    i.USART_GetITStatus  stm32f10x_usart.o
    0x08005950   0x0000004a   Code   RO         3254    i.USART_ITConfig    stm32f10x_usart.o
    0x0800599a   0x00000002   PAD
    0x0800599c   0x000000d8   Code   RO         3255    i.USART_Init        stm32f10x_usart.o
    0x08005a74   0x0000000a   Code   RO         3262    i.USART_ReceiveData  stm32f10x_usart.o
    0x08005a7e   0x00000002   PAD
    0x08005a80   0x00000078   Code   RO          455    i.USB_LP_CAN1_RX0_IRQHandler  can.o
    0x08005af8   0x000002dc   Code   RO          456    i.UavcanFun         can.o
    0x08005dd4   0x000001f0   Code   RO          457    i.Uavcan_Broadcast  can.o
    0x08005fc4   0x0000001c   Code   RO          973    i.Ultrasonic_Init   ultrasonic.o
    0x08005fe0   0x00000004   Code   RO          317    i.UsageFault_Handler  stm32f10x_it.o
    0x08005fe4   0x0000004c   Code   RO          899    i.Write1302         ds1302.o
    0x08006030   0x00000070   Code   RO         5920    i._DoInit           segger_rtt.o
    0x080060a0   0x00000044   Code   RO         6155    i._EncodeStr        segger_sysview.o
    0x080060e4   0x00000098   Code   RO         6156    i._HandleIncomingPacket  segger_sysview.o
    0x0800617c   0x00000006   Code   RO         6157    i._PreparePacket    segger_sysview.o
    0x08006182   0x00000002   PAD
    0x08006184   0x0000011c   Code   RO         6160    i._SendPacket       segger_sysview.o
    0x080062a0   0x00000084   Code   RO         6162    i._TrySendOverflowPacket  segger_sysview.o
    0x08006324   0x00000028   Code   RO         6895    i.__ARM_fpclassify  m_ws.l(fpclassify.o)
    0x0800634c   0x0000003e   Code   RO         5842    i._cbGetTime        segger_sysview_freertos.o
    0x0800638a   0x00000002   PAD
    0x0800638c   0x0000005c   Code   RO         5819    i._cbSendSystemDesc  segger_sysview_config_freertos.o
    0x080063e8   0x00000054   Code   RO         5843    i._cbSendTaskList   segger_sysview_freertos.o
    0x0800643c   0x0000000e   Code   RO         6606    i._is_digit         c_w.l(__printf_wp.o)
    0x0800644a   0x00000004   Code   RO         2804    i._sys_exit         usart.o
    0x0800644e   0x00000004   Code   RO         2805    i._ttywrch          usart.o
    0x08006452   0x00000002   PAD
    0x08006454   0x0000053c   Code   RO         1112    i.accel_6500_self_test  inv_mpu.o
    0x08006990   0x00000028   Code   RO          562    i.allocateBlock     canard.o
    0x080069b8   0x0000007c   Code   RO            4    i.android_orient_cb  main.o
    0x08006a34   0x00000120   Code   RO          563    i.bufferBlockPushBytes  canard.o
    0x08006b54   0x000000d0   Code   RO          564    i.canardBroadcast   canard.o
    0x08006c24   0x00000006   Code   RO          570    i.canardGetLocalNodeID  canard.o
    0x08006c2a   0x00000002   PAD
    0x08006c2c   0x0000043c   Code   RO          573    i.canardHandleRxFrame  canard.o
    0x08007068   0x00000080   Code   RO          574    i.canardInit        canard.o
    0x080070e8   0x00000010   Code   RO          575    i.canardPeekTxQueue  canard.o
    0x080070f8   0x00000016   Code   RO          576    i.canardPopTxQueue  canard.o
    0x0800710e   0x0000002a   Code   RO          577    i.canardReleaseRxTransferPayload  canard.o
    0x08007138   0x000000a2   Code   RO          578    i.canardRequestOrRespond  canard.o
    0x080071da   0x00000002   PAD
    0x080071dc   0x0000005c   Code   RO          579    i.canardSetLocalNodeID  canard.o
    0x08007238   0x0000014c   Code   RO         1113    i.compass_self_test  inv_mpu.o
    0x08007384   0x0000000c   Code   RO          580    i.computeTransferIDForwardDistance  canard.o
    0x08007390   0x00000022   Code   RO          582    i.crcAdd            canard.o
    0x080073b2   0x00000032   Code   RO          583    i.crcAddByte        canard.o
    0x080073e4   0x00000036   Code   RO          584    i.crcAddSignature   canard.o
    0x0800741a   0x0000001a   Code   RO          585    i.createBufferBlock  canard.o
    0x08007434   0x00000030   Code   RO          586    i.createRxState     canard.o
    0x08007464   0x0000001e   Code   RO          587    i.createTxItem      canard.o
    0x08007482   0x00000002   PAD
    0x08007484   0x00000064   Code   RO         1453    i.decode_gesture    inv_mpu_dmp_motion_driver.o
    0x080074e8   0x0000005c   Code   RO         2731    i.delay_init        delay.o
    0x08007544   0x00000040   Code   RO         2732    i.delay_ms          delay.o
    0x08007584   0x00000048   Code   RO         2733    i.delay_us          delay.o
    0x080075cc   0x00000018   Code   RO         2734    i.delay_xms         delay.o
    0x080075e4   0x0000003c   Code   RO         1454    i.dmp_enable_6x_lp_quat  inv_mpu_dmp_motion_driver.o
    0x08007620   0x0000021c   Code   RO         1455    i.dmp_enable_feature  inv_mpu_dmp_motion_driver.o
    0x0800783c   0x00000058   Code   RO         1456    i.dmp_enable_gyro_cal  inv_mpu_dmp_motion_driver.o
    0x08007894   0x0000003c   Code   RO         1457    i.dmp_enable_lp_quat  inv_mpu_dmp_motion_driver.o
    0x080078d0   0x00000018   Code   RO         1462    i.dmp_load_motion_driver_firmware  inv_mpu_dmp_motion_driver.o
    0x080078e8   0x000001cc   Code   RO         1463    i.dmp_read_fifo     inv_mpu_dmp_motion_driver.o
    0x08007ab4   0x00000010   Code   RO         1464    i.dmp_register_android_orient_cb  inv_mpu_dmp_motion_driver.o
    0x08007ac4   0x00000010   Code   RO         1465    i.dmp_register_tap_cb  inv_mpu_dmp_motion_driver.o
    0x08007ad4   0x00000070   Code   RO         1467    i.dmp_set_fifo_rate  inv_mpu_dmp_motion_driver.o
    0x08007b44   0x00000138   Code   RO         1470    i.dmp_set_orientation  inv_mpu_dmp_motion_driver.o
    0x08007c7c   0x00000038   Code   RO         1473    i.dmp_set_shake_reject_thresh  inv_mpu_dmp_motion_driver.o
    0x08007cb4   0x00000026   Code   RO         1474    i.dmp_set_shake_reject_time  inv_mpu_dmp_motion_driver.o
    0x08007cda   0x00000026   Code   RO         1475    i.dmp_set_shake_reject_timeout  inv_mpu_dmp_motion_driver.o
    0x08007d00   0x00000046   Code   RO         1476    i.dmp_set_tap_axes  inv_mpu_dmp_motion_driver.o
    0x08007d46   0x00000026   Code   RO         1477    i.dmp_set_tap_count  inv_mpu_dmp_motion_driver.o
    0x08007d6c   0x000001a0   Code   RO         1478    i.dmp_set_tap_thresh  inv_mpu_dmp_motion_driver.o
    0x08007f0c   0x00000026   Code   RO         1479    i.dmp_set_tap_time  inv_mpu_dmp_motion_driver.o
    0x08007f32   0x00000026   Code   RO         1480    i.dmp_set_tap_time_multi  inv_mpu_dmp_motion_driver.o
    0x08007f58   0x000000a0   Code   RO         5194    i.eTaskGetState     tasks.o
    0x08007ff8   0x00000198   Code   RO          589    i.enqueueTxFrames   canard.o
    0x08008190   0x00000030   Code   RO            5    i.event_task        main.o
    0x080081c0   0x00000024   Code   RO          590    i.extractDataType   canard.o
    0x080081e4   0x0000001a   Code   RO          591    i.extractTransferType  canard.o
    0x080081fe   0x00000018   Code   RO          592    i.findRxState       canard.o
    0x08008216   0x00000002   PAD
    0x08008218   0x0000001c   Code   RO         2806    i.fputc             usart.o
    0x08008234   0x00000078   Code   RO          593    i.freeBlock         canard.o
    0x080082ac   0x000004c0   Code   RO         1114    i.get_st_6500_biases  inv_mpu.o
    0x0800876c   0x00000010   Code   RO         2735    i.get_tick_count    delay.o
    0x0800877c   0x0000035c   Code   RO         1116    i.gyro_6500_self_test  inv_mpu.o
    0x08008ad8   0x000000f0   Code   RO            6    i.imu_task          main.o
    0x08008bc8   0x00000058   Code   RO          594    i.incrementTransferID  canard.o
    0x08008c20   0x00000026   Code   RO          595    i.initPoolAllocator  canard.o
    0x08008c46   0x00000002   PAD
    0x08008c48   0x0000001c   Code   RO          817    i.inp               ds18.o
    0x08008c64   0x0000001c   Code   RO            7    i.interrupt_task    main.o
    0x08008c80   0x0000006a   Code   RO         1937    i.inv_apply_calibration  data_builder.o
    0x08008cea   0x00000072   Code   RO         1655    i.inv_convert_to_body_with_scale  ml_math_func.o
    0x08008d5c   0x00000028   Code   RO         1667    i.inv_orientation_matrix_to_scalar  ml_math_func.o
    0x08008d84   0x00000012   Code   RO         1670    i.inv_q30_mult      ml_math_func.o
    0x08008d96   0x0000004e   Code   RO         1686    i.inv_row_2_scale   ml_math_func.o
    0x08008de4   0x00000050   Code   RO         1987    i.inv_set_accel_bias  data_builder.o
    0x08008e34   0x00000074   Code   RO         2001    i.inv_set_gyro_bias  data_builder.o
    0x08008ea8   0x0000001c   Code   RO         2395    i.inv_set_message   message_layer.o
    0x08008ec4   0x00000060   Code   RO          597    i.isPriorityHigher  canard.o
    0x08008f24   0x00000218   Code   RO            8    i.main              main.o
    0x0800913c   0x00000070   Code   RO         1117    i.mpu_configure_fifo  inv_mpu.o
    0x080091ac   0x0000004c   Code   RO         1118    i.mpu_get_accel_fsr  inv_mpu.o
    0x080091f8   0x00000054   Code   RO         1120    i.mpu_get_accel_sens  inv_mpu.o
    0x0800924c   0x00000010   Code   RO         1125    i.mpu_get_fifo_config  inv_mpu.o
    0x0800925c   0x00000044   Code   RO         1126    i.mpu_get_gyro_fsr  inv_mpu.o
    0x080092a0   0x00000050   Code   RO         1128    i.mpu_get_gyro_sens  inv_mpu.o
    0x080092f0   0x00000050   Code   RO         1130    i.mpu_get_lpf       inv_mpu.o
    0x08009340   0x00000020   Code   RO         1132    i.mpu_get_sample_rate  inv_mpu.o
    0x08009360   0x000001b4   Code   RO         1134    i.mpu_init          inv_mpu.o
    0x08009514   0x000000b8   Code   RO         1135    i.mpu_load_firmware  inv_mpu.o
    0x080095cc   0x0000011c   Code   RO         1136    i.mpu_lp_accel_mode  inv_mpu.o
    0x080096e8   0x00000124   Code   RO         1142    i.mpu_read_fifo_stream  inv_mpu.o
    0x0800980c   0x00000080   Code   RO         1143    i.mpu_read_mem      inv_mpu.o
    0x0800988c   0x000001c8   Code   RO         1146    i.mpu_reset_fifo    inv_mpu.o
    0x08009a54   0x00000278   Code   RO         1147    i.mpu_run_6500_self_test  inv_mpu.o
    0x08009ccc   0x00000084   Code   RO         1151    i.mpu_set_accel_fsr  inv_mpu.o
    0x08009d50   0x0000014c   Code   RO         1152    i.mpu_set_bypass    inv_mpu.o
    0x08009e9c   0x00000060   Code   RO         1153    i.mpu_set_compass_sample_rate  inv_mpu.o
    0x08009efc   0x00000090   Code   RO         1154    i.mpu_set_dmp_state  inv_mpu.o
    0x08009f8c   0x00000088   Code   RO         1156    i.mpu_set_gyro_fsr  inv_mpu.o
    0x0800a014   0x0000006c   Code   RO         1157    i.mpu_set_int_latched  inv_mpu.o
    0x0800a080   0x00000084   Code   RO         1159    i.mpu_set_lpf       inv_mpu.o
    0x0800a104   0x000000b4   Code   RO         1160    i.mpu_set_sample_rate  inv_mpu.o
    0x0800a1b8   0x00000168   Code   RO         1161    i.mpu_set_sensors   inv_mpu.o
    0x0800a320   0x00000080   Code   RO         1162    i.mpu_write_mem     inv_mpu.o
    0x0800a3a0   0x000000d4   Code   RO          463    i.onTransferReceived  can.o
    0x0800a474   0x0000001c   Code   RO          818    i.outp              ds18.o
    0x0800a490   0x00000070   Code   RO          598    i.prepareForNextTransfer  canard.o
    0x0800a500   0x00000022   Code   RO          599    i.prependRxState    canard.o
    0x0800a522   0x00000002   PAD
    0x0800a524   0x00000098   Code   RO         5196    i.prvAddCurrentTaskToDelayedList  tasks.o
    0x0800a5bc   0x000000dc   Code   RO         5197    i.prvAddNewTaskToReadyList  tasks.o
    0x0800a698   0x00000064   Code   RO         5562    i.prvCheckForValidListAndQueue  timers.o
    0x0800a6fc   0x00000064   Code   RO         5198    i.prvCheckTasksWaitingTermination  tasks.o
    0x0800a760   0x0000002a   Code   RO         4963    i.prvCopyDataFromQueue  queue.o
    0x0800a78a   0x0000007c   Code   RO         4964    i.prvCopyDataToQueue  queue.o
    0x0800a806   0x00000012   Code   RO         5199    i.prvDeleteTCB      tasks.o
    0x0800a818   0x00000028   Code   RO         5563    i.prvGetNextExpireTime  timers.o
    0x0800a840   0x0000007c   Code   RO         5692    i.prvHeapInit       heap_4.o
    0x0800a8bc   0x00000028   Code   RO         5200    i.prvIdleTask       tasks.o
    0x0800a8e4   0x0000003a   Code   RO         4966    i.prvInitialiseNewQueue  queue.o
    0x0800a91e   0x00000002   PAD
    0x0800a920   0x000000d0   Code   RO         5201    i.prvInitialiseNewTask  tasks.o
    0x0800a9f0   0x0000006c   Code   RO         5564    i.prvInitialiseNewTimer  timers.o
    0x0800aa5c   0x00000068   Code   RO         5202    i.prvInitialiseTaskLists  tasks.o
    0x0800aac4   0x00000068   Code   RO         5693    i.prvInsertBlockIntoFreeList  heap_4.o
    0x0800ab2c   0x00000058   Code   RO         5565    i.prvInsertTimerInActiveList  timers.o
    0x0800ab84   0x0000001a   Code   RO         4967    i.prvIsQueueEmpty   queue.o
    0x0800ab9e   0x0000001e   Code   RO         4968    i.prvIsQueueFull    queue.o
    0x0800abbc   0x0000006a   Code   RO         5203    i.prvListTasksWithinSingleList  tasks.o
    0x0800ac26   0x00000002   PAD
    0x0800ac28   0x000000a0   Code   RO         4969    i.prvNotifyQueueSetContainer  queue.o
    0x0800acc8   0x00000080   Code   RO         5566    i.prvProcessExpiredTimer  timers.o
    0x0800ad48   0x0000012c   Code   RO         5567    i.prvProcessReceivedCommands  timers.o
    0x0800ae74   0x00000074   Code   RO         5568    i.prvProcessTimerOrBlockTask  timers.o
    0x0800aee8   0x00000034   Code   RO         5204    i.prvResetNextTaskUnblockTime  tasks.o
    0x0800af1c   0x0000002c   Code   RO         5569    i.prvSampleTimeNow  timers.o
    0x0800af48   0x000000bc   Code   RO         5570    i.prvSwitchTimerLists  timers.o
    0x0800b004   0x00000016   Code   RO         5205    i.prvTaskCheckFreeStackSpace  tasks.o
    0x0800b01a   0x00000002   PAD
    0x0800b01c   0x00000070   Code   RO         5742    i.prvTaskExitError  port.o
    0x0800b08c   0x00000074   Code   RO         5206    i.prvTaskIsTaskSuspended  tasks.o
    0x0800b100   0x0000001e   Code   RO         4815    i.prvTestWaitCondition  event_groups.o
    0x0800b11e   0x0000001a   Code   RO         5571    i.prvTimerTask      timers.o
    0x0800b138   0x00000092   Code   RO         4970    i.prvUnlockQueue    queue.o
    0x0800b1ca   0x00000002   PAD
    0x0800b1cc   0x000000b0   Code   RO          600    i.pushTxQueue       canard.o
    0x0800b27c   0x00000154   Code   RO         5694    i.pvPortMalloc      heap_4.o
    0x0800b3d0   0x00000020   Code   RO         5208    i.pvTaskIncrementMutexHeldCount  tasks.o
    0x0800b3f0   0x00000024   Code   RO         5743    i.pxPortInitialiseStack  port.o
    0x0800b414   0x000000f4   Code   RO            9    i.query_task        main.o
    0x0800b508   0x0000002e   Code   RO          601    i.releaseStatePayload  canard.o
    0x0800b536   0x00000002   PAD
    0x0800b538   0x000001fc   Code   RO           10    i.run_self_test     main.o
    0x0800b734   0x00000090   Code   RO         1163    i.set_int_enable    inv_mpu.o
    0x0800b7c4   0x00000238   Code   RO         1164    i.setup_compass     inv_mpu.o
    0x0800b9fc   0x000000e8   Code   RO          464    i.shouldAcceptTransfer  can.o
    0x0800bae4   0x00000270   Code   RO           11    i.start_task        main.o
    0x0800bd54   0x00000090   Code   RO           12    i.tap_cb            main.o
    0x0800bde4   0x000000cc   Code   RO           13    i.temp_task         main.o
    0x0800beb0   0x0000000c   Code   RO          819    i.tickDelay         ds18.o
    0x0800bebc   0x0000003c   Code   RO          603    i.traverseRxStates  canard.o
    0x0800bef8   0x000000a4   Code   RO         2807    i.uart_init         usart.o
    0x0800bf9c   0x00000044   Code   RO           14    i.uavcan_task       main.o
    0x0800bfe0   0x00000028   Code   RO         4926    i.uxListRemove      list.o
    0x0800c008   0x0000000c   Code   RO         5210    i.uxTaskGetNumberOfTasks  tasks.o
    0x0800c014   0x000000b0   Code   RO         5211    i.uxTaskGetSystemState  tasks.o
    0x0800c0c4   0x0000001c   Code   RO         5215    i.uxTaskResetEventItemValue  tasks.o
    0x0800c0e0   0x0000001a   Code   RO         4927    i.vListInitialise   list.o
    0x0800c0fa   0x00000006   Code   RO         4928    i.vListInitialiseItem  list.o
    0x0800c100   0x00000034   Code   RO         4929    i.vListInsert       list.o
    0x0800c134   0x00000018   Code   RO         4930    i.vListInsertEnd    list.o
    0x0800c14c   0x00000088   Code   RO         5745    i.vPortEnterCritical  port.o
    0x0800c1d4   0x00000070   Code   RO         5746    i.vPortExitCritical  port.o
    0x0800c244   0x000000b8   Code   RO         5695    i.vPortFree         heap_4.o
    0x0800c2fc   0x00000020   Code   RO         5747    i.vPortSetupTimerInterrupt  port.o
    0x0800c31c   0x000000a0   Code   RO         5748    i.vPortValidateInterruptPriority  port.o
    0x0800c3bc   0x00000044   Code   RO         4976    i.vQueueAddToRegistry  queue.o
    0x0800c400   0x0000004a   Code   RO         4980    i.vQueueWaitForMessageRestricted  queue.o
    0x0800c44a   0x00000002   PAD
    0x0800c44c   0x0000007c   Code   RO         5216    i.vTaskDelay        tasks.o
    0x0800c4c8   0x000000e0   Code   RO         5217    i.vTaskDelayUntil   tasks.o
    0x0800c5a8   0x00000124   Code   RO         5218    i.vTaskDelete       tasks.o
    0x0800c6cc   0x00000078   Code   RO         5220    i.vTaskGetInfo      tasks.o
    0x0800c744   0x0000000c   Code   RO         5222    i.vTaskMissedYield  tasks.o
    0x0800c750   0x00000054   Code   RO         5224    i.vTaskPlaceOnEventList  tasks.o
    0x0800c7a4   0x00000060   Code   RO         5225    i.vTaskPlaceOnEventListRestricted  tasks.o
    0x0800c804   0x0000007c   Code   RO         5226    i.vTaskPlaceOnUnorderedEventList  tasks.o
    0x0800c880   0x000000c0   Code   RO         5227    i.vTaskPriorityInherit  tasks.o
    0x0800c940   0x000000c4   Code   RO         5229    i.vTaskResume       tasks.o
    0x0800ca04   0x0000004c   Code   RO         5231    i.vTaskSetTimeOutState  tasks.o
    0x0800ca50   0x000000ac   Code   RO         5232    i.vTaskStartScheduler  tasks.o
    0x0800cafc   0x00000110   Code   RO         5233    i.vTaskSuspend      tasks.o
    0x0800cc0c   0x00000010   Code   RO         5234    i.vTaskSuspendAll   tasks.o
    0x0800cc1c   0x000000cc   Code   RO         5235    i.vTaskSwitchContext  tasks.o
    0x0800cce8   0x0000001a   Code   RO         4822    i.xEventGroupCreate  event_groups.o
    0x0800cd02   0x00000002   PAD
    0x0800cd04   0x000000e8   Code   RO         4824    i.xEventGroupSetBits  event_groups.o
    0x0800cdec   0x00000158   Code   RO         4827    i.xEventGroupWaitBits  event_groups.o
    0x0800cf44   0x000000a0   Code   RO         5749    i.xPortStartScheduler  port.o
    0x0800cfe4   0x00000034   Code   RO         5750    i.xPortSysTickHandler  port.o
    0x0800d018   0x00000074   Code   RO         4985    i.xQueueGenericCreate  queue.o
    0x0800d08c   0x00000240   Code   RO         4986    i.xQueueGenericReceive  queue.o
    0x0800d2cc   0x000000b0   Code   RO         4987    i.xQueueGenericReset  queue.o
    0x0800d37c   0x000001f4   Code   RO         4988    i.xQueueGenericSend  queue.o
    0x0800d570   0x00000134   Code   RO         4989    i.xQueueGenericSendFromISR  queue.o
    0x0800d6a4   0x00000120   Code   RO         4990    i.xQueueGiveFromISR  queue.o
    0x0800d7c4   0x000000a0   Code   RO         5236    i.xTaskCheckForTimeOut  tasks.o
    0x0800d864   0x00000060   Code   RO         5237    i.xTaskCreate       tasks.o
    0x0800d8c4   0x00000020   Code   RO         5242    i.xTaskGetSchedulerState  tasks.o
    0x0800d8e4   0x0000000c   Code   RO         5243    i.xTaskGetTickCount  tasks.o
    0x0800d8f0   0x00000014   Code   RO         5244    i.xTaskGetTickCountFromISR  tasks.o
    0x0800d904   0x00000168   Code   RO         5245    i.xTaskIncrementTick  tasks.o
    0x0800da6c   0x000000e8   Code   RO         5248    i.xTaskPriorityDisinherit  tasks.o
    0x0800db54   0x000000b8   Code   RO         5249    i.xTaskRemoveFromEventList  tasks.o
    0x0800dc0c   0x000000c4   Code   RO         5250    i.xTaskRemoveFromUnorderedEventList  tasks.o
    0x0800dcd0   0x00000124   Code   RO         5251    i.xTaskResumeAll    tasks.o
    0x0800ddf4   0x00000030   Code   RO         5574    i.xTimerCreate      timers.o
    0x0800de24   0x00000074   Code   RO         5575    i.xTimerCreateTimerTask  timers.o
    0x0800de98   0x000000a4   Code   RO         5576    i.xTimerGenericCommand  timers.o
    0x0800df3c   0x0000002c   Code   RO         6883    locale$$code        c_w.l(lc_numeric_c.o)
    0x0800df68   0x00000018   Code   RO         6767    x$fpl$dcmpinf       fz_ws.l(dcmpi.o)
    0x0800df80   0x0000005e   Code   RO         6655    x$fpl$dfix          fz_ws.l(dfix.o)
    0x0800dfde   0x0000002e   Code   RO         6660    x$fpl$dflt          fz_ws.l(dflt_clz.o)
    0x0800e00c   0x00000078   Code   RO         6665    x$fpl$dleqf         fz_ws.l(dleqf.o)
    0x0800e084   0x00000154   Code   RO         6667    x$fpl$dmul          fz_ws.l(dmul.o)
    0x0800e1d8   0x0000009c   Code   RO         6769    x$fpl$dnaninf       fz_ws.l(dnaninf.o)
    0x0800e274   0x0000000c   Code   RO         6771    x$fpl$dretinf       fz_ws.l(dretinf.o)
    0x0800e280   0x0000006c   Code   RO         6669    x$fpl$drleqf        fz_ws.l(drleqf.o)
    0x0800e2ec   0x00000056   Code   RO         6671    x$fpl$f2d           fz_ws.l(f2d.o)
    0x0800e342   0x00000002   PAD
    0x0800e344   0x000000c4   Code   RO         6673    x$fpl$fadd          fz_ws.l(faddsub_clz.o)
    0x0800e408   0x00000018   Code   RO         6775    x$fpl$fcmpinf       fz_ws.l(fcmpi.o)
    0x0800e420   0x00000184   Code   RO         6680    x$fpl$fdiv          fz_ws.l(fdiv.o)
    0x0800e5a4   0x00000036   Code   RO         6685    x$fpl$ffix          fz_ws.l(ffix.o)
    0x0800e5da   0x00000002   PAD
    0x0800e5dc   0x0000003e   Code   RO         6689    x$fpl$ffixu         fz_ws.l(ffixu.o)
    0x0800e61a   0x00000002   PAD
    0x0800e61c   0x00000030   Code   RO         6694    x$fpl$fflt          fz_ws.l(fflt_clz.o)
    0x0800e64c   0x00000026   Code   RO         6693    x$fpl$ffltu         fz_ws.l(fflt_clz.o)
    0x0800e672   0x00000002   PAD
    0x0800e674   0x00000068   Code   RO         6699    x$fpl$fleqf         fz_ws.l(fleqf.o)
    0x0800e6dc   0x00000102   Code   RO         6701    x$fpl$fmul          fz_ws.l(fmul.o)
    0x0800e7de   0x0000008c   Code   RO         6777    x$fpl$fnaninf       fz_ws.l(fnaninf.o)
    0x0800e86a   0x0000000a   Code   RO         6779    x$fpl$fretinf       fz_ws.l(fretinf.o)
    0x0800e874   0x00000062   Code   RO         6703    x$fpl$frleqf        fz_ws.l(frleqf.o)
    0x0800e8d6   0x00000002   PAD
    0x0800e8d8   0x000000ea   Code   RO         6675    x$fpl$fsub          fz_ws.l(faddsub_clz.o)
    0x0800e9c2   0x00000004   Code   RO         6705    x$fpl$printf1       fz_ws.l(printf1.o)
    0x0800e9c6   0x00000000   Code   RO         6785    x$fpl$usenofp       fz_ws.l(usenofp.o)
    0x0800e9c6   0x00000026   Data   RO          466    .constdata          can.o
    0x0800e9ec   0x00000268   Data   RO         1165    .constdata          inv_mpu.o
    0x0800ec54   0x00000bf6   Data   RO         1482    .constdata          inv_mpu_dmp_motion_driver.o
    0x0800f84a   0x00000002   PAD
    0x0800f84c   0x00000008   Data   RO         5845    .constdata          segger_sysview_freertos.o
    0x0800f854   0x0000001a   Data   RO         6166    .constdata          segger_sysview.o
    0x0800f86e   0x00000028   Data   RO         6579    .constdata          c_w.l(_printf_hex_int.o)
    0x0800f896   0x00000002   PAD
    0x0800f898   0x00000094   Data   RO         6854    .constdata          c_w.l(bigflt0.o)
    0x0800f92c   0x00000056   Data   RO          605    .conststring        canard.o
    0x0800f982   0x00000002   PAD
    0x0800f984   0x00000050   Data   RO         5846    .conststring        segger_sysview_freertos.o
    0x0800f9d4   0x00000020   Data   RO         7042    Region$$Table       anon$$obj.o
    0x0800f9f4   0x0000001c   Data   RO         6882    locale$$data        c_w.l(lc_numeric_c.o)


    Execution Region ER_RW (Base: 0x20000000, Size: 0x00000160, Max: 0xffffffff, ABSOLUTE, COMPRESSED[0x00000038])

    Base Addr    Size         Type   Attr      Idx    E Section Name        Object

    0x20000000   0x00000056   Data   RW           16    .data               main.o
    0x20000056   0x00000002   PAD
    0x20000058   0x00000014   Data   RW          387    .data               system_stm32f10x.o
    0x2000006c   0x0000000d   Data   RW          467    .data               can.o
    0x20000079   0x00000001   PAD
    0x2000007a   0x00000002   Data   RW         1065    .data               i2c.o
    0x2000007c   0x00000038   Data   RW         1166    .data               inv_mpu.o
    0x200000b4   0x00000004   Data   RW         2396    .data               message_layer.o
    0x200000b8   0x00000004   Data   RW         2736    .data               delay.o
    0x200000bc   0x00000006   Data   RW         2809    .data               usart.o
    0x200000c2   0x00000014   Data   RW         3076    .data               stm32f10x_rcc.o
    0x200000d6   0x00000002   PAD
    0x200000d8   0x0000003c   Data   RW         5254    .data               tasks.o
    0x20000114   0x00000014   Data   RW         5584    .data               timers.o
    0x20000128   0x00000018   Data   RW         5700    .data               heap_4.o
    0x20000140   0x0000000c   Data   RW         5751    .data               port.o
    0x2000014c   0x00000004   Data   RW         5847    .data               segger_sysview_freertos.o
    0x20000150   0x0000000d   Data   RW         6167    .data               segger_sysview.o


    Execution Region ER_ZI (Base: 0x20000160, Size: 0x0000bf10, Max: 0xffffffff, ABSOLUTE)

    Base Addr    Size         Type   Attr      Idx    E Section Name        Object

    0x20000160   0x00000150   Zero   RW           15    .bss                main.o
    0x200002b0   0x000005c4   Zero   RW          465    .bss                can.o
    0x20000874   0x00000010   Zero   RW         1481    .bss                inv_mpu_dmp_motion_driver.o
    0x20000884   0x00000004   PAD
    0x20000888   0x00000310   Zero   RW         2008    .bss                data_builder.o
    0x20000b98   0x000000c8   Zero   RW         2808    .bss                usart.o
    0x20000c60   0x00000040   Zero   RW         5000    .bss                queue.o
    0x20000ca0   0x000002e4   Zero   RW         5253    .bss                tasks.o
    0x20000f84   0x00000028   Zero   RW         5583    .bss                timers.o
    0x20000fac   0x0000a000   Zero   RW         5699    .bss                heap_4.o
    0x2000afac   0x000000a0   Zero   RW         5844    .bss                segger_sysview_freertos.o
    0x2000b04c   0x000004b8   Zero   RW         5925    .bss                segger_rtt.o
    0x2000b504   0x0000050b   Zero   RW         6165    .bss                segger_sysview.o
    0x2000ba0f   0x00000001   PAD
    0x2000ba10   0x00000060   Zero   RW         6898    .bss                c_w.l(libspace.o)
    0x2000ba70   0x00000200   Zero   RW         2864    HEAP                startup_stm32f10x_hd.o
    0x2000bc70   0x00000400   Zero   RW         2863    STACK               startup_stm32f10x_hd.o


==============================================================================

Image component sizes


      Code (inc. data)   RO Data    RW Data    ZI Data      Debug   Object Name

       472         28          0          0          0       5440   adc.o
      2420        330         38         13       1476       8684   can.o
      3606        486         86          0          0      28928   canard.o
       302         28          0          0        784       5905   data_builder.o
       300         36          0          4          0       3318   delay.o
       654         56          0          0          0       5659   ds1302.o
       674         44          0          0          0       6341   ds18.o
       632         96          0          0          0      14059   event_groups.o
       752        176          0         24      40960       3855   heap_4.o
      1700         58          0          2          0       7757   i2c.o
      9168       1234        616         56          0      30818   inv_mpu.o
      2520        120       3062          0         16      19816   inv_mpu_dmp_motion_driver.o
        64         12          0          0          0        483   led.o
       148          0          0          0          0       3050   list.o
      3332       1204          0         86        336     328227   main.o
        28          4          0          4          0       1242   message_layer.o
       172         22          0          0          0       2017   misc.o
       250          0          0          0          0       6059   ml_math_func.o
       200        146          0          0          0        559   mpu9250.o
       950        320          0         12          0      10113   port.o
      2692        274          0          0         64      14033   queue.o
       776         54          0          0       1208       8273   segger_rtt.o
      3012        190         26         13       1291      28023   segger_sysview.o
       132         90          0          0          0       1094   segger_sysview_config_freertos.o
       716         40         88          4        160       5740   segger_sysview_freertos.o
        64         26        304          0       1536        796   startup_stm32f10x_hd.o
       702         24          0          0          0      11163   stm32f10x_adc.o
      1180         12          0          0          0       5354   stm32f10x_can.o
       538         36          0          0          0       6128   stm32f10x_dma.o
       448          6          0          0          0       4434   stm32f10x_gpio.o
       532         20          0          0          0       9158   stm32f10x_i2c.o
        20          0          0          0          0       2417   stm32f10x_it.o
       396         56          0         20          0       6603   stm32f10x_rcc.o
      1266        150          0          0          0      13862   stm32f10x_tim.o
       408          6          0          0          0       4934   stm32f10x_usart.o
         0          0          0          0          0         32   sys.o
       328         28          0         20          0       2037   system_stm32f10x.o
      5334       1306          0         60        740      37577   tasks.o
      1466        352          0         20         40       9978   timers.o
      1808        142          0          0          0       7866   ultrasonic.o
       336         28          0          6        200       4575   usart.o

    ----------------------------------------------------------------------
     50566       7240       4256        352      48816     676407   Object Totals
         0          0         32          0          0          0   (incl. Generated)
        68          0          4          8          5          0   (incl. Padding)

    ----------------------------------------------------------------------

      Code (inc. data)   RO Data    RW Data    ZI Data      Debug   Library Member Name

        90          0          0          0          0          0   __dczerorl2.o
         8          0          0          0          0         68   __main.o
       352          0          0          0          0         88   __printf_ss_wp.o
        14          0          0          0          0         68   __printf_wp.o
         0          0          0          0          0          0   __rtentry.o
        12          0          0          0          0          0   __rtentry2.o
         6          0          0          0          0          0   __rtentry4.o
        52          8          0          0          0          0   __scatter.o
        28          0          0          0          0          0   __scatter_zi.o
        44          0          0          0          0        108   _printf_char.o
        48          6          0          0          0         96   _printf_char_common.o
        36          4          0          0          0         80   _printf_char_file.o
         6          0          0          0          0          0   _printf_d.o
       120         16          0          0          0         92   _printf_dec.o
         6          0          0          0          0          0   _printf_f.o
      1050          0          0          0          0        216   _printf_fp_dec.o
       128         16          0          0          0         84   _printf_fp_infnan.o
        88          4         40          0          0         88   _printf_hex_int.o
       178          0          0          0          0         88   _printf_intcommon.o
        78          0          0          0          0        108   _printf_pad.o
         0          0          0          0          0          0   _printf_percent.o
         4          0          0          0          0          0   _printf_percent_end.o
         6          0          0          0          0          0   _printf_s.o
        82          0          0          0          0         80   _printf_str.o
         6          0          0          0          0          0   _printf_x.o
        22          0          0          0          0         80   abort.o
        16          0          0          0          0         68   aeabi_memset.o
       128         42          0          0          0         76   assert.o
        20          0          0          0          0         76   assert_puts.o
       220          4        148          0          0         96   bigflt0.o
      1910        128          0          0          0        672   btod.o
        48         34          0          0          0         76   defsig_abrt_inner.o
        14          0          0          0          0         80   defsig_abrt_outer.o
        10          0          0          0          0         68   defsig_exit.o
        50          0          0          0          0         88   defsig_general.o
        18          0          0          0          0         80   exit.o
         8          0          0          0          0         68   ferror.o
         6          0          0          0          0        152   heapauxi.o
        44         10         28          0          0         76   lc_numeric_c.o
         2          0          0          0          0          0   libinit.o
        18          0          0          0          0          0   libinit2.o
         2          0          0          0          0          0   libshutdown.o
         2          0          0          0          0          0   libshutdown2.o
         8          4          0          0         96         68   libspace.o
        72          0          0          0          0         76   llsdiv.o
       138          0          0          0          0         80   lludiv10.o
       238          0          0          0          0        100   lludivv7m.o
        38          0          0          0          0         68   llushr.o
        88          0          0          0          0         76   memcmp.o
        24          4          0          0          0         84   noretval__2printf.o
         8          4          0          0          0         68   rt_locale_intlibspace.o
        68          0          0          0          0         68   rt_memclr.o
        78          0          0          0          0         80   rt_memclr_w.o
       138          0          0          0          0         68   rt_memcpy_v6.o
       100          0          0          0          0         80   rt_memcpy_w.o
         2          0          0          0          0          0   rtexit.o
        10          0          0          0          0          0   rtexit2.o
       128          0          0          0          0         68   strcmpv7m.o
        72          0          0          0          0         80   strcpy.o
        74          0          0          0          0         80   sys_stackheap_outer.o
         2          0          0          0          0         68   use_no_semi.o
         2          0          0          0          0         68   use_no_semi_2.o
        24          0          0          0          0         68   dcmpi.o
        94          4          0          0          0         92   dfix.o
        46          0          0          0          0         68   dflt_clz.o
       120          4          0          0          0         92   dleqf.o
       340         12          0          0          0        104   dmul.o
       156          4          0          0          0         92   dnaninf.o
        12          0          0          0          0         68   dretinf.o
       108          0          0          0          0         80   drleqf.o
        86          4          0          0          0         84   f2d.o
       430          8          0          0          0        168   faddsub_clz.o
        24          0          0          0          0         68   fcmpi.o
       388         76          0          0          0         96   fdiv.o
        54          4          0          0          0         84   ffix.o
        62          4          0          0          0         84   ffixu.o
        86          0          0          0          0        136   fflt_clz.o
       104          4          0          0          0         84   fleqf.o
       258          4          0          0          0         84   fmul.o
       140          4          0          0          0         84   fnaninf.o
        10          0          0          0          0         68   fretinf.o
        98          0          0          0          0         68   frleqf.o
         4          0          0          0          0         68   printf1.o
         0          0          0          0          0          0   usenofp.o
        40          0          0          0          0         68   fpclassify.o

    ----------------------------------------------------------------------
      8976        416        218          0         96       6208   Library Totals
        24          0          2          0          0          0   (incl. Padding)

    ----------------------------------------------------------------------

      Code (inc. data)   RO Data    RW Data    ZI Data      Debug   Library Name

      6268        284        216          0         96       4300   c_w.l
      2644        132          0          0          0       1840   fz_ws.l
        40          0          0          0          0         68   m_ws.l

    ----------------------------------------------------------------------
      8976        416        218          0         96       6208   Library Totals

    ----------------------------------------------------------------------

==============================================================================


      Code (inc. data)   RO Data    RW Data    ZI Data      Debug   

     59542       7656       4474        352      48912     658483   Grand Totals
     59542       7656       4474         56      48912     658483   ELF Image Totals (compressed)
     59542       7656       4474         56          0          0   ROM Totals

==============================================================================

    Total RO  Size (Code + RO Data)                64016 (  62.52kB)
    Total RW  Size (RW Data + ZI Data)             49264 (  48.11kB)
    Total ROM Size (Code + RO Data + RW Data)      64072 (  62.57kB)

==============================================================================

