<html>
<body>
<pre>
<h1>µVision Build Log</h1>
<h2>Tool Versions:</h2>
IDE-Version: ¦ÌVision V5.23.0.0
Copyright (C) 2017 ARM Ltd and ARM Germany GmbH. All rights reserved.
License Information: QWZ QWZ, QWZ, LIC=KIVDY-I976I-TJF6H-W23FF-06QJM-KDQ9G
 
Tool Versions:
Toolchain:       MDK-ARM Professional  Version: 5.23
Toolchain Path:  C:\Keil_v5\ARM\ARMCC\Bin
C Compiler:      Armcc.exe V5.06 update 4 (build 422)
Assembler:       Armasm.exe V5.06 update 4 (build 422)
Linker/Locator:  ArmLink.exe V5.06 update 4 (build 422)
Library Manager: ArmAr.exe V5.06 update 4 (build 422)
Hex Converter:   FromElf.exe V5.06 update 4 (build 422)
CPU DLL:         SARMCM3.DLL V5.23
Dialog DLL:      DCM.DLL V1.15.0.0
Target DLL:      Segger\JL2CM3.dll V2.99.15.2
Dialog DLL:      TCM.DLL V1.27.0.0
 
<h2>Project:</h2>
C:\WorkingFiles\2nd_PCB\SensorBoard\FW\Sensorboard_Git\USER\CoreSensorBoard.uvprojx
Project File Date:  05/13/2019

<h2>Output:</h2>
*** Using Compiler 'V5.06 update 4 (build 422)', folder: 'C:\Keil_v5\ARM\ARMCC\Bin'
Build target 'SensorBoard'
compiling main.c...
main.c(572): warning:  #177-D: variable "TotalRunTime"  was declared but never referenced
  	u32 TotalRunTime;
main.c(56): warning:  #177-D: variable "compass_pdata"  was declared but never referenced
  static struct platform_data_s compass_pdata = {
main.c: 2 warnings, 0 errors
linking...
Program Size: Code=52824 RO-data=4436 RW-data=356 ZI-data=48884  
FromELF: creating hex file...
"..\OBJ\SensorBoard_v1.0" - 0 Error(s), 2 Warning(s).

<h2>Collection of Component include folders:</h2>
  .\RTE\_SensorBoard
  C:\Keil_v5\ARM\PACK\Keil\STM32F1xx_DFP\2.2.0\Device\Include

<h2>Collection of Component Files used:</h2>
Build Time Elapsed:  00:00:04
</pre>
</body>
</html>
