Component: ARM Compiler 5.06 (build 20) Tool: armlink [4d35a3]

==============================================================================

Section Cross References

    main.o(i.AutoTimerCallback) refers to _printf_percent.o(.ARM.Collect$$_printf_percent$$00000000) for _printf_percent
    main.o(i.AutoTimerCallback) refers to _printf_d.o(.ARM.Collect$$_printf_percent$$00000009) for _printf_d
    main.o(i.AutoTimerCallback) refers to _printf_dec.o(.text) for _printf_int_dec
    main.o(i.AutoTimerCallback) refers to noretval__2printf.o(.text) for __2printf
    main.o(i.AutoTimerCallback) refers to main.o(.data) for timnum
    main.o(i.Board_Init) refers to stm32f10x_rcc.o(i.RCC_APB2PeriphClockCmd) for RCC_APB2PeriphClockCmd
    main.o(i.Board_Init) refers to stm32f10x_gpio.o(i.GPIO_Init) for GPIO_Init
    main.o(i.LED_task) refers to _printf_percent.o(.ARM.Collect$$_printf_percent$$00000000) for _printf_percent
    main.o(i.LED_task) refers to _printf_x.o(.ARM.Collect$$_printf_percent$$0000000C) for _printf_x
    main.o(i.LED_task) refers to _printf_hex_int.o(.text) for _printf_longlong_hex
    main.o(i.LED_task) refers to i2c.o(i.Sensors_I2C_ReadRegister) for Sensors_I2C_ReadRegister
    main.o(i.LED_task) refers to noretval__2printf.o(.text) for __2printf
    main.o(i.LED_task) refers to tasks.o(i.vTaskDelay) for vTaskDelay
    main.o(i.LED_task) refers to main.o(.bss) for gSensor
    main.o(i.android_orient_cb) refers to noretval__2printf.o(.text) for __2printf
    main.o(i.interrupt_task) refers to noretval__2printf.o(.text) for __2printf
    main.o(i.interrupt_task) refers to delay.o(i.delay_xms) for delay_xms
    main.o(i.interrupt_task) refers to tasks.o(i.vTaskDelay) for vTaskDelay
    main.o(i.interrupt_task) refers to main.o(.data) for total_num
    main.o(i.main) refers to _printf_percent.o(.ARM.Collect$$_printf_percent$$00000000) for _printf_percent
    main.o(i.main) refers to _printf_d.o(.ARM.Collect$$_printf_percent$$00000009) for _printf_d
    main.o(i.main) refers to _printf_dec.o(.text) for _printf_int_dec
    main.o(i.main) refers to misc.o(i.NVIC_PriorityGroupConfig) for NVIC_PriorityGroupConfig
    main.o(i.main) refers to segger_sysview_config_freertos.o(i.SEGGER_SYSVIEW_Conf) for SEGGER_SYSVIEW_Conf
    main.o(i.main) refers to delay.o(i.delay_init) for delay_init
    main.o(i.main) refers to usart.o(i.uart_init) for uart_init
    main.o(i.main) refers to main.o(i.Board_Init) for Board_Init
    main.o(i.main) refers to adc.o(i.Infra_Init) for Infra_Init
    main.o(i.main) refers to ultrasonic.o(i.Ultrasonic_Init) for Ultrasonic_Init
    main.o(i.main) refers to ds1302.o(i.Init_DS1302) for Init_DS1302
    main.o(i.main) refers to can.o(i.CAN_Configuration) for CAN_Configuration
    main.o(i.main) refers to led.o(i.LED_Init) for LED_Init
    main.o(i.main) refers to ds18.o(i.DS18B20_Init) for DS18B20_Init
    main.o(i.main) refers to noretval__2printf.o(.text) for __2printf
    main.o(i.main) refers to i2c.o(i.I2cMaster_Init) for I2cMaster_Init
    main.o(i.main) refers to i2c.o(i.Set_I2C_Retry) for Set_I2C_Retry
    main.o(i.main) refers to inv_mpu.o(i.mpu_init) for mpu_init
    main.o(i.main) refers to mpu9250.o(i.DMPSetup) for DMPSetup
    main.o(i.main) refers to inv_mpu_dmp_motion_driver.o(i.dmp_load_motion_driver_firmware) for dmp_load_motion_driver_firmware
    main.o(i.main) refers to ml_math_func.o(i.inv_orientation_matrix_to_scalar) for inv_orientation_matrix_to_scalar
    main.o(i.main) refers to inv_mpu_dmp_motion_driver.o(i.dmp_set_orientation) for dmp_set_orientation
    main.o(i.main) refers to inv_mpu_dmp_motion_driver.o(i.dmp_register_tap_cb) for dmp_register_tap_cb
    main.o(i.main) refers to inv_mpu_dmp_motion_driver.o(i.dmp_register_android_orient_cb) for dmp_register_android_orient_cb
    main.o(i.main) refers to inv_mpu_dmp_motion_driver.o(i.dmp_enable_feature) for dmp_enable_feature
    main.o(i.main) refers to inv_mpu_dmp_motion_driver.o(i.dmp_set_fifo_rate) for dmp_set_fifo_rate
    main.o(i.main) refers to main.o(i.run_self_test) for run_self_test
    main.o(i.main) refers to inv_mpu.o(i.mpu_set_dmp_state) for mpu_set_dmp_state
    main.o(i.main) refers to tasks.o(i.xTaskCreate) for xTaskCreate
    main.o(i.main) refers to tasks.o(i.vTaskStartScheduler) for vTaskStartScheduler
    main.o(i.main) refers to can.o(.data) for UAVCAN_NODE_ID_SELF_ID
    main.o(i.main) refers to main.o(.data) for chk
    main.o(i.main) refers to main.o(i.tap_cb) for tap_cb
    main.o(i.main) refers to main.o(i.android_orient_cb) for android_orient_cb
    main.o(i.main) refers to main.o(.bss) for hal
    main.o(i.main) refers to main.o(i.start_task) for start_task
    main.o(i.query_task) refers to _printf_percent.o(.ARM.Collect$$_printf_percent$$00000000) for _printf_percent
    main.o(i.query_task) refers to _printf_d.o(.ARM.Collect$$_printf_percent$$00000009) for _printf_d
    main.o(i.query_task) refers to _printf_s.o(.ARM.Collect$$_printf_percent$$00000014) for _printf_s
[...]
    SEGGER_RTT_ReadNoLock                    0x08003445   Thumb Code   148  segger_rtt.o(i.SEGGER_RTT_ReadNoLock)
    SEGGER_RTT_WriteSkipNoLock               0x080034dd   Thumb Code   172  segger_rtt.o(i.SEGGER_RTT_WriteSkipNoLock)
    SEGGER_SYSVIEW_Conf                      0x0800358d   Thumb Code    26  segger_sysview_config_freertos.o(i.SEGGER_SYSVIEW_Conf)
    SEGGER_SYSVIEW_EncodeU32                 0x080035b5   Thumb Code    38  segger_sysview.o(i.SEGGER_SYSVIEW_EncodeU32)
    SEGGER_SYSVIEW_GetSysDesc                0x080035dd   Thumb Code   180  segger_sysview.o(i.SEGGER_SYSVIEW_GetSysDesc)
    SEGGER_SYSVIEW_Init                      0x08003699   Thumb Code    74  segger_sysview.o(i.SEGGER_SYSVIEW_Init)
    SEGGER_SYSVIEW_OnIdle                    0x080036fd   Thumb Code    48  segger_sysview.o(i.SEGGER_SYSVIEW_OnIdle)
    SEGGER_SYSVIEW_OnTaskCreate              0x08003731   Thumb Code    92  segger_sysview.o(i.SEGGER_SYSVIEW_OnTaskCreate)
    SEGGER_SYSVIEW_OnTaskStartExec           0x08003795   Thumb Code    92  segger_sysview.o(i.SEGGER_SYSVIEW_OnTaskStartExec)
    SEGGER_SYSVIEW_OnTaskStartReady          0x080037f9   Thumb Code    92  segger_sysview.o(i.SEGGER_SYSVIEW_OnTaskStartReady)
    SEGGER_SYSVIEW_RecordSystime             0x0800385d   Thumb Code    52  segger_sysview.o(i.SEGGER_SYSVIEW_RecordSystime)
    SEGGER_SYSVIEW_RecordU32                 0x08003899   Thumb Code    88  segger_sysview.o(i.SEGGER_SYSVIEW_RecordU32)
    SEGGER_SYSVIEW_RecordU32x2               0x080038f5   Thumb Code   118  segger_sysview.o(i.SEGGER_SYSVIEW_RecordU32x2)
    SEGGER_SYSVIEW_RecordU32x3               0x08003971   Thumb Code   148  segger_sysview.o(i.SEGGER_SYSVIEW_RecordU32x3)
    SEGGER_SYSVIEW_RecordVoid                0x08003a09   Thumb Code    50  segger_sysview.o(i.SEGGER_SYSVIEW_RecordVoid)
    SEGGER_SYSVIEW_SendModule                0x08003a41   Thumb Code   162  segger_sysview.o(i.SEGGER_SYSVIEW_SendModule)
    SEGGER_SYSVIEW_SendModuleDescription     0x08003aed   Thumb Code    30  segger_sysview.o(i.SEGGER_SYSVIEW_SendModuleDescription)
    SEGGER_SYSVIEW_SendNumModules            0x08003b11   Thumb Code    80  segger_sysview.o(i.SEGGER_SYSVIEW_SendNumModules)
    SEGGER_SYSVIEW_SendPacket                0x08003b69   Thumb Code    52  segger_sysview.o(i.SEGGER_SYSVIEW_SendPacket)
    SEGGER_SYSVIEW_SendSysDesc               0x08003b9d   Thumb Code    66  segger_sysview.o(i.SEGGER_SYSVIEW_SendSysDesc)
    SEGGER_SYSVIEW_SendTaskInfo              0x08003be5   Thumb Code   264  segger_sysview.o(i.SEGGER_SYSVIEW_SendTaskInfo)
    SEGGER_SYSVIEW_SendTaskList              0x08003cf5   Thumb Code    26  segger_sysview.o(i.SEGGER_SYSVIEW_SendTaskList)
    SEGGER_SYSVIEW_SetRAMBase                0x08003d15   Thumb Code     6  segger_sysview.o(i.SEGGER_SYSVIEW_SetRAMBase)
    SEGGER_SYSVIEW_ShrinkId                  0x08003d21   Thumb Code    12  segger_sysview.o(i.SEGGER_SYSVIEW_ShrinkId)
    SEGGER_SYSVIEW_Start                     0x08003d31   Thumb Code   248  segger_sysview.o(i.SEGGER_SYSVIEW_Start)
    SEGGER_SYSVIEW_Stop                      0x08003e35   Thumb Code    60  segger_sysview.o(i.SEGGER_SYSVIEW_Stop)
    SEGGER_SYSVIEW_Warn                      0x08003e79   Thumb Code   122  segger_sysview.o(i.SEGGER_SYSVIEW_Warn)
    ST_Sensors_I2C_ReadRegister              0x08003ef9   Thumb Code   952  i2c.o(i.ST_Sensors_I2C_ReadRegister)
    ST_Sensors_I2C_WriteRegister             0x080042bd   Thumb Code   320  i2c.o(i.ST_Sensors_I2C_WriteRegister)
    SYSVIEW_AddTask                          0x08004409   Thumb Code   150  segger_sysview_freertos.o(i.SYSVIEW_AddTask)
    SYSVIEW_DeleteTask                       0x080044b5   Thumb Code   262  segger_sysview_freertos.o(i.SYSVIEW_DeleteTask)
    SYSVIEW_RecordU32x4                      0x080045c5   Thumb Code    76  segger_sysview_freertos.o(i.SYSVIEW_RecordU32x4)
    SYSVIEW_SendTaskInfo                     0x08004611   Thumb Code    50  segger_sysview_freertos.o(i.SYSVIEW_SendTaskInfo)
    Sensors_I2C_ReadRegister                 0x08004643   Thumb Code    76  i2c.o(i.Sensors_I2C_ReadRegister)
    Sensors_I2C_WriteRegister                0x0800468f   Thumb Code    76  i2c.o(i.Sensors_I2C_WriteRegister)
    Set_I2C_Retry                            0x080047c5   Thumb Code     6  i2c.o(i.Set_I2C_Retry)
    Sonar01_init                             0x080047d1   Thumb Code   200  ultrasonic.o(i.Sonar01_init)
    Sonar02_init                             0x080048a9   Thumb Code   200  ultrasonic.o(i.Sonar02_init)
    Sonar03_init                             0x08004981   Thumb Code   200  ultrasonic.o(i.Sonar03_init)
    Sonar04_init                             0x08004a59   Thumb Code   188  ultrasonic.o(i.Sonar04_init)
    Sonar05_init                             0x08004b21   Thumb Code   194  ultrasonic.o(i.Sonar05_init)
    Sonar06_init                             0x08004bf5   Thumb Code   196  ultrasonic.o(i.Sonar06_init)
    SysTick_CLKSourceConfig                  0x08004ccd   Thumb Code    40  misc.o(i.SysTick_CLKSourceConfig)
    SysTick_Handler                          0x08004cf5   Thumb Code    26  delay.o(i.SysTick_Handler)
    SystemInit                               0x08004d15   Thumb Code    78  system_stm32f10x.o(i.SystemInit)
    TIM1_CC_IRQHandler                       0x08004fb5   Thumb Code    64  ultrasonic.o(i.TIM1_CC_IRQHandler)
    TIM2_IRQHandler                          0x08004ffd   Thumb Code   176  ultrasonic.o(i.TIM2_IRQHandler)
    TIM3_IRQHandler                          0x080050b1   Thumb Code    56  ultrasonic.o(i.TIM3_IRQHandler)
    TIM4_IRQHandler                          0x080050f1   Thumb Code    56  ultrasonic.o(i.TIM4_IRQHandler)
    TIM5_IRQHandler                          0x08005131   Thumb Code    56  ultrasonic.o(i.TIM5_IRQHandler)
    TIM8_CC_IRQHandler                       0x08005171   Thumb Code    64  ultrasonic.o(i.TIM8_CC_IRQHandler)
    TIM_ClearFlag                            0x080051b9   Thumb Code     6  stm32f10x_tim.o(i.TIM_ClearFlag)
    TIM_ClearITPendingBit                    0x080051bf   Thumb Code     6  stm32f10x_tim.o(i.TIM_ClearITPendingBit)
    TIM_Cmd                                  0x080051c5   Thumb Code    24  stm32f10x_tim.o(i.TIM_Cmd)
    TIM_GetCapture2                          0x080051dd   Thumb Code     6  stm32f10x_tim.o(i.TIM_GetCapture2)
    TIM_GetCapture3                          0x080051e3   Thumb Code     6  stm32f10x_tim.o(i.TIM_GetCapture3)
    TIM_GetFlagStatus                        0x080051e9   Thumb Code    18  stm32f10x_tim.o(i.TIM_GetFlagStatus)
    TIM_ICInit                               0x080051fd   Thumb Code   150  stm32f10x_tim.o(i.TIM_ICInit)
    TIM_ITConfig                             0x080052a9   Thumb Code    18  stm32f10x_tim.o(i.TIM_ITConfig)
    TIM_PWMIConfig                           0x080052bb   Thumb Code   124  stm32f10x_tim.o(i.TIM_PWMIConfig)
    TIM_SelectInputTrigger                   0x08005337   Thumb Code    18  stm32f10x_tim.o(i.TIM_SelectInputTrigger)
    TIM_SelectMasterSlaveMode                0x08005349   Thumb Code    18  stm32f10x_tim.o(i.TIM_SelectMasterSlaveMode)
    TIM_SelectSlaveMode                      0x0800535b   Thumb Code    18  stm32f10x_tim.o(i.TIM_SelectSlaveMode)
    TIM_SetIC1Prescaler                      0x0800536d   Thumb Code    18  stm32f10x_tim.o(i.TIM_SetIC1Prescaler)
    TIM_SetIC2Prescaler                      0x0800537f   Thumb Code    26  stm32f10x_tim.o(i.TIM_SetIC2Prescaler)
    TIM_SetIC3Prescaler                      0x08005399   Thumb Code    18  stm32f10x_tim.o(i.TIM_SetIC3Prescaler)
    TIM_SetIC4Prescaler                      0x080053ab   Thumb Code    26  stm32f10x_tim.o(i.TIM_SetIC4Prescaler)
    TIM_TimeBaseInit                         0x080053c5   Thumb Code   122  stm32f10x_tim.o(i.TIM_TimeBaseInit)
    USART1_IRQHandler                        0x08005469   Thumb Code   122  usart.o(i.USART1_IRQHandler)
    USART_Cmd                                0x080054f1   Thumb Code    24  stm32f10x_usart.o(i.USART_Cmd)
    USART_GetITStatus                        0x08005509   Thumb Code    84  stm32f10x_usart.o(i.USART_GetITStatus)
    USART_ITConfig                           0x0800555d   Thumb Code    74  stm32f10x_usart.o(i.USART_ITConfig)
    USART_Init                               0x080055a9   Thumb Code   210  stm32f10x_usart.o(i.USART_Init)
    USART_ReceiveData                        0x08005681   Thumb Code    10  stm32f10x_usart.o(i.USART_ReceiveData)
    USB_LP_CAN1_RX0_IRQHandler               0x0800568d   Thumb Code    56  can.o(i.USB_LP_CAN1_RX0_IRQHandler)
    Ultrasonic_Init                          0x080056d1   Thumb Code    28  ultrasonic.o(i.Ultrasonic_Init)
    UsageFault_Handler                       0x080056ed   Thumb Code     4  stm32f10x_it.o(i.UsageFault_Handler)
    Write1302                                0x080056f1   Thumb Code    66  ds1302.o(i.Write1302)
    __ARM_fpclassify                         0x08005a31   Thumb Code    40  fpclassify.o(i.__ARM_fpclassify)
    _is_digit                                0x08005b49   Thumb Code    14  __printf_wp.o(i._is_digit)
    _sys_exit                                0x08005b57   Thumb Code     4  usart.o(i._sys_exit)
    _ttywrch                                 0x08005b5b   Thumb Code     4  usart.o(i._ttywrch)
    canardGetLocalNodeID                     0x08006261   Thumb Code     6  canard.o(i.canardGetLocalNodeID)
    canardHandleRxFrame                      0x08006269   Thumb Code  1018  canard.o(i.canardHandleRxFrame)
    canardInit                               0x080066a5   Thumb Code    84  canard.o(i.canardInit)
    canardReleaseRxTransferPayload           0x08006725   Thumb Code    42  canard.o(i.canardReleaseRxTransferPayload)
    canardSetLocalNodeID                     0x08006751   Thumb Code    48  canard.o(i.canardSetLocalNodeID)
    delay_init                               0x080069d9   Thumb Code    74  delay.o(i.delay_init)
    delay_ms                                 0x08006a35   Thumb Code    60  delay.o(i.delay_ms)
    delay_us                                 0x08006a75   Thumb Code    68  delay.o(i.delay_us)
    delay_xms                                0x08006abd   Thumb Code    24  delay.o(i.delay_xms)
    dmp_enable_6x_lp_quat                    0x08006ad5   Thumb Code    60  inv_mpu_dmp_motion_driver.o(i.dmp_enable_6x_lp_quat)
    dmp_enable_feature                       0x08006b11   Thumb Code   530  inv_mpu_dmp_motion_driver.o(i.dmp_enable_feature)
    dmp_enable_gyro_cal                      0x08006d2d   Thumb Code    62  inv_mpu_dmp_motion_driver.o(i.dmp_enable_gyro_cal)
    dmp_enable_lp_quat                       0x08006d85   Thumb Code    60  inv_mpu_dmp_motion_driver.o(i.dmp_enable_lp_quat)
    dmp_load_motion_driver_firmware          0x08006dc1   Thumb Code    20  inv_mpu_dmp_motion_driver.o(i.dmp_load_motion_driver_firmware)
    dmp_register_android_orient_cb           0x08006dd9   Thumb Code    10  inv_mpu_dmp_motion_driver.o(i.dmp_register_android_orient_cb)
    dmp_register_tap_cb                      0x08006de9   Thumb Code    10  inv_mpu_dmp_motion_driver.o(i.dmp_register_tap_cb)
    dmp_set_fifo_rate                        0x08006df9   Thumb Code    96  inv_mpu_dmp_motion_driver.o(i.dmp_set_fifo_rate)
    dmp_set_orientation                      0x08006e69   Thumb Code   290  inv_mpu_dmp_motion_driver.o(i.dmp_set_orientation)
    dmp_set_shake_reject_thresh              0x08006fa1   Thumb Code    56  inv_mpu_dmp_motion_driver.o(i.dmp_set_shake_reject_thresh)
    dmp_set_shake_reject_time                0x08006fd9   Thumb Code    38  inv_mpu_dmp_motion_driver.o(i.dmp_set_shake_reject_time)
    dmp_set_shake_reject_timeout             0x08006fff   Thumb Code    38  inv_mpu_dmp_motion_driver.o(i.dmp_set_shake_reject_timeout)
    dmp_set_tap_axes                         0x08007025   Thumb Code    70  inv_mpu_dmp_motion_driver.o(i.dmp_set_tap_axes)
    dmp_set_tap_count                        0x0800706b   Thumb Code    38  inv_mpu_dmp_motion_driver.o(i.dmp_set_tap_count)
    dmp_set_tap_thresh                       0x08007091   Thumb Code   396  inv_mpu_dmp_motion_driver.o(i.dmp_set_tap_thresh)
    dmp_set_tap_time                         0x08007231   Thumb Code    38  inv_mpu_dmp_motion_driver.o(i.dmp_set_tap_time)
    dmp_set_tap_time_multi                   0x08007257   Thumb Code    38  inv_mpu_dmp_motion_driver.o(i.dmp_set_tap_time_multi)
    eTaskGetState                            0x0800727d   Thumb Code   102  tasks.o(i.eTaskGetState)
    event_task                               0x0800731d   Thumb Code     4  main.o(i.event_task)
    fputc                                    0x08007379   Thumb Code    24  usart.o(i.fputc)
    inp                                      0x08007c51   Thumb Code    24  ds18.o(i.inp)
    interrupt_task                           0x08007c6d   Thumb Code    56  main.o(i.interrupt_task)
    inv_apply_calibration                    0x08007cd9   Thumb Code   106  data_builder.o(i.inv_apply_calibration)
    inv_convert_to_body_with_scale           0x08007d43   Thumb Code   114  ml_math_func.o(i.inv_convert_to_body_with_scale)
    inv_orientation_matrix_to_scalar         0x08007db5   Thumb Code    40  ml_math_func.o(i.inv_orientation_matrix_to_scalar)
    inv_q30_mult                             0x08007ddd   Thumb Code    18  ml_math_func.o(i.inv_q30_mult)
    inv_set_accel_bias                       0x08007e3d   Thumb Code    66  data_builder.o(i.inv_set_accel_bias)
    inv_set_gyro_bias                        0x08007e8d   Thumb Code   102  data_builder.o(i.inv_set_gyro_bias)
    inv_set_message                          0x08007f01   Thumb Code    24  message_layer.o(i.inv_set_message)
    main                                     0x08007f1d   Thumb Code   250  main.o(i.main)
    mpu_configure_fifo                       0x080080c5   Thumb Code   106  inv_mpu.o(i.mpu_configure_fifo)
    mpu_get_accel_fsr                        0x08008135   Thumb Code    72  inv_mpu.o(i.mpu_get_accel_fsr)
    mpu_get_accel_sens                       0x08008181   Thumb Code    78  inv_mpu.o(i.mpu_get_accel_sens)
    mpu_get_fifo_config                      0x080081d5   Thumb Code    12  inv_mpu.o(i.mpu_get_fifo_config)
    mpu_get_gyro_fsr                         0x080081e5   Thumb Code    64  inv_mpu.o(i.mpu_get_gyro_fsr)
    mpu_get_gyro_sens                        0x08008229   Thumb Code    58  inv_mpu.o(i.mpu_get_gyro_sens)
    mpu_get_lpf                              0x08008279   Thumb Code    74  inv_mpu.o(i.mpu_get_lpf)
    mpu_get_sample_rate                      0x080082c9   Thumb Code    26  inv_mpu.o(i.mpu_get_sample_rate)
    mpu_init                                 0x080082e9   Thumb Code   372  inv_mpu.o(i.mpu_init)
    mpu_load_firmware                        0x0800849d   Thumb Code   180  inv_mpu.o(i.mpu_load_firmware)
    mpu_lp_accel_mode                        0x08008555   Thumb Code   280  inv_mpu.o(i.mpu_lp_accel_mode)
    mpu_read_mem                             0x08008671   Thumb Code   122  inv_mpu.o(i.mpu_read_mem)
    mpu_reset_fifo                           0x080086f1   Thumb Code   450  inv_mpu.o(i.mpu_reset_fifo)
    mpu_run_6500_self_test                   0x080088b9   Thumb Code   374  inv_mpu.o(i.mpu_run_6500_self_test)
    mpu_set_accel_fsr                        0x08008b31   Thumb Code   126  inv_mpu.o(i.mpu_set_accel_fsr)
    mpu_set_bypass                           0x08008bb5   Thumb Code   328  inv_mpu.o(i.mpu_set_bypass)
    mpu_set_compass_sample_rate              0x08008d01   Thumb Code    92  inv_mpu.o(i.mpu_set_compass_sample_rate)
    mpu_set_dmp_state                        0x08008d61   Thumb Code   138  inv_mpu.o(i.mpu_set_dmp_state)
    mpu_set_gyro_fsr                         0x08008df1   Thumb Code   132  inv_mpu.o(i.mpu_set_gyro_fsr)
    mpu_set_int_latched                      0x08008e79   Thumb Code   102  inv_mpu.o(i.mpu_set_int_latched)
    mpu_set_lpf                              0x08008ee5   Thumb Code   126  inv_mpu.o(i.mpu_set_lpf)
    mpu_set_sample_rate                      0x08008f69   Thumb Code   174  inv_mpu.o(i.mpu_set_sample_rate)
    mpu_set_sensors                          0x0800901d   Thumb Code   354  inv_mpu.o(i.mpu_set_sensors)
    mpu_write_mem                            0x08009185   Thumb Code   122  inv_mpu.o(i.mpu_write_mem)
    outp                                     0x080092d9   Thumb Code    24  ds18.o(i.outp)
    pvPortMalloc                             0x08009f9d   Thumb Code   262  heap_4.o(i.pvPortMalloc)
    pvTaskIncrementMutexHeldCount            0x0800a0f1   Thumb Code    26  tasks.o(i.pvTaskIncrementMutexHeldCount)
    pxPortInitialiseStack                    0x0800a111   Thumb Code    30  port.o(i.pxPortInitialiseStack)
    query_task                               0x0800a135   Thumb Code   112  main.o(i.query_task)
    start_task                               0x0800a801   Thumb Code   200  main.o(i.start_task)
    temp_task                                0x0800aa31   Thumb Code   116  main.o(i.temp_task)
    tickDelay                                0x0800aafd   Thumb Code    12  ds18.o(i.tickDelay)
    uart_init                                0x0800ab45   Thumb Code   152  usart.o(i.uart_init)
    uxListRemove                             0x0800abe5   Thumb Code    40  list.o(i.uxListRemove)
    uxTaskGetNumberOfTasks                   0x0800ac0d   Thumb Code     6  tasks.o(i.uxTaskGetNumberOfTasks)
    uxTaskGetSystemState                     0x0800ac19   Thumb Code   152  tasks.o(i.uxTaskGetSystemState)
    vListInitialise                          0x0800acc9   Thumb Code    26  list.o(i.vListInitialise)
    vListInitialiseItem                      0x0800ace3   Thumb Code     6  list.o(i.vListInitialiseItem)
    vListInsert                              0x0800ace9   Thumb Code    52  list.o(i.vListInsert)
    vListInsertEnd                           0x0800ad1d   Thumb Code    24  list.o(i.vListInsertEnd)
    vPortEnterCritical                       0x0800ad35   Thumb Code    68  port.o(i.vPortEnterCritical)
    vPortExitCritical                        0x0800adbd   Thumb Code    48  port.o(i.vPortExitCritical)
    vPortFree                                0x0800ae2d   Thumb Code   120  heap_4.o(i.vPortFree)
    vPortSetupTimerInterrupt                 0x0800aee5   Thumb Code    26  port.o(i.vPortSetupTimerInterrupt)
    vPortValidateInterruptPriority           0x0800af05   Thumb Code    86  port.o(i.vPortValidateInterruptPriority)
    vQueueAddToRegistry                      0x0800afa5   Thumb Code    64  queue.o(i.vQueueAddToRegistry)
    vQueueWaitForMessageRestricted           0x0800afe9   Thumb Code    74  queue.o(i.vQueueWaitForMessageRestricted)
    vTaskDelay                               0x0800b035   Thumb Code    80  tasks.o(i.vTaskDelay)
    vTaskDelete                              0x0800b0b1   Thumb Code   214  tasks.o(i.vTaskDelete)
    vTaskGetInfo                             0x0800b1d5   Thumb Code   114  tasks.o(i.vTaskGetInfo)
    vTaskMissedYield                         0x0800b24d   Thumb Code     8  tasks.o(i.vTaskMissedYield)
    vTaskPlaceOnEventList                    0x0800b259   Thumb Code    42  tasks.o(i.vTaskPlaceOnEventList)
    vTaskPlaceOnEventListRestricted          0x0800b2ad   Thumb Code    56  tasks.o(i.vTaskPlaceOnEventListRestricted)
    vTaskPriorityInherit                     0x0800b30d   Thumb Code   178  tasks.o(i.vTaskPriorityInherit)
    vTaskSetTimeOutState                     0x0800b3cd   Thumb Code    32  tasks.o(i.vTaskSetTimeOutState)
    vTaskStartScheduler                      0x0800b419   Thumb Code   108  tasks.o(i.vTaskStartScheduler)
    vTaskSuspendAll                          0x0800b4c5   Thumb Code    12  tasks.o(i.vTaskSuspendAll)
    vTaskSwitchContext                       0x0800b4d5   Thumb Code   138  tasks.o(i.vTaskSwitchContext)
    xEventGroupCreate                        0x0800b5a1   Thumb Code    26  event_groups.o(i.xEventGroupCreate)
    xPortStartScheduler                      0x0800b5bd   Thumb Code   140  port.o(i.xPortStartScheduler)
    xPortSysTickHandler                      0x0800b65d   Thumb Code    46  port.o(i.xPortSysTickHandler)
    xQueueGenericCreate                      0x0800b691   Thumb Code    78  queue.o(i.xQueueGenericCreate)
    xQueueGenericReceive                     0x0800b705   Thumb Code   536  queue.o(i.xQueueGenericReceive)
    xQueueGenericReset                       0x0800b945   Thumb Code   136  queue.o(i.xQueueGenericReset)
    xQueueGenericSend                        0x0800b9f5   Thumb Code   458  queue.o(i.xQueueGenericSend)
    xQueueGenericSendFromISR                 0x0800bbe9   Thumb Code   270  queue.o(i.xQueueGenericSendFromISR)
    xTaskCheckForTimeOut                     0x0800bd1d   Thumb Code   116  tasks.o(i.xTaskCheckForTimeOut)
    xTaskCreate                              0x0800bdbd   Thumb Code    96  tasks.o(i.xTaskCreate)
    xTaskGetSchedulerState                   0x0800be1d   Thumb Code    24  tasks.o(i.xTaskGetSchedulerState)
    xTaskGetTickCount                        0x0800be3d   Thumb Code     6  tasks.o(i.xTaskGetTickCount)
    xTaskGetTickCountFromISR                 0x0800be49   Thumb Code    16  tasks.o(i.xTaskGetTickCountFromISR)
    xTaskIncrementTick                       0x0800be5d   Thumb Code   278  tasks.o(i.xTaskIncrementTick)
    xTaskPriorityDisinherit                  0x0800bfc5   Thumb Code   182  tasks.o(i.xTaskPriorityDisinherit)
    xTaskRemoveFromEventList                 0x0800c0ad   Thumb Code   124  tasks.o(i.xTaskRemoveFromEventList)
    xTaskResumeAll                           0x0800c165   Thumb Code   220  tasks.o(i.xTaskResumeAll)
    xTimerCreate                             0x0800c289   Thumb Code    48  timers.o(i.xTimerCreate)
    xTimerCreateTimerTask                    0x0800c2b9   Thumb Code    56  timers.o(i.xTimerCreateTimerTask)
    xTimerGenericCommand                     0x0800c32d   Thumb Code   118  timers.o(i.xTimerGenericCommand)
    _get_lc_numeric                          0x0800c3d1   Thumb Code    44  lc_numeric_c.o(locale$$code)
    __fpl_dcmp_Inf                           0x0800c3fd   Thumb Code    24  dcmpi.o(x$fpl$dcmpinf)
    __aeabi_d2iz                             0x0800c415   Thumb Code     0  dfix.o(x$fpl$dfix)
    _dfix                                    0x0800c415   Thumb Code    94  dfix.o(x$fpl$dfix)
    __aeabi_i2d                              0x0800c473   Thumb Code     0  dflt_clz.o(x$fpl$dflt)
    _dflt                                    0x0800c473   Thumb Code    46  dflt_clz.o(x$fpl$dflt)
    __aeabi_cdcmple                          0x0800c4a1   Thumb Code     0  dleqf.o(x$fpl$dleqf)
    _dcmple                                  0x0800c4a1   Thumb Code   120  dleqf.o(x$fpl$dleqf)
    __fpl_dcmple_InfNaN                      0x0800c503   Thumb Code     0  dleqf.o(x$fpl$dleqf)
    __aeabi_dmul                             0x0800c519   Thumb Code     0  dmul.o(x$fpl$dmul)
    _dmul                                    0x0800c519   Thumb Code   332  dmul.o(x$fpl$dmul)
    __fpl_dnaninf                            0x0800c66d   Thumb Code   156  dnaninf.o(x$fpl$dnaninf)
    __fpl_dretinf                            0x0800c709   Thumb Code    12  dretinf.o(x$fpl$dretinf)
    __aeabi_cdrcmple                         0x0800c715   Thumb Code     0  drleqf.o(x$fpl$drleqf)
    _drcmple                                 0x0800c715   Thumb Code   108  drleqf.o(x$fpl$drleqf)
    __aeabi_f2d                              0x0800c781   Thumb Code     0  f2d.o(x$fpl$f2d)
    _f2d                                     0x0800c781   Thumb Code    86  f2d.o(x$fpl$f2d)
    __aeabi_fadd                             0x0800c7d9   Thumb Code     0  faddsub_clz.o(x$fpl$fadd)
    _fadd                                    0x0800c7d9   Thumb Code   196  faddsub_clz.o(x$fpl$fadd)
    __fpl_fcmp_Inf                           0x0800c89d   Thumb Code    24  fcmpi.o(x$fpl$fcmpinf)
    __aeabi_fdiv                             0x0800c8b5   Thumb Code     0  fdiv.o(x$fpl$fdiv)
    _fdiv                                    0x0800c8b5   Thumb Code   384  fdiv.o(x$fpl$fdiv)
    __aeabi_f2iz                             0x0800ca39   Thumb Code     0  ffix.o(x$fpl$ffix)
    _ffix                                    0x0800ca39   Thumb Code    54  ffix.o(x$fpl$ffix)
    __aeabi_f2uiz                            0x0800ca71   Thumb Code     0  ffixu.o(x$fpl$ffixu)
    _ffixu                                   0x0800ca71   Thumb Code    62  ffixu.o(x$fpl$ffixu)
    __aeabi_i2f                              0x0800cab1   Thumb Code     0  fflt_clz.o(x$fpl$fflt)
    _fflt                                    0x0800cab1   Thumb Code    48  fflt_clz.o(x$fpl$fflt)
    __aeabi_ui2f                             0x0800cae1   Thumb Code     0  fflt_clz.o(x$fpl$ffltu)
    _ffltu                                   0x0800cae1   Thumb Code    38  fflt_clz.o(x$fpl$ffltu)
    __aeabi_cfcmple                          0x0800cb09   Thumb Code     0  fleqf.o(x$fpl$fleqf)
    _fcmple                                  0x0800cb09   Thumb Code   104  fleqf.o(x$fpl$fleqf)
    __fpl_fcmple_InfNaN                      0x0800cb5b   Thumb Code     0  fleqf.o(x$fpl$fleqf)
    __aeabi_fmul                             0x0800cb71   Thumb Code     0  fmul.o(x$fpl$fmul)
    _fmul                                    0x0800cb71   Thumb Code   258  fmul.o(x$fpl$fmul)
    __fpl_fnaninf                            0x0800cc73   Thumb Code   140  fnaninf.o(x$fpl$fnaninf)
    __fpl_fretinf                            0x0800ccff   Thumb Code    10  fretinf.o(x$fpl$fretinf)
    __aeabi_cfrcmple                         0x0800cd09   Thumb Code     0  frleqf.o(x$fpl$frleqf)
    _frcmple                                 0x0800cd09   Thumb Code    98  frleqf.o(x$fpl$frleqf)
    __aeabi_fsub                             0x0800cd6d   Thumb Code     0  faddsub_clz.o(x$fpl$fsub)
    _fsub                                    0x0800cd6d   Thumb Code   234  faddsub_clz.o(x$fpl$fsub)
    _printf_fp_dec                           0x0800ce57   Thumb Code     4  printf1.o(x$fpl$printf1)
    __I$use$fp                               0x0800ce5a   Number         0  usenofp.o(x$fpl$usenofp)
    reg                                      0x0800ce5c   Data          42  inv_mpu.o(.constdata)
    hw                                       0x0800ce86   Data          14  inv_mpu.o(.constdata)
    test                                     0x0800ce94   Data          48  inv_mpu.o(.constdata)
    SYSVIEW_X_OS_TraceAPI                    0x0800dcbc   Data           8  segger_sysview_freertos.o(.constdata)
    Region$$Table$$Base                      0x0800de44   Number         0  anon$$obj.o(Region$$Table)
    Region$$Table$$Limit                     0x0800de64   Number         0  anon$$obj.o(Region$$Table)
    int_param                                0x20000000   Data           4  main.o(.data)
    QueryTask_Handler                        0x20000018   Data           4  main.o(.data)
    StartTask_Handler                        0x2000001c   Data           4  main.o(.data)
    LEDTask_Handler                          0x20000020   Data           4  main.o(.data)
    TEMPTask_Handler                         0x20000024   Data           4  main.o(.data)
    INTERRUPTTask_Handler                    0x20000028   Data           4  main.o(.data)
    EVENTTASK_Handler                        0x2000002c   Data           4  main.o(.data)
    EVENTSETBITTASK_Handler                  0x20000030   Data           4  main.o(.data)
    TIMERCONTROLTASK_Handler                 0x20000034   Data           4  main.o(.data)
    AutoReloadTimer_Handle                   0x20000038   Data           4  main.o(.data)
    EventGroupHandle                         0x2000003c   Data           4  main.o(.data)
    chk                                      0x20000040   Data           1  main.o(.data)
    g_ul_ms_ticks                            0x20000044   Data           4  main.o(.data)
    msg_IMU                                  0x20000048   Data           1  main.o(.data)
    SystemCoreClock                          0x20000054   Data           4  system_stm32f10x.o(.data)
    AHBPrescTable                            0x20000058   Data          16  system_stm32f10x.o(.data)
    AutoReturnDataFlag                       0x20000068   Data           1  can.o(.data)
    UAVCAN_NODE_ID_SELF_ID                   0x20000069   Data           1  can.o(.data)
    CAN_RX_LEN                               0x2000006a   Data           2  can.o(.data)
    RX_FLAG                                  0x2000006c   Data           1  can.o(.data)
    flash_hex_baseaddr                       0x20000070   Data           4  can.o(.data)
    transfer_id                              0x20000074   Data           1  can.o(.data)
    __stdout                                 0x200000b8   Data           4  usart.o(.data)
    USART_RX_STA                             0x200000bc   Data           2  usart.o(.data)
    pxCurrentTCB                             0x200000d4   Data           4  tasks.o(.data)
    gSensor                                  0x20000180   Data         292  main.o(.bss)
    CAN_rx_buf                               0x200002a8   Data         150  can.o(.bss)
    CAN_tx_buf                               0x2000033e   Data         150  can.o(.bss)
    IAP_BUFFER                               0x200003d4   Data          40  can.o(.bss)
    canard                                   0x200003fc   Data          36  can.o(.bss)
    canard_memory_pool                       0x20000420   Data        1024  can.o(.bss)
    RxMessage                                0x20000840   Data          20  can.o(.bss)
    USART_RX_BUF                             0x20000b78   Data         200  usart.o(.bss)
    xQueueRegistry                           0x20000c40   Data          64  queue.o(.bss)
    _SEGGER_RTT                              0x2000b02c   Data         168  segger_rtt.o(.bss)
    __libspace_start                         0x2000b9f0   Data          96  libspace.o(.bss)
    __temporary_stack_top$libspace           0x2000ba50   Data           0  libspace.o(.bss)



==============================================================================

Memory Map of the image

  Image Entry point : 0x080002d1

  Load Region LR_1 (Base: 0x08000000, Size: 0x0000dfdc, Max: 0xffffffff, ABSOLUTE, COMPRESSED[0x0000deb8])

    Execution Region ER_RO (Base: 0x08000000, Size: 0x0000de80, Max: 0xffffffff, ABSOLUTE)

    Base Addr    Size         Type   Attr      Idx    E Section Name        Object

    0x08000000   0x00000130   Data   RO         2825    RESET               startup_stm32f10x_hd.o
    0x08000130   0x00000008   Code   RO         6606  * !!!main             c_w.l(__main.o)
    0x08000138   0x00000034   Code   RO         7009    !!!scatter          c_w.l(__scatter.o)
    0x0800016c   0x0000005a   Code   RO         7007    !!dczerorl2         c_w.l(__dczerorl2.o)
    0x080001c6   0x00000002   PAD
    0x080001c8   0x0000001c   Code   RO         7011    !!handler_zi        c_w.l(__scatter_zi.o)
    0x080001e4   0x00000000   Code   RO         6585    .ARM.Collect$$_printf_percent$$00000000  c_w.l(_printf_percent.o)
    0x080001e4   0x00000006   Code   RO         6584    .ARM.Collect$$_printf_percent$$00000003  c_w.l(_printf_f.o)
    0x080001ea   0x00000006   Code   RO         6582    .ARM.Collect$$_printf_percent$$00000009  c_w.l(_printf_d.o)
    0x080001f0   0x00000006   Code   RO         6581    .ARM.Collect$$_printf_percent$$0000000C  c_w.l(_printf_x.o)
    0x080001f6   0x00000006   Code   RO         6580    .ARM.Collect$$_printf_percent$$00000014  c_w.l(_printf_s.o)
    0x080001fc   0x00000004   Code   RO         6723    .ARM.Collect$$_printf_percent$$00000017  c_w.l(_printf_percent_end.o)
    0x08000200   0x00000002   Code   RO         6882    .ARM.Collect$$libinit$$00000000  c_w.l(libinit.o)
    0x08000202   0x00000000   Code   RO         6884    .ARM.Collect$$libinit$$00000002  c_w.l(libinit2.o)
    0x08000202   0x00000000   Code   RO         6886    .ARM.Collect$$libinit$$00000004  c_w.l(libinit2.o)
    0x08000202   0x00000000   Code   RO         6889    .ARM.Collect$$libinit$$0000000A  c_w.l(libinit2.o)
    0x08000202   0x00000000   Code   RO         6891    .ARM.Collect$$libinit$$0000000C  c_w.l(libinit2.o)
    0x08000202   0x00000000   Code   RO         6893    .ARM.Collect$$libinit$$0000000E  c_w.l(libinit2.o)
    0x08000202   0x00000006   Code   RO         6894    .ARM.Collect$$libinit$$0000000F  c_w.l(libinit2.o)
    0x08000208   0x00000000   Code   RO         6896    .ARM.Collect$$libinit$$00000011  c_w.l(libinit2.o)
    0x08000208   0x00000000   Code   RO         6898    .ARM.Collect$$libinit$$00000013  c_w.l(libinit2.o)
    0x08000208   0x00000000   Code   RO         6900    .ARM.Collect$$libinit$$00000015  c_w.l(libinit2.o)
    0x08000208   0x0000000a   Code   RO         6901    .ARM.Collect$$libinit$$00000016  c_w.l(libinit2.o)
    0x08000212   0x00000000   Code   RO         6902    .ARM.Collect$$libinit$$00000017  c_w.l(libinit2.o)
    0x08000212   0x00000000   Code   RO         6904    .ARM.Collect$$libinit$$00000019  c_w.l(libinit2.o)
    0x08000212   0x00000000   Code   RO         6906    .ARM.Collect$$libinit$$0000001B  c_w.l(libinit2.o)
    0x08000212   0x00000000   Code   RO         6908    .ARM.Collect$$libinit$$0000001D  c_w.l(libinit2.o)
    0x08000212   0x00000000   Code   RO         6910    .ARM.Collect$$libinit$$0000001F  c_w.l(libinit2.o)
    0x08000212   0x00000000   Code   RO         6912    .ARM.Collect$$libinit$$00000021  c_w.l(libinit2.o)
    0x08000212   0x00000000   Code   RO         6914    .ARM.Collect$$libinit$$00000023  c_w.l(libinit2.o)
    0x08000212   0x00000000   Code   RO         6916    .ARM.Collect$$libinit$$00000025  c_w.l(libinit2.o)
    0x08000212   0x00000000   Code   RO         6920    .ARM.Collect$$libinit$$0000002C  c_w.l(libinit2.o)
    0x08000212   0x00000000   Code   RO         6922    .ARM.Collect$$libinit$$0000002E  c_w.l(libinit2.o)
    0x08000212   0x00000000   Code   RO         6924    .ARM.Collect$$libinit$$00000030  c_w.l(libinit2.o)
    0x08000212   0x00000000   Code   RO         6926    .ARM.Collect$$libinit$$00000032  c_w.l(libinit2.o)
    0x08000212   0x00000002   Code   RO         6927    .ARM.Collect$$libinit$$00000033  c_w.l(libinit2.o)
    0x08000214   0x00000002   Code   RO         6987    .ARM.Collect$$libshutdown$$00000000  c_w.l(libshutdown.o)
    0x08000216   0x00000000   Code   RO         6990    .ARM.Collect$$libshutdown$$00000002  c_w.l(libshutdown2.o)
    0x08000216   0x00000000   Code   RO         6992    .ARM.Collect$$libshutdown$$00000004  c_w.l(libshutdown2.o)
    0x08000216   0x00000000   Code   RO         6995    .ARM.Collect$$libshutdown$$00000007  c_w.l(libshutdown2.o)
    0x08000216   0x00000000   Code   RO         6998    .ARM.Collect$$libshutdown$$0000000A  c_w.l(libshutdown2.o)
    0x08000216   0x00000000   Code   RO         7000    .ARM.Collect$$libshutdown$$0000000C  c_w.l(libshutdown2.o)
    0x08000216   0x00000000   Code   RO         7003    .ARM.Collect$$libshutdown$$0000000F  c_w.l(libshutdown2.o)
    0x08000216   0x00000002   Code   RO         7004    .ARM.Collect$$libshutdown$$00000010  c_w.l(libshutdown2.o)
    0x08000218   0x00000000   Code   RO         6706    .ARM.Collect$$rtentry$$00000000  c_w.l(__rtentry.o)
    0x08000218   0x00000000   Code   RO         6782    .ARM.Collect$$rtentry$$00000002  c_w.l(__rtentry2.o)
    0x08000218   0x00000006   Code   RO         6794    .ARM.Collect$$rtentry$$00000004  c_w.l(__rtentry4.o)
    0x0800021e   0x00000000   Code   RO         6784    .ARM.Collect$$rtentry$$00000009  c_w.l(__rtentry2.o)
    0x0800021e   0x00000004   Code   RO         6785    .ARM.Collect$$rtentry$$0000000A  c_w.l(__rtentry2.o)
    0x08000222   0x00000000   Code   RO         6787    .ARM.Collect$$rtentry$$0000000C  c_w.l(__rtentry2.o)
    0x08000222   0x00000008   Code   RO         6788    .ARM.Collect$$rtentry$$0000000D  c_w.l(__rtentry2.o)
    0x0800022a   0x00000002   Code   RO         6932    .ARM.Collect$$rtexit$$00000000  c_w.l(rtexit.o)
    0x0800022c   0x00000000   Code   RO         6949    .ARM.Collect$$rtexit$$00000002  c_w.l(rtexit2.o)
    0x0800022c   0x00000004   Code   RO         6950    .ARM.Collect$$rtexit$$00000003  c_w.l(rtexit2.o)
    0x08000230   0x00000006   Code   RO         6951    .ARM.Collect$$rtexit$$00000004  c_w.l(rtexit2.o)
    0x08000236   0x00000002   PAD
    0x08000238   0x00000096   Code   RO         5704    .emb_text           port.o
    0x080002ce   0x00000002   PAD
    0x080002d0   0x00000040   Code   RO         2826  * .text               startup_stm32f10x_hd.o
    0x08000310   0x00000002   Code   RO         6512    .text               c_w.l(use_no_semi_2.o)
    0x08000312   0x00000026   Code   RO         6516    .text               c_w.l(llushr.o)
    0x08000338   0x00000048   Code   RO         6520    .text               c_w.l(llsdiv.o)
    0x08000380   0x00000018   Code   RO         6526    .text               c_w.l(noretval__2printf.o)
    0x08000398   0x0000004e   Code   RO         6532    .text               c_w.l(_printf_pad.o)
    0x080003e6   0x00000052   Code   RO         6534    .text               c_w.l(_printf_str.o)
    0x08000438   0x00000078   Code   RO         6536    .text               c_w.l(_printf_dec.o)
    0x080004b0   0x00000058   Code   RO         6541    .text               c_w.l(_printf_hex_int.o)
    0x08000508   0x00000160   Code   RO         6574    .text               c_w.l(__printf_ss_wp.o)
    0x08000668   0x00000080   Code   RO         6586    .text               c_w.l(assert.o)
    0x080006e8   0x00000058   Code   RO         6588    .text               c_w.l(memcmp.o)
    0x08000740   0x00000048   Code   RO         6590    .text               c_w.l(strcpy.o)
    0x08000788   0x0000008a   Code   RO         6594    .text               c_w.l(rt_memcpy_v6.o)
    0x08000812   0x00000064   Code   RO         6596    .text               c_w.l(rt_memcpy_w.o)
    0x08000876   0x00000010   Code   RO         6600    .text               c_w.l(aeabi_memset.o)
    0x08000886   0x0000004e   Code   RO         6602    .text               c_w.l(rt_memclr_w.o)
    0x080008d4   0x00000006   Code   RO         6604    .text               c_w.l(heapauxi.o)
    0x080008da   0x00000002   Code   RO         6704    .text               c_w.l(use_no_semi.o)
    0x080008dc   0x000000ee   Code   RO         6707    .text               c_w.l(lludivv7m.o)
    0x080009ca   0x000000b2   Code   RO         6711    .text               c_w.l(_printf_intcommon.o)
    0x08000a7c   0x0000041a   Code   RO         6713    .text               c_w.l(_printf_fp_dec.o)
    0x08000e96   0x00000002   PAD
    0x08000e98   0x00000030   Code   RO         6715    .text               c_w.l(_printf_char_common.o)
    0x08000ec8   0x0000002c   Code   RO         6719    .text               c_w.l(_printf_char.o)
    0x08000ef4   0x00000024   Code   RO         6721    .text               c_w.l(_printf_char_file.o)
    0x08000f18   0x00000016   Code   RO         6724    .text               c_w.l(abort.o)
    0x08000f2e   0x00000014   Code   RO         6726    .text               c_w.l(assert_puts.o)
    0x08000f42   0x00000044   Code   RO         6728    .text               c_w.l(rt_memclr.o)
    0x08000f86   0x00000002   PAD
    0x08000f88   0x00000008   Code   RO         6803    .text               c_w.l(rt_locale_intlibspace.o)
    0x08000f90   0x0000008a   Code   RO         6810    .text               c_w.l(lludiv10.o)
    0x0800101a   0x00000002   PAD
    0x0800101c   0x00000080   Code   RO         6812    .text               c_w.l(_printf_fp_infnan.o)
    0x0800109c   0x000000dc   Code   RO         6816    .text               c_w.l(bigflt0.o)
    0x08001178   0x00000008   Code   RO         6841    .text               c_w.l(ferror.o)
    0x08001180   0x0000000e   Code   RO         6848    .text               c_w.l(defsig_abrt_outer.o)
    0x0800118e   0x00000002   PAD
    0x08001190   0x00000008   Code   RO         6860    .text               c_w.l(libspace.o)
    0x08001198   0x0000004a   Code   RO         6863    .text               c_w.l(sys_stackheap_outer.o)
    0x080011e2   0x00000012   Code   RO         6869    .text               c_w.l(exit.o)
    0x080011f4   0x0000000a   Code   RO         6871    .text               c_w.l(defsig_exit.o)
    0x080011fe   0x00000002   PAD
    0x08001200   0x00000030   Code   RO         6873    .text               c_w.l(defsig_abrt_inner.o)
    0x08001230   0x00000080   Code   RO         6875    .text               c_w.l(strcmpv7m.o)
    0x080012b0   0x00000032   Code   RO         6936    .text               c_w.l(defsig_general.o)
    0x080012e2   0x0000003e   Code   RO         6819    CL$$btod_d2e        c_w.l(btod.o)
    0x08001320   0x00000046   Code   RO         6821    CL$$btod_d2e_denorm_low  c_w.l(btod.o)
    0x08001366   0x00000060   Code   RO         6820    CL$$btod_d2e_norm_op1  c_w.l(btod.o)
    0x080013c6   0x00000338   Code   RO         6829    CL$$btod_div_common  c_w.l(btod.o)
    0x080016fe   0x000000c6   Code   RO         6826    CL$$btod_e2e        c_w.l(btod.o)
    0x080017c4   0x00000028   Code   RO         6823    CL$$btod_ediv       c_w.l(btod.o)
    0x080017ec   0x00000028   Code   RO         6822    CL$$btod_emul       c_w.l(btod.o)
    0x08001814   0x00000244   Code   RO         6828    CL$$btod_mult_common  c_w.l(btod.o)
    0x08001a58   0x00000016   Code   RO         3938    i.ADC_Cmd           stm32f10x_adc.o
    0x08001a6e   0x00000016   Code   RO         3939    i.ADC_DMACmd        stm32f10x_adc.o
    0x08001a84   0x0000005c   Code   RO         3940    i.ADC_DeInit        stm32f10x_adc.o
    0x08001ae0   0x00000014   Code   RO         3946    i.ADC_GetCalibrationStatus  stm32f10x_adc.o
    0x08001af4   0x00000014   Code   RO         3952    i.ADC_GetResetCalibrationStatus  stm32f10x_adc.o
    0x08001b08   0x00000050   Code   RO         3956    i.ADC_Init          stm32f10x_adc.o
    0x08001b58   0x000000b8   Code   RO         3960    i.ADC_RegularChannelConfig  stm32f10x_adc.o
    0x08001c10   0x0000000a   Code   RO         3961    i.ADC_ResetCalibration  stm32f10x_adc.o
    0x08001c1a   0x0000000a   Code   RO         3965    i.ADC_StartCalibration  stm32f10x_adc.o
    0x08001c24   0x00000068   Code   RO            1    i.AutoTimerCallback  main.o
    0x08001c8c   0x00000078   Code   RO            2    i.Board_Init        main.o
    0x08001d04   0x00000004   Code   RO          294    i.BusFault_Handler  stm32f10x_it.o
    0x08001d08   0x000001b4   Code   RO          431    i.CAN_Configuration  can.o
    0x08001ebc   0x00000038   Code   RO         4230    i.CAN_DeInit        stm32f10x_can.o
    0x08001ef4   0x00000108   Code   RO         4232    i.CAN_FilterInit    stm32f10x_can.o
    0x08001ffc   0x00000012   Code   RO         4238    i.CAN_ITConfig      stm32f10x_can.o
    0x0800200e   0x00000114   Code   RO         4239    i.CAN_Init          stm32f10x_can.o
    0x08002122   0x000000f0   Code   RO         4242    i.CAN_Receive       stm32f10x_can.o
    0x08002212   0x00000020   Code   RO         4245    i.CAN_StructInit    stm32f10x_can.o
    0x08002232   0x00000002   PAD
    0x08002234   0x00000034   Code   RO          399    i.DMA1_Channel1_IRQHandler  adc.o
    0x08002268   0x0000001c   Code   RO         4154    i.DMA_ClearFlag     stm32f10x_dma.o
    0x08002284   0x0000001c   Code   RO         4155    i.DMA_ClearITPendingBit  stm32f10x_dma.o
    0x080022a0   0x00000018   Code   RO         4156    i.DMA_Cmd           stm32f10x_dma.o
    0x080022b8   0x0000014c   Code   RO         4157    i.DMA_DeInit        stm32f10x_dma.o
    0x08002404   0x0000002c   Code   RO         4160    i.DMA_GetITStatus   stm32f10x_dma.o
    0x08002430   0x00000012   Code   RO         4161    i.DMA_ITConfig      stm32f10x_dma.o
    0x08002442   0x0000003c   Code   RO         4162    i.DMA_Init          stm32f10x_dma.o
    0x0800247e   0x00000004   Code   RO         4163    i.DMA_SetCurrDataCounter  stm32f10x_dma.o
    0x08002482   0x00000002   PAD
    0x08002484   0x000000c8   Code   RO         1595    i.DMPSetup          mpu9250.o
    0x0800254c   0x00000054   Code   RO          859    i.DS1302_PHY_Init   ds1302.o
    0x080025a0   0x00000060   Code   RO          778    i.DS18B20_Check     ds18.o
    0x08002600   0x0000008c   Code   RO          779    i.DS18B20_Get_Temp  ds18.o
    0x0800268c   0x00000040   Code   RO          780    i.DS18B20_Init      ds18.o
    0x080026cc   0x00000034   Code   RO          781    i.DS18B20_Rst       ds18.o
    0x08002700   0x00000018   Code   RO          782    i.DS18B20_Start     ds18.o
    0x08002718   0x00000002   Code   RO          295    i.DebugMon_Handler  stm32f10x_it.o
    0x0800271a   0x00000002   PAD
    0x0800271c   0x00000018   Code   RO          860    i.End1302           ds1302.o
    0x08002734   0x00000116   Code   RO         2872    i.GPIO_Init         stm32f10x_gpio.o
    0x0800284a   0x00000002   PAD
    0x0800284c   0x00000090   Code   RO         2874    i.GPIO_PinRemapConfig  stm32f10x_gpio.o
    0x080028dc   0x00000012   Code   RO         2876    i.GPIO_ReadInputDataBit  stm32f10x_gpio.o
    0x080028ee   0x00000004   Code   RO         2879    i.GPIO_ResetBits    stm32f10x_gpio.o
    0x080028f2   0x00000004   Code   RO         2880    i.GPIO_SetBits      stm32f10x_gpio.o
    0x080028f6   0x00000002   PAD
    0x080028f8   0x0000000c   Code   RO         1021    i.Get_I2C_Retry     i2c.o
    0x08002904   0x00000004   Code   RO          296    i.HardFault_Handler  stm32f10x_it.o
    0x08002908   0x00000018   Code   RO         4556    i.I2C_AcknowledgeConfig  stm32f10x_i2c.o
    0x08002920   0x0000000c   Code   RO         4559    i.I2C_ClearFlag     stm32f10x_i2c.o
    0x0800292c   0x00000018   Code   RO         4561    i.I2C_Cmd           stm32f10x_i2c.o
    0x08002944   0x00000038   Code   RO         4564    i.I2C_DeInit        stm32f10x_i2c.o
    0x0800297c   0x00000018   Code   RO         4568    i.I2C_GenerateSTART  stm32f10x_i2c.o
    0x08002994   0x00000018   Code   RO         4569    i.I2C_GenerateSTOP  stm32f10x_i2c.o
    0x080029ac   0x0000003a   Code   RO         4570    i.I2C_GetFlagStatus  stm32f10x_i2c.o
    0x080029e6   0x00000002   PAD
    0x080029e8   0x000000ec   Code   RO         4575    i.I2C_Init          stm32f10x_i2c.o
    0x08002ad4   0x00000016   Code   RO         4579    i.I2C_ReadRegister  stm32f10x_i2c.o
    0x08002aea   0x00000008   Code   RO         4580    i.I2C_ReceiveData   stm32f10x_i2c.o
    0x08002af2   0x00000012   Code   RO         4582    i.I2C_Send7bitAddress  stm32f10x_i2c.o
    0x08002b04   0x00000004   Code   RO         4583    i.I2C_SendData      stm32f10x_i2c.o
    0x08002b08   0x00000016   Code   RO         4584    i.I2C_SoftwareResetCmd  stm32f10x_i2c.o
    0x08002b1e   0x00000002   PAD
    0x08002b20   0x00000068   Code   RO         1022    i.I2Cx_TIMEOUT_UserCallback  i2c.o
    0x08002b88   0x0000007c   Code   RO         1023    i.I2cMaster_Init    i2c.o
    0x08002c04   0x0000001c   Code   RO          861    i.IO_IN             ds1302.o
    0x08002c20   0x0000001c   Code   RO          862    i.IO_OUT            ds1302.o
    0x08002c3c   0x000000c0   Code   RO          400    i.Infra_Init        adc.o
    0x08002cfc   0x000000b8   Code   RO          863    i.Init_DS1302       ds1302.o
    0x08002db4   0x00000040   Code   RO         1009    i.LED_Init          led.o
    0x08002df4   0x00000098   Code   RO            3    i.LED_task          main.o
    0x08002e8c   0x00000088   Code   RO          401    i.MBDMA_Init        adc.o
    0x08002f14   0x00000004   Code   RO          297    i.MemManage_Handler  stm32f10x_it.o
    0x08002f18   0x00000002   Code   RO          298    i.NMI_Handler       stm32f10x_it.o
    0x08002f1a   0x00000002   PAD
    0x08002f1c   0x00000070   Code   RO         2830    i.NVIC_Init         misc.o
    0x08002f8c   0x00000014   Code   RO         2831    i.NVIC_PriorityGroupConfig  misc.o
    0x08002fa0   0x00000050   Code   RO          783    i.OWReadBit         ds18.o
    0x08002ff0   0x0000001e   Code   RO          784    i.OWReadByte        ds18.o
    0x0800300e   0x00000002   PAD
    0x08003010   0x00000050   Code   RO          785    i.OWWriteBit        ds18.o
    0x08003060   0x00000028   Code   RO          786    i.OWWriteByte       ds18.o
    0x08003088   0x00000018   Code   RO         3004    i.RCC_ADCCLKConfig  stm32f10x_rcc.o
    0x080030a0   0x00000020   Code   RO         3005    i.RCC_AHBPeriphClockCmd  stm32f10x_rcc.o
    0x080030c0   0x00000020   Code   RO         3006    i.RCC_APB1PeriphClockCmd  stm32f10x_rcc.o
    0x080030e0   0x00000020   Code   RO         3007    i.RCC_APB1PeriphResetCmd  stm32f10x_rcc.o
    0x08003100   0x00000020   Code   RO         3008    i.RCC_APB2PeriphClockCmd  stm32f10x_rcc.o
    0x08003120   0x00000020   Code   RO         3009    i.RCC_APB2PeriphResetCmd  stm32f10x_rcc.o
    0x08003140   0x000000d4   Code   RO         3016    i.RCC_GetClocksFreq  stm32f10x_rcc.o
    0x08003214   0x0000006c   Code   RO          864    i.Read1302          ds1302.o
    0x08003280   0x0000004c   Code   RO          865    i.Readburst         ds1302.o
    0x080032cc   0x00000028   Code   RO          867    i.Rst1302           ds1302.o
    0x080032f4   0x000000a8   Code   RO         5859    i.SEGGER_RTT_ConfigDownBuffer  segger_rtt.o
    0x0800339c   0x000000a8   Code   RO         5860    i.SEGGER_RTT_ConfigUpBuffer  segger_rtt.o
    0x08003444   0x00000098   Code   RO         5870    i.SEGGER_RTT_ReadNoLock  segger_rtt.o
    0x080034dc   0x000000b0   Code   RO         5880    i.SEGGER_RTT_WriteSkipNoLock  segger_rtt.o
    0x0800358c   0x00000028   Code   RO         5781    i.SEGGER_SYSVIEW_Conf  segger_sysview_config_freertos.o
    0x080035b4   0x00000026   Code   RO         6059    i.SEGGER_SYSVIEW_EncodeU32  segger_sysview.o
    0x080035da   0x00000002   PAD
    0x080035dc   0x000000bc   Code   RO         6063    i.SEGGER_SYSVIEW_GetSysDesc  segger_sysview.o
    0x08003698   0x00000064   Code   RO         6064    i.SEGGER_SYSVIEW_Init  segger_sysview.o
    0x080036fc   0x00000034   Code   RO         6067    i.SEGGER_SYSVIEW_OnIdle  segger_sysview.o
    0x08003730   0x00000064   Code   RO         6068    i.SEGGER_SYSVIEW_OnTaskCreate  segger_sysview.o
    0x08003794   0x00000064   Code   RO         6069    i.SEGGER_SYSVIEW_OnTaskStartExec  segger_sysview.o
    0x080037f8   0x00000064   Code   RO         6070    i.SEGGER_SYSVIEW_OnTaskStartReady  segger_sysview.o
    0x0800385c   0x0000003c   Code   RO         6090    i.SEGGER_SYSVIEW_RecordSystime  segger_sysview.o
    0x08003898   0x0000005c   Code   RO         6091    i.SEGGER_SYSVIEW_RecordU32  segger_sysview.o
    0x080038f4   0x0000007c   Code   RO         6093    i.SEGGER_SYSVIEW_RecordU32x2  segger_sysview.o
    0x08003970   0x00000098   Code   RO         6094    i.SEGGER_SYSVIEW_RecordU32x3  segger_sysview.o
    0x08003a08   0x00000038   Code   RO         6101    i.SEGGER_SYSVIEW_RecordVoid  segger_sysview.o
    0x08003a40   0x000000ac   Code   RO         6103    i.SEGGER_SYSVIEW_SendModule  segger_sysview.o
    0x08003aec   0x00000024   Code   RO         6104    i.SEGGER_SYSVIEW_SendModuleDescription  segger_sysview.o
    0x08003b10   0x00000058   Code   RO         6105    i.SEGGER_SYSVIEW_SendNumModules  segger_sysview.o
    0x08003b68   0x00000034   Code   RO         6106    i.SEGGER_SYSVIEW_SendPacket  segger_sysview.o
    0x08003b9c   0x00000048   Code   RO         6107    i.SEGGER_SYSVIEW_SendSysDesc  segger_sysview.o
    0x08003be4   0x00000110   Code   RO         6108    i.SEGGER_SYSVIEW_SendTaskInfo  segger_sysview.o
    0x08003cf4   0x00000020   Code   RO         6109    i.SEGGER_SYSVIEW_SendTaskList  segger_sysview.o
    0x08003d14   0x0000000c   Code   RO         6110    i.SEGGER_SYSVIEW_SetRAMBase  segger_sysview.o
    0x08003d20   0x00000010   Code   RO         6111    i.SEGGER_SYSVIEW_ShrinkId  segger_sysview.o
    0x08003d30   0x00000104   Code   RO         6112    i.SEGGER_SYSVIEW_Start  segger_sysview.o
    0x08003e34   0x00000044   Code   RO         6113    i.SEGGER_SYSVIEW_Stop  segger_sysview.o
    0x08003e78   0x00000080   Code   RO         6114    i.SEGGER_SYSVIEW_Warn  segger_sysview.o
    0x08003ef8   0x000003c4   Code   RO         1024    i.ST_Sensors_I2C_ReadRegister  i2c.o
    0x080042bc   0x0000014c   Code   RO         1025    i.ST_Sensors_I2C_WriteRegister  i2c.o
    0x08004408   0x000000ac   Code   RO         5799    i.SYSVIEW_AddTask   segger_sysview_freertos.o
    0x080044b4   0x00000110   Code   RO         5800    i.SYSVIEW_DeleteTask  segger_sysview_freertos.o
    0x080045c4   0x0000004c   Code   RO         5801    i.SYSVIEW_RecordU32x4  segger_sysview_freertos.o
    0x08004610   0x00000032   Code   RO         5803    i.SYSVIEW_SendTaskInfo  segger_sysview_freertos.o
    0x08004642   0x0000004c   Code   RO         1026    i.Sensors_I2C_ReadRegister  i2c.o
    0x0800468e   0x0000004c   Code   RO         1027    i.Sensors_I2C_WriteRegister  i2c.o
    0x080046da   0x00000008   Code   RO          365    i.SetSysClock       system_stm32f10x.o
    0x080046e2   0x00000002   PAD
    0x080046e4   0x000000e0   Code   RO          366    i.SetSysClockTo72   system_stm32f10x.o
    0x080047c4   0x0000000c   Code   RO         1028    i.Set_I2C_Retry     i2c.o
    0x080047d0   0x000000d8   Code   RO          925    i.Sonar01_init      ultrasonic.o
    0x080048a8   0x000000d8   Code   RO          926    i.Sonar02_init      ultrasonic.o
    0x08004980   0x000000d8   Code   RO          927    i.Sonar03_init      ultrasonic.o
    0x08004a58   0x000000c8   Code   RO          928    i.Sonar04_init      ultrasonic.o
    0x08004b20   0x000000d4   Code   RO          929    i.Sonar05_init      ultrasonic.o
    0x08004bf4   0x000000d8   Code   RO          930    i.Sonar06_init      ultrasonic.o
    0x08004ccc   0x00000028   Code   RO         2834    i.SysTick_CLKSourceConfig  misc.o
    0x08004cf4   0x00000020   Code   RO         2690    i.SysTick_Handler   delay.o
    0x08004d14   0x00000060   Code   RO          368    i.SystemInit        system_stm32f10x.o
    0x08004d74   0x00000080   Code   RO         3384    i.TI1_Config        stm32f10x_tim.o
    0x08004df4   0x00000098   Code   RO         3385    i.TI2_Config        stm32f10x_tim.o
    0x08004e8c   0x00000090   Code   RO         3386    i.TI3_Config        stm32f10x_tim.o
    0x08004f1c   0x00000098   Code   RO         3387    i.TI4_Config        stm32f10x_tim.o
    0x08004fb4   0x00000048   Code   RO          931    i.TIM1_CC_IRQHandler  ultrasonic.o
    0x08004ffc   0x000000b4   Code   RO          932    i.TIM2_IRQHandler   ultrasonic.o
    0x080050b0   0x00000040   Code   RO          933    i.TIM3_IRQHandler   ultrasonic.o
    0x080050f0   0x00000040   Code   RO          934    i.TIM4_IRQHandler   ultrasonic.o
    0x08005130   0x00000040   Code   RO          935    i.TIM5_IRQHandler   ultrasonic.o
    0x08005170   0x00000048   Code   RO          936    i.TIM8_CC_IRQHandler  ultrasonic.o
    0x080051b8   0x00000006   Code   RO         3394    i.TIM_ClearFlag     stm32f10x_tim.o
    0x080051be   0x00000006   Code   RO         3395    i.TIM_ClearITPendingBit  stm32f10x_tim.o
    0x080051c4   0x00000018   Code   RO         3400    i.TIM_Cmd           stm32f10x_tim.o
    0x080051dc   0x00000006   Code   RO         3416    i.TIM_GetCapture2   stm32f10x_tim.o
    0x080051e2   0x00000006   Code   RO         3417    i.TIM_GetCapture3   stm32f10x_tim.o
    0x080051e8   0x00000012   Code   RO         3420    i.TIM_GetFlagStatus  stm32f10x_tim.o
    0x080051fa   0x00000002   PAD
    0x080051fc   0x000000ac   Code   RO         3423    i.TIM_ICInit        stm32f10x_tim.o
    0x080052a8   0x00000012   Code   RO         3425    i.TIM_ITConfig      stm32f10x_tim.o
    0x080052ba   0x0000007c   Code   RO         3448    i.TIM_PWMIConfig    stm32f10x_tim.o
    0x08005336   0x00000012   Code   RO         3453    i.TIM_SelectInputTrigger  stm32f10x_tim.o
    0x08005348   0x00000012   Code   RO         3454    i.TIM_SelectMasterSlaveMode  stm32f10x_tim.o
    0x0800535a   0x00000012   Code   RO         3458    i.TIM_SelectSlaveMode  stm32f10x_tim.o
    0x0800536c   0x00000012   Code   RO         3466    i.TIM_SetIC1Prescaler  stm32f10x_tim.o
    0x0800537e   0x0000001a   Code   RO         3467    i.TIM_SetIC2Prescaler  stm32f10x_tim.o
    0x08005398   0x00000012   Code   RO         3468    i.TIM_SetIC3Prescaler  stm32f10x_tim.o
    0x080053aa   0x0000001a   Code   RO         3469    i.TIM_SetIC4Prescaler  stm32f10x_tim.o
    0x080053c4   0x000000a4   Code   RO         3471    i.TIM_TimeBaseInit  stm32f10x_tim.o
    0x08005468   0x00000088   Code   RO         2763    i.USART1_IRQHandler  usart.o
    0x080054f0   0x00000018   Code   RO         3208    i.USART_Cmd         stm32f10x_usart.o
    0x08005508   0x00000054   Code   RO         3212    i.USART_GetITStatus  stm32f10x_usart.o
    0x0800555c   0x0000004a   Code   RO         3214    i.USART_ITConfig    stm32f10x_usart.o
    0x080055a6   0x00000002   PAD
    0x080055a8   0x000000d8   Code   RO         3215    i.USART_Init        stm32f10x_usart.o
    0x08005680   0x0000000a   Code   RO         3222    i.USART_ReceiveData  stm32f10x_usart.o
    0x0800568a   0x00000002   PAD
    0x0800568c   0x00000044   Code   RO          434    i.USB_LP_CAN1_RX0_IRQHandler  can.o
    0x080056d0   0x0000001c   Code   RO          937    i.Ultrasonic_Init   ultrasonic.o
    0x080056ec   0x00000004   Code   RO          299    i.UsageFault_Handler  stm32f10x_it.o
    0x080056f0   0x0000004c   Code   RO          868    i.Write1302         ds1302.o
    0x0800573c   0x00000070   Code   RO         5883    i._DoInit           segger_rtt.o
    0x080057ac   0x00000044   Code   RO         6118    i._EncodeStr        segger_sysview.o
    0x080057f0   0x00000098   Code   RO         6119    i._HandleIncomingPacket  segger_sysview.o
    0x08005888   0x00000006   Code   RO         6120    i._PreparePacket    segger_sysview.o
    0x0800588e   0x00000002   PAD
    0x08005890   0x0000011c   Code   RO         6123    i._SendPacket       segger_sysview.o
    0x080059ac   0x00000084   Code   RO         6125    i._TrySendOverflowPacket  segger_sysview.o
    0x08005a30   0x00000028   Code   RO         6858    i.__ARM_fpclassify  m_ws.l(fpclassify.o)
    0x08005a58   0x0000003e   Code   RO         5805    i._cbGetTime        segger_sysview_freertos.o
    0x08005a96   0x00000002   PAD
    0x08005a98   0x0000005c   Code   RO         5782    i._cbSendSystemDesc  segger_sysview_config_freertos.o
    0x08005af4   0x00000054   Code   RO         5806    i._cbSendTaskList   segger_sysview_freertos.o
    0x08005b48   0x0000000e   Code   RO         6569    i._is_digit         c_w.l(__printf_wp.o)
    0x08005b56   0x00000004   Code   RO         2764    i._sys_exit         usart.o
    0x08005b5a   0x00000004   Code   RO         2765    i._ttywrch          usart.o
    0x08005b5e   0x00000002   PAD
    0x08005b60   0x0000053c   Code   RO         1076    i.accel_6500_self_test  inv_mpu.o
    0x0800609c   0x00000028   Code   RO          532    i.allocateBlock     canard.o
    0x080060c4   0x0000007c   Code   RO            4    i.android_orient_cb  main.o
    0x08006140   0x00000120   Code   RO          533    i.bufferBlockPushBytes  canard.o
    0x08006260   0x00000006   Code   RO          540    i.canardGetLocalNodeID  canard.o
    0x08006266   0x00000002   PAD
    0x08006268   0x0000043c   Code   RO          543    i.canardHandleRxFrame  canard.o
    0x080066a4   0x00000080   Code   RO          544    i.canardInit        canard.o
    0x08006724   0x0000002a   Code   RO          547    i.canardReleaseRxTransferPayload  canard.o
    0x0800674e   0x00000002   PAD
    0x08006750   0x0000005c   Code   RO          549    i.canardSetLocalNodeID  canard.o
    0x080067ac   0x0000014c   Code   RO         1077    i.compass_self_test  inv_mpu.o
    0x080068f8   0x0000000c   Code   RO          550    i.computeTransferIDForwardDistance  canard.o
    0x08006904   0x00000022   Code   RO          552    i.crcAdd            canard.o
    0x08006926   0x00000032   Code   RO          553    i.crcAddByte        canard.o
    0x08006958   0x00000036   Code   RO          554    i.crcAddSignature   canard.o
    0x0800698e   0x0000001a   Code   RO          555    i.createBufferBlock  canard.o
    0x080069a8   0x00000030   Code   RO          556    i.createRxState     canard.o
    0x080069d8   0x0000005c   Code   RO         2691    i.delay_init        delay.o
    0x08006a34   0x00000040   Code   RO         2692    i.delay_ms          delay.o
    0x08006a74   0x00000048   Code   RO         2693    i.delay_us          delay.o
    0x08006abc   0x00000018   Code   RO         2694    i.delay_xms         delay.o
    0x08006ad4   0x0000003c   Code   RO         1414    i.dmp_enable_6x_lp_quat  inv_mpu_dmp_motion_driver.o
    0x08006b10   0x0000021c   Code   RO         1415    i.dmp_enable_feature  inv_mpu_dmp_motion_driver.o
    0x08006d2c   0x00000058   Code   RO         1416    i.dmp_enable_gyro_cal  inv_mpu_dmp_motion_driver.o
    0x08006d84   0x0000003c   Code   RO         1417    i.dmp_enable_lp_quat  inv_mpu_dmp_motion_driver.o
    0x08006dc0   0x00000018   Code   RO         1422    i.dmp_load_motion_driver_firmware  inv_mpu_dmp_motion_driver.o
    0x08006dd8   0x00000010   Code   RO         1424    i.dmp_register_android_orient_cb  inv_mpu_dmp_motion_driver.o
    0x08006de8   0x00000010   Code   RO         1425    i.dmp_register_tap_cb  inv_mpu_dmp_motion_driver.o
    0x08006df8   0x00000070   Code   RO         1427    i.dmp_set_fifo_rate  inv_mpu_dmp_motion_driver.o
    0x08006e68   0x00000138   Code   RO         1430    i.dmp_set_orientation  inv_mpu_dmp_motion_driver.o
    0x08006fa0   0x00000038   Code   RO         1433    i.dmp_set_shake_reject_thresh  inv_mpu_dmp_motion_driver.o
    0x08006fd8   0x00000026   Code   RO         1434    i.dmp_set_shake_reject_time  inv_mpu_dmp_motion_driver.o
    0x08006ffe   0x00000026   Code   RO         1435    i.dmp_set_shake_reject_timeout  inv_mpu_dmp_motion_driver.o
    0x08007024   0x00000046   Code   RO         1436    i.dmp_set_tap_axes  inv_mpu_dmp_motion_driver.o
    0x0800706a   0x00000026   Code   RO         1437    i.dmp_set_tap_count  inv_mpu_dmp_motion_driver.o
    0x08007090   0x000001a0   Code   RO         1438    i.dmp_set_tap_thresh  inv_mpu_dmp_motion_driver.o
    0x08007230   0x00000026   Code   RO         1439    i.dmp_set_tap_time  inv_mpu_dmp_motion_driver.o
    0x08007256   0x00000026   Code   RO         1440    i.dmp_set_tap_time_multi  inv_mpu_dmp_motion_driver.o
    0x0800727c   0x000000a0   Code   RO         5157    i.eTaskGetState     tasks.o
    0x0800731c   0x00000004   Code   RO            5    i.event_task        main.o
    0x08007320   0x00000024   Code   RO          560    i.extractDataType   canard.o
    0x08007344   0x0000001a   Code   RO          561    i.extractTransferType  canard.o
    0x0800735e   0x00000018   Code   RO          562    i.findRxState       canard.o
    0x08007376   0x00000002   PAD
    0x08007378   0x0000001c   Code   RO         2766    i.fputc             usart.o
    0x08007394   0x00000078   Code   RO          563    i.freeBlock         canard.o
    0x0800740c   0x000004c0   Code   RO         1078    i.get_st_6500_biases  inv_mpu.o
    0x080078cc   0x0000035c   Code   RO         1080    i.gyro_6500_self_test  inv_mpu.o
    0x08007c28   0x00000026   Code   RO          565    i.initPoolAllocator  canard.o
    0x08007c4e   0x00000002   PAD
    0x08007c50   0x0000001c   Code   RO          787    i.inp               ds18.o
    0x08007c6c   0x0000006c   Code   RO            6    i.interrupt_task    main.o
    0x08007cd8   0x0000006a   Code   RO         1893    i.inv_apply_calibration  data_builder.o
    0x08007d42   0x00000072   Code   RO         1615    i.inv_convert_to_body_with_scale  ml_math_func.o
    0x08007db4   0x00000028   Code   RO         1627    i.inv_orientation_matrix_to_scalar  ml_math_func.o
    0x08007ddc   0x00000012   Code   RO         1630    i.inv_q30_mult      ml_math_func.o
    0x08007dee   0x0000004e   Code   RO         1646    i.inv_row_2_scale   ml_math_func.o
    0x08007e3c   0x00000050   Code   RO         1943    i.inv_set_accel_bias  data_builder.o
    0x08007e8c   0x00000074   Code   RO         1957    i.inv_set_gyro_bias  data_builder.o
    0x08007f00   0x0000001c   Code   RO         2355    i.inv_set_message   message_layer.o
    0x08007f1c   0x000001a8   Code   RO            7    i.main              main.o
    0x080080c4   0x00000070   Code   RO         1081    i.mpu_configure_fifo  inv_mpu.o
    0x08008134   0x0000004c   Code   RO         1082    i.mpu_get_accel_fsr  inv_mpu.o
    0x08008180   0x00000054   Code   RO         1084    i.mpu_get_accel_sens  inv_mpu.o
    0x080081d4   0x00000010   Code   RO         1089    i.mpu_get_fifo_config  inv_mpu.o
    0x080081e4   0x00000044   Code   RO         1090    i.mpu_get_gyro_fsr  inv_mpu.o
    0x08008228   0x00000050   Code   RO         1092    i.mpu_get_gyro_sens  inv_mpu.o
    0x08008278   0x00000050   Code   RO         1094    i.mpu_get_lpf       inv_mpu.o
    0x080082c8   0x00000020   Code   RO         1096    i.mpu_get_sample_rate  inv_mpu.o
    0x080082e8   0x000001b4   Code   RO         1098    i.mpu_init          inv_mpu.o
    0x0800849c   0x000000b8   Code   RO         1099    i.mpu_load_firmware  inv_mpu.o
    0x08008554   0x0000011c   Code   RO         1100    i.mpu_lp_accel_mode  inv_mpu.o
    0x08008670   0x00000080   Code   RO         1107    i.mpu_read_mem      inv_mpu.o
    0x080086f0   0x000001c8   Code   RO         1110    i.mpu_reset_fifo    inv_mpu.o
    0x080088b8   0x00000278   Code   RO         1111    i.mpu_run_6500_self_test  inv_mpu.o
    0x08008b30   0x00000084   Code   RO         1115    i.mpu_set_accel_fsr  inv_mpu.o
    0x08008bb4   0x0000014c   Code   RO         1116    i.mpu_set_bypass    inv_mpu.o
    0x08008d00   0x00000060   Code   RO         1117    i.mpu_set_compass_sample_rate  inv_mpu.o
    0x08008d60   0x00000090   Code   RO         1118    i.mpu_set_dmp_state  inv_mpu.o
    0x08008df0   0x00000088   Code   RO         1120    i.mpu_set_gyro_fsr  inv_mpu.o
    0x08008e78   0x0000006c   Code   RO         1121    i.mpu_set_int_latched  inv_mpu.o
    0x08008ee4   0x00000084   Code   RO         1123    i.mpu_set_lpf       inv_mpu.o
    0x08008f68   0x000000b4   Code   RO         1124    i.mpu_set_sample_rate  inv_mpu.o
    0x0800901c   0x00000168   Code   RO         1125    i.mpu_set_sensors   inv_mpu.o
    0x08009184   0x00000080   Code   RO         1126    i.mpu_write_mem     inv_mpu.o
    0x08009204   0x000000d4   Code   RO          442    i.onTransferReceived  can.o
    0x080092d8   0x0000001c   Code   RO          788    i.outp              ds18.o
    0x080092f4   0x00000070   Code   RO          568    i.prepareForNextTransfer  canard.o
    0x08009364   0x00000022   Code   RO          569    i.prependRxState    canard.o
    0x08009386   0x00000002   PAD
    0x08009388   0x00000098   Code   RO         5159    i.prvAddCurrentTaskToDelayedList  tasks.o
    0x08009420   0x000000dc   Code   RO         5160    i.prvAddNewTaskToReadyList  tasks.o
    0x080094fc   0x00000064   Code   RO         5525    i.prvCheckForValidListAndQueue  timers.o
    0x08009560   0x00000064   Code   RO         5161    i.prvCheckTasksWaitingTermination  tasks.o
    0x080095c4   0x0000002a   Code   RO         4923    i.prvCopyDataFromQueue  queue.o
    0x080095ee   0x0000007c   Code   RO         4924    i.prvCopyDataToQueue  queue.o
    0x0800966a   0x00000012   Code   RO         5162    i.prvDeleteTCB      tasks.o
    0x0800967c   0x00000028   Code   RO         5526    i.prvGetNextExpireTime  timers.o
    0x080096a4   0x0000007c   Code   RO         5655    i.prvHeapInit       heap_4.o
    0x08009720   0x00000028   Code   RO         5163    i.prvIdleTask       tasks.o
    0x08009748   0x0000003a   Code   RO         4926    i.prvInitialiseNewQueue  queue.o
    0x08009782   0x00000002   PAD
    0x08009784   0x000000d0   Code   RO         5164    i.prvInitialiseNewTask  tasks.o
    0x08009854   0x0000006c   Code   RO         5527    i.prvInitialiseNewTimer  timers.o
    0x080098c0   0x00000068   Code   RO         5165    i.prvInitialiseTaskLists  tasks.o
    0x08009928   0x00000068   Code   RO         5656    i.prvInsertBlockIntoFreeList  heap_4.o
    0x08009990   0x00000058   Code   RO         5528    i.prvInsertTimerInActiveList  timers.o
    0x080099e8   0x0000001a   Code   RO         4927    i.prvIsQueueEmpty   queue.o
    0x08009a02   0x0000001e   Code   RO         4928    i.prvIsQueueFull    queue.o
    0x08009a20   0x0000006a   Code   RO         5166    i.prvListTasksWithinSingleList  tasks.o
    0x08009a8a   0x00000002   PAD
    0x08009a8c   0x000000a0   Code   RO         4929    i.prvNotifyQueueSetContainer  queue.o
    0x08009b2c   0x00000080   Code   RO         5529    i.prvProcessExpiredTimer  timers.o
    0x08009bac   0x0000012c   Code   RO         5530    i.prvProcessReceivedCommands  timers.o
    0x08009cd8   0x00000074   Code   RO         5531    i.prvProcessTimerOrBlockTask  timers.o
    0x08009d4c   0x00000034   Code   RO         5167    i.prvResetNextTaskUnblockTime  tasks.o
    0x08009d80   0x0000002c   Code   RO         5532    i.prvSampleTimeNow  timers.o
    0x08009dac   0x000000bc   Code   RO         5533    i.prvSwitchTimerLists  timers.o
    0x08009e68   0x00000016   Code   RO         5168    i.prvTaskCheckFreeStackSpace  tasks.o
    0x08009e7e   0x00000002   PAD
    0x08009e80   0x00000070   Code   RO         5705    i.prvTaskExitError  port.o
    0x08009ef0   0x0000001a   Code   RO         5534    i.prvTimerTask      timers.o
    0x08009f0a   0x00000092   Code   RO         4930    i.prvUnlockQueue    queue.o
    0x08009f9c   0x00000154   Code   RO         5657    i.pvPortMalloc      heap_4.o
    0x0800a0f0   0x00000020   Code   RO         5171    i.pvTaskIncrementMutexHeldCount  tasks.o
    0x0800a110   0x00000024   Code   RO         5706    i.pxPortInitialiseStack  port.o
    0x0800a134   0x000000e8   Code   RO            8    i.query_task        main.o
    0x0800a21c   0x0000002e   Code   RO          571    i.releaseStatePayload  canard.o
    0x0800a24a   0x00000002   PAD
    0x0800a24c   0x000001fc   Code   RO            9    i.run_self_test     main.o
    0x0800a448   0x00000090   Code   RO         1127    i.set_int_enable    inv_mpu.o
    0x0800a4d8   0x00000238   Code   RO         1128    i.setup_compass     inv_mpu.o
    0x0800a710   0x000000f0   Code   RO          443    i.shouldAcceptTransfer  can.o
    0x0800a800   0x000001a0   Code   RO           10    i.start_task        main.o
    0x0800a9a0   0x00000090   Code   RO           11    i.tap_cb            main.o
    0x0800aa30   0x000000cc   Code   RO           12    i.temp_task         main.o
    0x0800aafc   0x0000000c   Code   RO          789    i.tickDelay         ds18.o
    0x0800ab08   0x0000003c   Code   RO          573    i.traverseRxStates  canard.o
    0x0800ab44   0x000000a0   Code   RO         2767    i.uart_init         usart.o
    0x0800abe4   0x00000028   Code   RO         4886    i.uxListRemove      list.o
    0x0800ac0c   0x0000000c   Code   RO         5173    i.uxTaskGetNumberOfTasks  tasks.o
    0x0800ac18   0x000000b0   Code   RO         5174    i.uxTaskGetSystemState  tasks.o
    0x0800acc8   0x0000001a   Code   RO         4887    i.vListInitialise   list.o
    0x0800ace2   0x00000006   Code   RO         4888    i.vListInitialiseItem  list.o
    0x0800ace8   0x00000034   Code   RO         4889    i.vListInsert       list.o
    0x0800ad1c   0x00000018   Code   RO         4890    i.vListInsertEnd    list.o
    0x0800ad34   0x00000088   Code   RO         5708    i.vPortEnterCritical  port.o
    0x0800adbc   0x00000070   Code   RO         5709    i.vPortExitCritical  port.o
    0x0800ae2c   0x000000b8   Code   RO         5658    i.vPortFree         heap_4.o
    0x0800aee4   0x00000020   Code   RO         5710    i.vPortSetupTimerInterrupt  port.o
    0x0800af04   0x000000a0   Code   RO         5711    i.vPortValidateInterruptPriority  port.o
    0x0800afa4   0x00000044   Code   RO         4936    i.vQueueAddToRegistry  queue.o
    0x0800afe8   0x0000004a   Code   RO         4940    i.vQueueWaitForMessageRestricted  queue.o
    0x0800b032   0x00000002   PAD
    0x0800b034   0x0000007c   Code   RO         5179    i.vTaskDelay        tasks.o
    0x0800b0b0   0x00000124   Code   RO         5181    i.vTaskDelete       tasks.o
    0x0800b1d4   0x00000078   Code   RO         5183    i.vTaskGetInfo      tasks.o
    0x0800b24c   0x0000000c   Code   RO         5185    i.vTaskMissedYield  tasks.o
    0x0800b258   0x00000054   Code   RO         5187    i.vTaskPlaceOnEventList  tasks.o
    0x0800b2ac   0x00000060   Code   RO         5188    i.vTaskPlaceOnEventListRestricted  tasks.o
    0x0800b30c   0x000000c0   Code   RO         5190    i.vTaskPriorityInherit  tasks.o
    0x0800b3cc   0x0000004c   Code   RO         5194    i.vTaskSetTimeOutState  tasks.o
    0x0800b418   0x000000ac   Code   RO         5195    i.vTaskStartScheduler  tasks.o
    0x0800b4c4   0x00000010   Code   RO         5197    i.vTaskSuspendAll   tasks.o
    0x0800b4d4   0x000000cc   Code   RO         5198    i.vTaskSwitchContext  tasks.o
    0x0800b5a0   0x0000001a   Code   RO         4782    i.xEventGroupCreate  event_groups.o
    0x0800b5ba   0x00000002   PAD
    0x0800b5bc   0x000000a0   Code   RO         5712    i.xPortStartScheduler  port.o
    0x0800b65c   0x00000034   Code   RO         5713    i.xPortSysTickHandler  port.o
    0x0800b690   0x00000074   Code   RO         4945    i.xQueueGenericCreate  queue.o
    0x0800b704   0x00000240   Code   RO         4946    i.xQueueGenericReceive  queue.o
    0x0800b944   0x000000b0   Code   RO         4947    i.xQueueGenericReset  queue.o
    0x0800b9f4   0x000001f4   Code   RO         4948    i.xQueueGenericSend  queue.o
    0x0800bbe8   0x00000134   Code   RO         4949    i.xQueueGenericSendFromISR  queue.o
    0x0800bd1c   0x000000a0   Code   RO         5199    i.xTaskCheckForTimeOut  tasks.o
    0x0800bdbc   0x00000060   Code   RO         5200    i.xTaskCreate       tasks.o
    0x0800be1c   0x00000020   Code   RO         5205    i.xTaskGetSchedulerState  tasks.o
    0x0800be3c   0x0000000c   Code   RO         5206    i.xTaskGetTickCount  tasks.o
    0x0800be48   0x00000014   Code   RO         5207    i.xTaskGetTickCountFromISR  tasks.o
    0x0800be5c   0x00000168   Code   RO         5208    i.xTaskIncrementTick  tasks.o
    0x0800bfc4   0x000000e8   Code   RO         5211    i.xTaskPriorityDisinherit  tasks.o
    0x0800c0ac   0x000000b8   Code   RO         5212    i.xTaskRemoveFromEventList  tasks.o
    0x0800c164   0x00000124   Code   RO         5214    i.xTaskResumeAll    tasks.o
    0x0800c288   0x00000030   Code   RO         5537    i.xTimerCreate      timers.o
    0x0800c2b8   0x00000074   Code   RO         5538    i.xTimerCreateTimerTask  timers.o
    0x0800c32c   0x000000a4   Code   RO         5539    i.xTimerGenericCommand  timers.o
    0x0800c3d0   0x0000002c   Code   RO         6846    locale$$code        c_w.l(lc_numeric_c.o)
    0x0800c3fc   0x00000018   Code   RO         6730    x$fpl$dcmpinf       fz_ws.l(dcmpi.o)
    0x0800c414   0x0000005e   Code   RO         6618    x$fpl$dfix          fz_ws.l(dfix.o)
    0x0800c472   0x0000002e   Code   RO         6623    x$fpl$dflt          fz_ws.l(dflt_clz.o)
    0x0800c4a0   0x00000078   Code   RO         6628    x$fpl$dleqf         fz_ws.l(dleqf.o)
    0x0800c518   0x00000154   Code   RO         6630    x$fpl$dmul          fz_ws.l(dmul.o)
    0x0800c66c   0x0000009c   Code   RO         6732    x$fpl$dnaninf       fz_ws.l(dnaninf.o)
    0x0800c708   0x0000000c   Code   RO         6734    x$fpl$dretinf       fz_ws.l(dretinf.o)
    0x0800c714   0x0000006c   Code   RO         6632    x$fpl$drleqf        fz_ws.l(drleqf.o)
    0x0800c780   0x00000056   Code   RO         6634    x$fpl$f2d           fz_ws.l(f2d.o)
    0x0800c7d6   0x00000002   PAD
    0x0800c7d8   0x000000c4   Code   RO         6636    x$fpl$fadd          fz_ws.l(faddsub_clz.o)
    0x0800c89c   0x00000018   Code   RO         6738    x$fpl$fcmpinf       fz_ws.l(fcmpi.o)
    0x0800c8b4   0x00000184   Code   RO         6643    x$fpl$fdiv          fz_ws.l(fdiv.o)
    0x0800ca38   0x00000036   Code   RO         6648    x$fpl$ffix          fz_ws.l(ffix.o)
    0x0800ca6e   0x00000002   PAD
    0x0800ca70   0x0000003e   Code   RO         6652    x$fpl$ffixu         fz_ws.l(ffixu.o)
    0x0800caae   0x00000002   PAD
    0x0800cab0   0x00000030   Code   RO         6657    x$fpl$fflt          fz_ws.l(fflt_clz.o)
    0x0800cae0   0x00000026   Code   RO         6656    x$fpl$ffltu         fz_ws.l(fflt_clz.o)
    0x0800cb06   0x00000002   PAD
    0x0800cb08   0x00000068   Code   RO         6662    x$fpl$fleqf         fz_ws.l(fleqf.o)
    0x0800cb70   0x00000102   Code   RO         6664    x$fpl$fmul          fz_ws.l(fmul.o)
    0x0800cc72   0x0000008c   Code   RO         6740    x$fpl$fnaninf       fz_ws.l(fnaninf.o)
    0x0800ccfe   0x0000000a   Code   RO         6742    x$fpl$fretinf       fz_ws.l(fretinf.o)
    0x0800cd08   0x00000062   Code   RO         6666    x$fpl$frleqf        fz_ws.l(frleqf.o)
    0x0800cd6a   0x00000002   PAD
    0x0800cd6c   0x000000ea   Code   RO         6638    x$fpl$fsub          fz_ws.l(faddsub_clz.o)
    0x0800ce56   0x00000004   Code   RO         6668    x$fpl$printf1       fz_ws.l(printf1.o)
    0x0800ce5a   0x00000000   Code   RO         6748    x$fpl$usenofp       fz_ws.l(usenofp.o)
    0x0800ce5a   0x00000002   PAD
    0x0800ce5c   0x00000268   Data   RO         1129    .constdata          inv_mpu.o
    0x0800d0c4   0x00000bf6   Data   RO         1442    .constdata          inv_mpu_dmp_motion_driver.o
    0x0800dcba   0x00000002   PAD
    0x0800dcbc   0x00000008   Data   RO         5808    .constdata          segger_sysview_freertos.o
    0x0800dcc4   0x0000001a   Data   RO         6129    .constdata          segger_sysview.o
    0x0800dcde   0x00000028   Data   RO         6542    .constdata          c_w.l(_printf_hex_int.o)
    0x0800dd06   0x00000002   PAD
    0x0800dd08   0x00000094   Data   RO         6817    .constdata          c_w.l(bigflt0.o)
    0x0800dd9c   0x00000056   Data   RO          575    .conststring        canard.o
    0x0800ddf2   0x00000002   PAD
    0x0800ddf4   0x00000050   Data   RO         5809    .conststring        segger_sysview_freertos.o
    0x0800de44   0x00000020   Data   RO         7005    Region$$Table       anon$$obj.o
    0x0800de64   0x0000001c   Data   RO         6845    locale$$data        c_w.l(lc_numeric_c.o)


    Execution Region ER_RW (Base: 0x20000000, Size: 0x0000015c, Max: 0xffffffff, ABSOLUTE, COMPRESSED[0x00000038])

    Base Addr    Size         Type   Attr      Idx    E Section Name        Object

    0x20000000   0x00000052   Data   RW           14    .data               main.o
    0x20000052   0x00000002   PAD
    0x20000054   0x00000014   Data   RW          369    .data               system_stm32f10x.o
    0x20000068   0x0000000d   Data   RW          446    .data               can.o
    0x20000075   0x00000001   PAD
    0x20000076   0x00000002   Data   RW         1029    .data               i2c.o
    0x20000078   0x00000038   Data   RW         1130    .data               inv_mpu.o
    0x200000b0   0x00000004   Data   RW         2356    .data               message_layer.o
    0x200000b4   0x00000004   Data   RW         2696    .data               delay.o
    0x200000b8   0x00000006   Data   RW         2769    .data               usart.o
    0x200000be   0x00000014   Data   RW         3036    .data               stm32f10x_rcc.o
    0x200000d2   0x00000002   PAD
    0x200000d4   0x0000003c   Data   RW         5217    .data               tasks.o
    0x20000110   0x00000014   Data   RW         5547    .data               timers.o
    0x20000124   0x00000018   Data   RW         5663    .data               heap_4.o
    0x2000013c   0x0000000c   Data   RW         5714    .data               port.o
    0x20000148   0x00000004   Data   RW         5810    .data               segger_sysview_freertos.o
    0x2000014c   0x0000000d   Data   RW         6130    .data               segger_sysview.o


    Execution Region ER_ZI (Base: 0x2000015c, Size: 0x0000bef4, Max: 0xffffffff, ABSOLUTE)

    Base Addr    Size         Type   Attr      Idx    E Section Name        Object

    0x2000015c   0x00000148   Zero   RW           13    .bss                main.o
    0x200002a4   0x00000004   PAD
    0x200002a8   0x000005ac   Zero   RW          444    .bss                can.o
    0x20000854   0x00000010   Zero   RW         1441    .bss                inv_mpu_dmp_motion_driver.o
    0x20000864   0x00000004   PAD
    0x20000868   0x00000310   Zero   RW         1964    .bss                data_builder.o
    0x20000b78   0x000000c8   Zero   RW         2768    .bss                usart.o
    0x20000c40   0x00000040   Zero   RW         4960    .bss                queue.o
    0x20000c80   0x000002e4   Zero   RW         5216    .bss                tasks.o
    0x20000f64   0x00000028   Zero   RW         5546    .bss                timers.o
    0x20000f8c   0x0000a000   Zero   RW         5662    .bss                heap_4.o
    0x2000af8c   0x000000a0   Zero   RW         5807    .bss                segger_sysview_freertos.o
    0x2000b02c   0x000004b8   Zero   RW         5888    .bss                segger_rtt.o
    0x2000b4e4   0x0000050b   Zero   RW         6128    .bss                segger_sysview.o
    0x2000b9ef   0x00000001   PAD
    0x2000b9f0   0x00000060   Zero   RW         6861    .bss                c_w.l(libspace.o)
    0x2000ba50   0x00000200   Zero   RW         2824    HEAP                startup_stm32f10x_hd.o
    0x2000bc50   0x00000400   Zero   RW         2823    STACK               startup_stm32f10x_hd.o


==============================================================================

Image component sizes


      Code (inc. data)   RO Data    RW Data    ZI Data      Debug   Object Name

       380         26          0          0          0       4661   adc.o
       956        126          0         13       1452       6576   can.o
      2400        290         86          0          0      20894   canard.o
       302         28          0          0        784       5761   data_builder.o
       284         32          0          4          0       2625   delay.o
       648         56          0          0          0       4340   ds1302.o
       674         44          0          0          0       5997   ds18.o
        26          0          0          0          0      11128   event_groups.o
       752        176          0         24      40960       3719   heap_4.o
      1700         58          0          2          0       7501   i2c.o
      8876       1140        616         56          0      29027   inv_mpu.o
      1960        110       3062          0         16      17344   inv_mpu_dmp_motion_driver.o
        64         12          0          0          0        455   led.o
       148          0          0          0          0       2910   list.o
      2540       1076          0         82        328     321319   main.o
        28          4          0          4          0       1150   message_layer.o
       172         22          0          0          0       1901   misc.o
       250          0          0          0          0       5947   ml_math_func.o
       200        146          0          0          0        527   mpu9250.o
       950        320          0         12          0       9757   port.o
      2404        238          0          0         64      14861   queue.o
       776         54          0          0       1208       8069   segger_rtt.o
      3012        190         26         13       1291      27139   segger_sysview.o
       132         90          0          0          0       1034   segger_sysview_config_freertos.o
       716         40         88          4        160       5536   segger_sysview_freertos.o
        64         26        304          0       1536        768   startup_stm32f10x_hd.o
       460         24          0          0          0       7011   stm32f10x_adc.o
       886         12          0          0          0       4455   stm32f10x_can.o
       538         36          0          0          0       5864   stm32f10x_dma.o
       448          6          0          0          0       4262   stm32f10x_gpio.o
       532         20          0          0          0       8758   stm32f10x_i2c.o
        20          0          0          0          0       2245   stm32f10x_it.o
       396         56          0         20          0       6347   stm32f10x_rcc.o
      1262        150          0          0          0      12713   stm32f10x_tim.o
       408          6          0          0          0       4766   stm32f10x_usart.o
         0          0          0          0          0         32   sys.o
       328         28          0         20          0       1897   system_stm32f10x.o
      4178        986          0         60        740      31901   tasks.o
      1466        352          0         20         40       9570   timers.o
      1820        142          0          0          0       7422   ultrasonic.o
       332         26          0          6        200       4371   usart.o

    ----------------------------------------------------------------------
     43546       6148       4218        348      48788     632560   Object Totals
         0          0         32          0          0          0   (incl. Generated)
        58          0          4          8          9          0   (incl. Padding)

    ----------------------------------------------------------------------

      Code (inc. data)   RO Data    RW Data    ZI Data      Debug   Library Member Name

        90          0          0          0          0          0   __dczerorl2.o
         8          0          0          0          0         68   __main.o
       352          0          0          0          0         88   __printf_ss_wp.o
        14          0          0          0          0         68   __printf_wp.o
         0          0          0          0          0          0   __rtentry.o
        12          0          0          0          0          0   __rtentry2.o
         6          0          0          0          0          0   __rtentry4.o
        52          8          0          0          0          0   __scatter.o
        28          0          0          0          0          0   __scatter_zi.o
        44          0          0          0          0        108   _printf_char.o
        48          6          0          0          0         96   _printf_char_common.o
        36          4          0          0          0         80   _printf_char_file.o
         6          0          0          0          0          0   _printf_d.o
       120         16          0          0          0         92   _printf_dec.o
         6          0          0          0          0          0   _printf_f.o
      1050          0          0          0          0        216   _printf_fp_dec.o
       128         16          0          0          0         84   _printf_fp_infnan.o
        88          4         40          0          0         88   _printf_hex_int.o
       178          0          0          0          0         88   _printf_intcommon.o
        78          0          0          0          0        108   _printf_pad.o
         0          0          0          0          0          0   _printf_percent.o
         4          0          0          0          0          0   _printf_percent_end.o
         6          0          0          0          0          0   _printf_s.o
        82          0          0          0          0         80   _printf_str.o
         6          0          0          0          0          0   _printf_x.o
        22          0          0          0          0         80   abort.o
        16          0          0          0          0         68   aeabi_memset.o
       128         42          0          0          0         76   assert.o
        20          0          0          0          0         76   assert_puts.o
       220          4        148          0          0         96   bigflt0.o
      1910        128          0          0          0        672   btod.o
        48         34          0          0          0         76   defsig_abrt_inner.o
        14          0          0          0          0         80   defsig_abrt_outer.o
        10          0          0          0          0         68   defsig_exit.o
        50          0          0          0          0         88   defsig_general.o
        18          0          0          0          0         80   exit.o
         8          0          0          0          0         68   ferror.o
         6          0          0          0          0        152   heapauxi.o
        44         10         28          0          0         76   lc_numeric_c.o
         2          0          0          0          0          0   libinit.o
        18          0          0          0          0          0   libinit2.o
         2          0          0          0          0          0   libshutdown.o
         2          0          0          0          0          0   libshutdown2.o
         8          4          0          0         96         68   libspace.o
        72          0          0          0          0         76   llsdiv.o
       138          0          0          0          0         80   lludiv10.o
       238          0          0          0          0        100   lludivv7m.o
        38          0          0          0          0         68   llushr.o
        88          0          0          0          0         76   memcmp.o
        24          4          0          0          0         84   noretval__2printf.o
         8          4          0          0          0         68   rt_locale_intlibspace.o
        68          0          0          0          0         68   rt_memclr.o
        78          0          0          0          0         80   rt_memclr_w.o
       138          0          0          0          0         68   rt_memcpy_v6.o
       100          0          0          0          0         80   rt_memcpy_w.o
         2          0          0          0          0          0   rtexit.o
        10          0          0          0          0          0   rtexit2.o
       128          0          0          0          0         68   strcmpv7m.o
        72          0          0          0          0         80   strcpy.o
        74          0          0          0          0         80   sys_stackheap_outer.o
         2          0          0          0          0         68   use_no_semi.o
         2          0          0          0          0         68   use_no_semi_2.o
        24          0          0          0          0         68   dcmpi.o
        94          4          0          0          0         92   dfix.o
        46          0          0          0          0         68   dflt_clz.o
       120          4          0          0          0         92   dleqf.o
       340         12          0          0          0        104   dmul.o
       156          4          0          0          0         92   dnaninf.o
        12          0          0          0          0         68   dretinf.o
       108          0          0          0          0         80   drleqf.o
        86          4          0          0          0         84   f2d.o
       430          8          0          0          0        168   faddsub_clz.o
        24          0          0          0          0         68   fcmpi.o
       388         76          0          0          0         96   fdiv.o
        54          4          0          0          0         84   ffix.o
        62          4          0          0          0         84   ffixu.o
        86          0          0          0          0        136   fflt_clz.o
       104          4          0          0          0         84   fleqf.o
       258          4          0          0          0         84   fmul.o
       140          4          0          0          0         84   fnaninf.o
        10          0          0          0          0         68   fretinf.o
        98          0          0          0          0         68   frleqf.o
         4          0          0          0          0         68   printf1.o
         0          0          0          0          0          0   usenofp.o
        40          0          0          0          0         68   fpclassify.o

    ----------------------------------------------------------------------
      8978        416        218          0         96       6208   Library Totals
        26          0          2          0          0          0   (incl. Padding)

    ----------------------------------------------------------------------

      Code (inc. data)   RO Data    RW Data    ZI Data      Debug   Library Name

      6268        284        216          0         96       4300   c_w.l
      2644        132          0          0          0       1840   fz_ws.l
        40          0          0          0          0         68   m_ws.l

    ----------------------------------------------------------------------
      8978        416        218          0         96       6208   Library Totals

    ----------------------------------------------------------------------

==============================================================================


      Code (inc. data)   RO Data    RW Data    ZI Data      Debug   

     52524       6564       4436        348      48884     616664   Grand Totals
     52524       6564       4436         56      48884     616664   ELF Image Totals (compressed)
     52524       6564       4436         56          0          0   ROM Totals

==============================================================================

    Total RO  Size (Code + RO Data)                56960 (  55.63kB)
    Total RW  Size (RW Data + ZI Data)             49232 (  48.08kB)
    Total ROM Size (Code + RO Data + RW Data)      57016 (  55.68kB)

==============================================================================

