<html>
<body>
<pre>
<h1>µVision Build Log</h1>
<h2>Tool Versions:</h2>
IDE-Version: ¦ÌVision V5.16.0.0
Copyright (C) 2015 ARM Ltd and ARM Germany GmbH. All rights reserved.
License Information: webst webst, webst, LIC=DSNRA-1IPKG-EZ2WX-H2HZI-ZNP0F-8NAIZ
 
Tool Versions:
Toolchain:       MDK-ARM Professional  Version: 5.16.0.0
Toolchain Path:  D:\ProgramsX86\Installation_Program\8_th\ARM\ARMCC\Bin
C Compiler:      Armcc.exe V5.06 (build 20)
Assembler:       Armasm.exe V5.06 (build 20)
Linker/Locator:  ArmLink.exe V5.06 (build 20)
Library Manager: ArmAr.exe V5.06 (build 20)
Hex Converter:   FromElf.exe V5.06 (build 20)
CPU DLL:         SARMCM3.DLL V5.16.0.0
Dialog DLL:      DCM.DLL V1.13.2.0
Target DLL:      Segger\JL2CM3.dll V2.99.15.2
Dialog DLL:      TCM.DLL V1.14.5.0
 
<h2>Project:</h2>
D:\GitRepository\FW\SensorBoard\USER\CoreSensorBoard.uvprojx
Project File Date:  05/12/2019

<h2>Output:</h2>
*** Using Compiler 'V5.06 (build 20)', folder: 'D:\ProgramsX86\Installation_Program\8_th\ARM\ARMCC\Bin'
Build target 'SensorBoard'
compiling led.c...
compiling DS18.c...
compiling can.c...
compiling i2c.c...
compiling adc.c...
compiling ultrasonic.c...
compiling main.c...
main.c(56): warning:  #177-D: variable "compass_pdata" was declared but never referenced
  static struct platform_data_s compass_pdata = {
main.c: 1 warning, 0 errors
compiling MPU9250.c...
compiling delay.c...
compiling inv_mpu_dmp_motion_driver.c...
compiling inv_mpu.c...
linking...
Program Size: Code=52524 RO-data=4436 RW-data=348 ZI-data=48884  
FromELF: creating hex file...
"..\OBJ\SensorBoard_v1.0" - 0 Error(s), 1 Warning(s).

<h2>Collection of Component include folders:</h2>
  D:\GitRepository\FW\SensorBoard\USER\RTE
  D:\ProgramsX86\Installation_Program\8_th\ARM\PACK\Keil\STM32F1xx_DFP\2.2.0\Device\Include

<h2>Collection of Component Files used:</h2>
Build Time Elapsed:  00:00:04
</pre>
</body>
</html>
